******************************************************************************
            TI ARM Clang Linker PC v4.0.0                      
******************************************************************************
>> Linked Wed Jul 30 21:30:25 2025

OUTPUT FILE NAME:   <ti_car.out>
ENTRY POINT SYMBOL: "_c_int00_noargs"  address: 000072a9


MEMORY CONFIGURATION

         name            origin    length      used     unused   attr    fill
----------------------  --------  ---------  --------  --------  ----  --------
  FLASH                 00000000   00020000  000093e0  00016c20  R  X
  SRAM                  20200000   00008000  00000dc2  0000723e  RW X
  BCR_CONFIG            41c00000   000000ff  00000000  000000ff  R   
  BSL_CONFIG            41c00100   00000080  00000000  00000080  R   


SEGMENT ALLOCATION MAP

run origin  load origin   length   init length attrs members
----------  ----------- ---------- ----------- ----- -------
00000000    00000000    000093e0   000093e0    r-x
  00000000    00000000    000000c0   000000c0    r-- .intvecs
  000000c0    000000c0    000075a0   000075a0    r-x .text
  00007660    00007660    00001d00   00001d00    r-- .rodata
  00009360    00009360    00000080   00000080    r-- .cinit
20200000    20200000    00000bc5   00000000    rw-
  20200000    20200000    0000094d   00000000    rw- .bss
  20200950    20200950    00000275   00000000    rw- .data
20207e00    20207e00    00000200   00000000    rw-
  20207e00    20207e00    00000200   00000000    rw- .stack


SECTION ALLOCATION MAP

 output                                  attributes/
section   page    origin      length       input sections
--------  ----  ----------  ----------   ----------------
.intvecs   0    00000000    000000c0     
                  00000000    000000c0     startup_mspm0g350x_ticlang.o (.intvecs)

.text      0    000000c0    000075a0     
                  000000c0    000012a4     hw_oled.o (.text.OLED_Init)
                  00001364    00000a90     hw_oled.o (.text.OLED_Clear)
                  00001df4    000009d0     libc.a : _printfi.c.obj (.text:__TI_printfi)
                  000027c4    00000360     ekf_yaw.o (.text.Ekf_yaw_Forecast)
                  00002b24    000002b4     hw_oled.o (.text.OLED_Refresh)
                  00002dd8    00000274     BMI088driver.o (.text.bmi088_accel_init)
                  0000304c    00000270     hw_oled.o (.text.OLED_ShowChar)
                  000032bc    00000234     No_Mcu_gray.o (.text.normalizeAnalogValues)
                  000034f0    00000224     BMI088driver.o (.text.bmi088_gyro_init)
                  00003714    00000220     libc.a : _printfi.c.obj (.text._pconv_a)
                  00003934    00000214     app_oled.o (.text.menu_task)
                  00003b48    00000210     No_Mcu_gray.o (.text.no_gray_work)
                  00003d58    000001dc     libc.a : _printfi.c.obj (.text._pconv_g)
                  00003f34    000001cc     ekf_yaw.o (.text.EKF_Predict)
                  00004100    000001c8     libc.a : s_atanf.c.obj (.text.atanf)
                  000042c8    000001ac     No_Mcu_gray.o (.text.no_gray_init_all)
                  00004474    00000194     BMI088driver.o (.text.BMI088_read)
                  00004608    00000192     libclang_rt.builtins.a : adddf3.S.obj (.text.adddf3_subdf3)
                  0000479a    00000002     BMI088Middleware.o (.text.BMI088_GPIO_init)
                  0000479c    0000018c     No_Mcu_gray.o (.text.No_MCU_Ganv_Sensor_Init)
                  00004928    00000160     No_Mcu_gray.o (.text.Get_Analog_value)
                  00004a88    0000013c     libc.a : _printfi.c.obj (.text.fcvt)
                  00004bc4    00000120            : _printfi.c.obj (.text._pconv_e)
                  00004ce4    00000118            : e_atan2f.c.obj (.text.atan2f)
                  00004dfc    0000010c     libclang_rt.builtins.a : divdf3.S.obj (.text.__divdf3)
                  00004f08    00000104     driverlib.a : dl_timer.o (.text.DL_Timer_initFourCCPWMMode)
                  0000500c    000000e8                 : dl_timer.o (.text.DL_Timer_initTimerMode)
                  000050f4    000000e8     hw_oled.o (.text.OLED_DisPlay_On)
                  000051dc    000000e8     ti_msp_dl_config.o (.text.SYSCFG_DL_GPIO_init)
                  000052c4    000000e4     libclang_rt.builtins.a : muldf3.S.obj (.text.__muldf3)
                  000053a8    000000dc     driverlib.a : dl_sysctl_mspm0g1x0x_g3x0x.o (.text.DL_SYSCTL_configSYSPLL)
                  00005484    000000d8     libc.a : s_scalbn.c.obj (.text.scalbn)
                  0000555c    000000d8     libclang_rt.builtins.a : addsf3.S.obj (.text)
                  00005634    000000d4     ekf_yaw.o (.text.Yaw_Task)
                  00005708    000000d4     pid_user.o (.text.line3_loop_update)
                  000057dc    000000cc     encoder_user.o (.text.Encoder_Task)
                  000058a8    000000b0     ti_msp_dl_config.o (.text.SYSCFG_DL_UART_0_init)
                  00005958    000000a6     hw_oled.o (.text.OLED_Printf)
                  000059fe    00000002     BMI088Middleware.o (.text.BMI088_com_init)
                  00005a00    000000a2     libclang_rt.builtins.a : udivmoddi4.S.obj (.text)
                  00005aa2    00000002     startup_mspm0g350x_ticlang.o (.text.Default_Handler)
                  00005aa4    000000a0     hw_encoder.o (.text.GROUP1_IRQHandler)
                  00005b44    000000a0     multi_button_user.o (.text.key_proc)
                  00005be4    000000a0     libc.a : e_sqrtf.c.obj (.text.sqrtf)
                  00005c84    0000009a            : memcpy16.S.obj (.text:memcpy)
                  00005d1e    00000002     ti_msp_dl_config.o (.text.SYSCFG_DL_SYSTICK_init)
                  00005d20    00000094     ti_msp_dl_config.o (.text.SYSCFG_DL_initPower)
                  00005db4    0000008c     system.o (.text.TIMA0_IRQHandler)
                  00005e40    0000008c     libclang_rt.builtins.a : mulsf3.S.obj (.text.__mulsf3)
                  00005ecc    00000086     pid.o (.text.pid_calculate_positional)
                  00005f52    00000002     libclang_rt.builtins.a : aeabi_div0.c.obj (.text.__aeabi_idiv0)
                  00005f54    00000084     ti_msp_dl_config.o (.text.SYSCFG_DL_SYSCTL_init)
                  00005fd8    00000082     libclang_rt.builtins.a : divsf3.S.obj (.text.__divsf3)
                  0000605a    00000002                            : aeabi_div0.c.obj (.text.__aeabi_ldiv0)
                  0000605c    0000007c     libc.a : copy_decompress_lzss.c.obj (.text:decompress:lzss)
                  000060d8    00000074     libclang_rt.builtins.a : comparedf2.c.obj (.text.__gedf2)
                  0000614c    00000004     libc.a : pre_init.c.obj (.text._system_pre_init)
                  00006150    00000074     libclang_rt.builtins.a : truncdfsf2.S.obj (.text.__truncdfsf2)
                  000061c4    00000070     ti_msp_dl_config.o (.text.SYSCFG_DL_PWM_MOTOR_L_init)
                  00006234    00000070     ti_msp_dl_config.o (.text.SYSCFG_DL_PWM_MOTOR_R_init)
                  000062a4    00000070     ti_msp_dl_config.o (.text.SYSCFG_DL_UART_1_init)
                  00006314    0000006c     adc_app.o (.text.adc_getValue)
                  00006380    0000006c     Bsp_Motor.o (.text.load_motor_pwm)
                  000063ec    00000068     libclang_rt.builtins.a : comparedf2.c.obj (.text.__ledf2)
                  00006454    00000066     libc.a : _printfi.c.obj (.text._mcpy)
                  000064ba    00000002            : _lock.c.obj (.text._nop)
                  000064bc    00000064     driverlib.a : dl_sysctl_mspm0g1x0x_g3x0x.o (.text.DL_SYSCTL_setHFCLKSourceHFXTParams)
                  00006520    00000062     libclang_rt.builtins.a : aeabi_dcmp.S.obj (.text.__aeabi_dcmp)
                  00006582    00000002     --HOLE-- [fill = 0]
                  00006584    00000062                            : aeabi_fcmp.S.obj (.text.__aeabi_fcmp)
                  000065e6    00000062     libc.a : memset16.S.obj (.text:memset)
                  00006648    00000060     empty.o (.text.main)
                  000066a8    0000005e     driverlib.a : dl_i2c.o (.text.DL_I2C_fillControllerTXFIFO)
                  00006706    00000002     --HOLE-- [fill = 0]
                  00006708    0000005c     libc.a : s_frexp.c.obj (.text.frexp)
                  00006764    0000005c            : printf.c.obj (.text.printf)
                  000067c0    00000058     ti_msp_dl_config.o (.text.SYSCFG_DL_init)
                  00006818    00000058     libc.a : _ltoa.c.obj (.text.__TI_ltoa)
                  00006870    00000058            : _printfi.c.obj (.text._pconv_f)
                  000068c8    00000058     system.o (.text.task_run)
                  00006920    00000056     libclang_rt.builtins.a : aeabi_idivmod.S.obj (.text.__aeabi_idivmod)
                  00006976    00000002     --HOLE-- [fill = 0]
                  00006978    00000054     ti_msp_dl_config.o (.text.SYSCFG_DL_I2C_GRAY_init)
                  000069cc    00000054     ti_msp_dl_config.o (.text.SYSCFG_DL_I2C_OLED_init)
                  00006a20    00000052     libc.a : _printfi.c.obj (.text._ecpy)
                  00006a72    00000002     --HOLE-- [fill = 0]
                  00006a74    0000004c     driverlib.a : dl_dma.o (.text.DL_DMA_initChannel)
                  00006ac0    0000004c     ti_msp_dl_config.o (.text.SYSCFG_DL_ADC_GRAY_init)
                  00006b0c    0000004c     ti_msp_dl_config.o (.text.SYSCFG_DL_SPI_BMI_init)
                  00006b58    0000004a     libclang_rt.builtins.a : fixdfsi.S.obj (.text.__fixdfsi)
                  00006ba2    00000002     --HOLE-- [fill = 0]
                  00006ba4    00000048     driverlib.a : dl_uart.o (.text.DL_UART_init)
                  00006bec    00000048     hw_encoder.o (.text.Encoder_Driver_Update)
                  00006c34    00000048     ti_msp_dl_config.o (.text.SYSCFG_DL_TIMER_TICK_init)
                  00006c7c    00000048     uart_app.o (.text.UART0_IRQHandler)
                  00006cc4    00000044     driverlib.a : dl_spi.o (.text.DL_SPI_init)
                  00006d08    00000044                 : dl_sysctl_mspm0g1x0x_g3x0x.o (.text.DL_SYSCTL_switchMCLKfromSYSOSCtoHSCLK)
                  00006d4c    00000040                 : dl_adc12.o (.text.DL_ADC12_setClockConfig)
                  00006d8c    00000040     libclang_rt.builtins.a : aeabi_uidivmod.S.obj (.text.__aeabi_uidivmod)
                  00006dcc    00000040                            : extendsfdf2.S.obj (.text.__extendsfdf2)
                  00006e0c    00000040     libc.a : atoi.c.obj (.text.atoi)
                  00006e4c    00000040     hw_encoder.o (.text.encoder_init)
                  00006e8c    00000040     uart_app.o (.text.uart_proc)
                  00006ecc    00000040     libc.a : vsnprintf.c.obj (.text.vsnprintf)
                  00006f0c    0000003c     libclang_rt.builtins.a : floatsisf.S.obj (.text.__floatsisf)
                  00006f48    0000003c                            : comparesf2.S.obj (.text.__gtsf2)
                  00006f84    0000003c     uart_app.o (.text.fputs)
                  00006fc0    0000003c     libc.a : autoinit.c.obj (.text:__TI_auto_init_nobinit_nopinit)
                  00006ffc    0000003a     libclang_rt.builtins.a : comparesf2.S.obj (.text.__eqsf2)
                  00007036    00000002     --HOLE-- [fill = 0]
                  00007038    0000003a                            : muldsi3.S.obj (.text.__muldsi3)
                  00007072    00000002     --HOLE-- [fill = 0]
                  00007074    00000038                            : fixsfsi.S.obj (.text.__fixsfsi)
                  000070ac    00000038     libc.a : sprintf.c.obj (.text.sprintf)
                  000070e4    00000034     BMI088Middleware.o (.text.BMI088_read_write_byte)
                  00007118    00000034     uart_app.o (.text.uart0_send_string)
                  0000714c    00000030     libc.a : _printfi.c.obj (.text._fcpy)
                  0000717c    00000030            : vsnprintf.c.obj (.text._outs)
                  000071ac    0000002c     libclang_rt.builtins.a : floatsidf.S.obj (.text.__floatsidf)
                  000071d8    0000002c     pid_user.o (.text.yaw_loop_init)
                  00007204    0000002a     pid.o (.text.pid_constrain)
                  0000722e    00000002     --HOLE-- [fill = 0]
                  00007230    00000028     ti_msp_dl_config.o (.text.SYSCFG_DL_DMA_CH0_RX_init)
                  00007258    00000028     ti_msp_dl_config.o (.text.SYSCFG_DL_SYSCTL_CLK_init)
                  00007280    00000028     libclang_rt.builtins.a : floatunsisf.S.obj (.text.__floatunsisf)
                  000072a8    00000028     libc.a : boot_cortex_m.c.obj (.text:_c_int00_noargs)
                  000072d0    00000026     driverlib.a : dl_i2c.o (.text.DL_I2C_setClockConfig)
                  000072f6    00000002     --HOLE-- [fill = 0]
                  000072f8    00000024     libclang_rt.builtins.a : floatunsidf.S.obj (.text.__floatunsidf)
                  0000731c    00000024                            : muldi3.S.obj (.text.__muldi3)
                  00007340    00000022     libc.a : memccpy.c.obj (.text.memccpy)
                  00007362    00000002     --HOLE-- [fill = 0]
                  00007364    00000020     uart_app.o (.text.fputc)
                  00007384    0000001e     libclang_rt.builtins.a : ashldi3.S.obj (.text.__ashldi3)
                  000073a2    00000002     --HOLE-- [fill = 0]
                  000073a4    0000001c     driverlib.a : dl_timer.o (.text.DL_Timer_setCaptCompUpdateMethod)
                  000073c0    0000001c                 : dl_timer.o (.text.DL_Timer_setClockConfig)
                  000073dc    0000001c     No_Mcu_gray.o (.text.no_gray_adjust)
                  000073f8    0000001c     pid.o (.text.pid_init)
                  00007414    00000018     BMI088driver.o (.text.BMI088_init)
                  0000742c    00000018     driverlib.a : dl_timer.o (.text.DL_Timer_setCaptureCompareOutCtl)
                  00007444    00000018     ti_msp_dl_config.o (.text.SYSCFG_DL_DMA_CH1_TX_init)
                  0000745c    00000018     libc.a : vsnprintf.c.obj (.text._outc)
                  00007474    00000018            : sprintf.c.obj (.text._outs)
                  0000748c    00000018     system.o (.text.timer_init)
                  000074a4    00000014     libclang_rt.builtins.a : aeabi_uldivmod.S.obj (.text.__aeabi_uldivmod)
                  000074b8    00000014     libc.a : _printfi.c.obj (.text.strchr)
                  000074cc    00000012     driverlib.a : dl_spi.o (.text.DL_SPI_setClockConfig)
                  000074de    00000012                 : dl_uart.o (.text.DL_UART_setClockConfig)
                  000074f0    00000012     libc.a : copy_decompress_none.c.obj (.text:decompress:none)
                  00007502    00000002     --HOLE-- [fill = 0]
                  00007504    00000010     BMI088Middleware.o (.text.BMI088_GYRO_NS_H)
                  00007514    00000010     BMI088Middleware.o (.text.BMI088_GYRO_NS_L)
                  00007524    00000010     BMI088Middleware.o (.text.BMI088_delay_ms)
                  00007534    00000010     driverlib.a : dl_timer.o (.text.DL_Timer_setCaptureCompareValue)
                  00007544    00000010     system.o (.text.delay_ms)
                  00007554    00000010     libc.a : wcslen.c.obj (.text.wcslen)
                  00007564    00000010            : copy_zero_init.c.obj (.text:decompress:ZI)
                  00007574    0000000e     libclang_rt.builtins.a : aeabi_memset.S.obj (.text.__aeabi_memset)
                  00007582    0000000e     libc.a : _printfi.c.obj (.text.strlen)
                  00007590    0000000c     BMI088Middleware.o (.text.BMI088_ACCEL_NS_H)
                  0000759c    0000000c     BMI088Middleware.o (.text.BMI088_ACCEL_NS_L)
                  000075a8    0000000c     BMI088Middleware.o (.text.BMI088_delay_us)
                  000075b4    0000000c     ti_msp_dl_config.o (.text.SYSCFG_DL_DMA_init)
                  000075c0    0000000c     libclang_rt.builtins.a : aeabi_memset.S.obj (.text.__aeabi_memclr)
                  000075cc    0000000a     driverlib.a : dl_common.o (.text.DL_Common_delayCycles)
                  000075d6    0000000a     libc.a : _printfi.c.obj (.text.OUTLINED_FUNCTION_0)
                  000075e0    00000010     libclang_rt.builtins.a : adddf3.S.obj (.tramp.__aeabi_dsub.1)
                  000075f0    0000000a     libc.a : _printfi.c.obj (.text.OUTLINED_FUNCTION_1)
                  000075fa    0000000a            : sprintf.c.obj (.text._outc)
                  00007604    00000008            : aeabi_portable.c.obj (.text.__aeabi_errno_addr)
                  0000760c    00000008     libclang_rt.builtins.a : aeabi_memcpy.S.obj (.text.__aeabi_memcpy)
                  00007614    00000008     libc.a : printf.c.obj (.text._outc)
                  0000761c    00000008            : printf.c.obj (.text._outs)
                  00007624    00000006            : s_atanf.c.obj (.text.OUTLINED_FUNCTION_0)
                  0000762a    00000002     --HOLE-- [fill = 0]
                  0000762c    00000010     libclang_rt.builtins.a : divsf3.S.obj (.tramp.__aeabi_fdiv.1)
                  0000763c    00000004     libc.a : s_atanf.c.obj (.text.OUTLINED_FUNCTION_1)
                  00007640    00000010     libclang_rt.builtins.a : addsf3.S.obj (.tramp.__aeabi_fadd.1)
                  00007650    00000004     startup_mspm0g350x_ticlang.o (.text.Reset_Handler)
                  00007654    00000004     libc.a : exit.c.obj (.text:abort)
                  00007658    00000008     --HOLE-- [fill = 0]

.cinit     0    00009360    00000080     
                  00009360    0000005c     (.cinit..data.load) [load image, compression = lzss]
                  000093bc    0000000c     (__TI_handler_table)
                  000093c8    00000008     (.cinit..bss.load) [load image, compression = zero_init]
                  000093d0    00000010     (__TI_cinit_table)

.rodata    0    00007660    00001d00     
                  00007660    00000d5c     hw_oled.o (.rodata.asc2_2412)
                  000083bc    000005f0     hw_oled.o (.rodata.asc2_1608)
                  000089ac    00000474     hw_oled.o (.rodata.asc2_1206)
                  00008e20    00000228     hw_oled.o (.rodata.asc2_0806)
                  00009048    00000008     ti_msp_dl_config.o (.rodata.gADC_GRAYClockConfig)
                  00009050    00000101     libc.a : aeabi_ctype.S.obj (.rodata:__aeabi_ctype_table_)
                  00009151    00000003     ti_msp_dl_config.o (.rodata.gPWM_MOTOR_LClockConfig)
                  00009154    00000028     ti_msp_dl_config.o (.rodata.gSYSPLLConfig)
                  0000917c    00000021     No_Mcu_gray.o (.rodata.str1.34788125137469628901)
                  0000919d    00000003     ti_msp_dl_config.o (.rodata.gPWM_MOTOR_RClockConfig)
                  000091a0    00000020     libc.a : s_atanf.c.obj (.rodata.cst16)
                  000091c0    0000001c     ekf_yaw.o (.rodata.P0_diag)
                  000091dc    0000001c     ekf_yaw.o (.rodata.Q_diag)
                  000091f8    0000001a     app_oled.o (.rodata.str1.32935558932463938251)
                  00009212    00000002     ti_msp_dl_config.o (.rodata.gI2C_GRAYClockConfig)
                  00009214    00000018     ti_msp_dl_config.o (.rodata.gDMA_CH0_RXConfig)
                  0000922c    00000018     ti_msp_dl_config.o (.rodata.gDMA_CH1_TXConfig)
                  00009244    00000014     ti_msp_dl_config.o (.rodata.gTIMER_TICKTimerConfig)
                  00009258    00000012     BMI088driver.o (.rodata.write_BMI088_accel_reg_data_error)
                  0000926a    00000012     BMI088driver.o (.rodata.write_BMI088_gyro_reg_data_error)
                  0000927c    00000011     libc.a : _printfi.c.obj (.rodata.str1.103488685894817597201)
                  0000928d    00000011            : _printfi.c.obj (.rodata.str1.153638888446227384661)
                  0000929e    00000011     app_oled.o (.rodata.str1.7602646238418371181)
                  000092af    0000000f     app_oled.o (.rodata.str1.144247086579526851541)
                  000092be    0000000d     app_oled.o (.rodata.str1.112812614510864846931)
                  000092cb    0000000d     app_oled.o (.rodata.str1.64569145008355688051)
                  000092d8    0000000b     app_oled.o (.rodata.str1.359371814183842071)
                  000092e3    00000001     --HOLE-- [fill = 0]
                  000092e4    0000000a     ti_msp_dl_config.o (.rodata.gSPI_BMI_config)
                  000092ee    0000000a     ti_msp_dl_config.o (.rodata.gUART_0Config)
                  000092f8    0000000a     ti_msp_dl_config.o (.rodata.gUART_1Config)
                  00009302    0000000a     app_oled.o (.rodata.str1.46016391110669307241)
                  0000930c    0000000a     app_oled.o (.rodata.str1.49815708154798062591)
                  00009316    0000000a     app_oled.o (.rodata.str1.63460394576426455541)
                  00009320    00000008     ti_msp_dl_config.o (.rodata.gPWM_MOTOR_LConfig)
                  00009328    00000008     ti_msp_dl_config.o (.rodata.gPWM_MOTOR_RConfig)
                  00009330    00000008     app_oled.o (.rodata.str1.145378187676375046801)
                  00009338    00000008     app_oled.o (.rodata.str1.151666593417022230011)
                  00009340    00000008     app_oled.o (.rodata.str1.33182878631367828311)
                  00009348    00000005     empty.o (.rodata.str1.176633223477948356601)
                  0000934d    00000004     uart_app.o (.rodata.str1.62665394024877690041)
                  00009351    00000003     ti_msp_dl_config.o (.rodata.gTIMER_TICKClockConfig)
                  00009354    00000002     ti_msp_dl_config.o (.rodata.gI2C_OLEDClockConfig)
                  00009356    00000002     ti_msp_dl_config.o (.rodata.gSPI_BMI_clockConfig)
                  00009358    00000002     ti_msp_dl_config.o (.rodata.gUART_0ClockConfig)
                  0000935a    00000002     ti_msp_dl_config.o (.rodata.gUART_1ClockConfig)
                  0000935c    00000004     --HOLE-- [fill = 0]

.init_array 
*          0    00000000    00000000     UNINITIALIZED

.binit     0    00000000    00000000     

.bss       0    20200000    0000094d     UNINITIALIZED
                  20200000    00000480     (.common:OLED_GRAM)
                  20200480    000001c8     (.common:ekf)
                  20200648    000000bc     (.common:gTIMER_TICKBackup)
                  20200704    00000004     hw_encoder.o (.bss.gpio_interrup)
                  20200708    000000b0     (.common:sensor)
                  202007b8    0000003c     (.common:line_pid2)
                  202007f4    0000003c     (.common:speed_pid_left)
                  20200830    0000003c     (.common:speed_pid_right)
                  2020086c    0000003c     (.common:yaw_pid)
                  202008a8    00000028     (.common:gSPI_BMIBackup)
                  202008d0    00000018     (.common:left_encoder)
                  202008e8    00000018     (.common:right_encoder)
                  20200900    0000000c     (.common:accel)
                  2020090c    0000000c     (.common:gyro)
                  20200918    0000000c     (.common:gyro_sum)
                  20200924    00000004     (.common:g_line_position_error)
                  20200928    00000004     (.common:left_speed)
                  2020092c    00000004     (.common:rev1)
                  20200930    00000004     (.common:rev2)
                  20200934    00000004     (.common:right_speed)
                  20200938    00000004     (.common:temp)
                  2020093c    00000004     (.common:uwTick)
                  20200940    00000004     (.common:yaw_deg)
                  20200944    00000002     (.common:pid_timer50ms)
                  20200946    00000001     (.common:Car_mode)
                  20200947    00000001     (.common:Digtal)
                  20200948    00000001     (.common:button_timer10ms)
                  20200949    00000001     (.common:measure_timer50ms)
                  2020094a    00000001     (.common:no_gary_timer10ms)
                  2020094b    00000001     (.common:uart_timer200ms)
                  2020094c    00000001     (.common:yaw_timer5ms)

.data      0    20200950    00000275     UNINITIALIZED
                  20200950    00000100     No_Mcu_gray.o (.data.rx_buff)
                  20200a50    000000f0     libc.a : defs.c.obj (.data._ftable)
                  20200b40    00000020     No_Mcu_gray.o (.data.gray_weights)
                  20200b60    00000010     No_Mcu_gray.o (.data.Anolog)
                  20200b70    00000010     No_Mcu_gray.o (.data.black)
                  20200b80    00000010     No_Mcu_gray.o (.data.white)
                  20200b90    00000004     BMI088driver.o (.data.BMI088_ACCEL_SEN)
                  20200b94    00000004     BMI088driver.o (.data.BMI088_GYRO_SEN)
                  20200b98    00000004     libc.a : aeabi_portable.c.obj (.data.__aeabi_errno)
                  20200b9c    00000004            : _lock.c.obj (.data._lock)
                  20200ba0    00000004            : _lock.c.obj (.data._unlock)
                  20200ba4    00000004     encoder_user.o (.data.g_motor1_journey_cm)
                  20200ba8    00000004     encoder_user.o (.data.g_motor2_journey_cm)
                  20200bac    00000004     encoder_user.o (.data.last_sigma_motor1)
                  20200bb0    00000004     encoder_user.o (.data.last_sigma_motor2)
                  20200bb4    00000004     ekf_yaw.o (.data.t_last)
                  20200bb8    00000004     uart_app.o (.data.uart_ticks)
                  20200bbc    00000001     multi_button_user.o (.data.KeyNum)
                  20200bbd    00000001     app_oled.o (.data.adjust_mode)
                  20200bbe    00000001     No_Mcu_gray.o (.data.black_line_count)
                  20200bbf    00000001     multi_button_user.o (.data.key_down)
                  20200bc0    00000001     multi_button_user.o (.data.key_old)
                  20200bc1    00000001     multi_button_user.o (.data.key_up)
                  20200bc2    00000001     multi_button_user.o (.data.key_val)
                  20200bc3    00000001     app_oled.o (.data.menu_select)
                  20200bc4    00000001     uart_app.o (.data.uart_data)

.stack     0    20207e00    00000200     UNINITIALIZED
                  20207e00    00000004     libc.a : boot_cortex_m.c.obj (.stack)
                  20207e04    000001fc     --HOLE--

__llvm_prf_cnts 
*          0    20200000    00000000     UNINITIALIZED

__llvm_prf_bits 
*          0    20200000    00000000     UNINITIALIZED

MODULE SUMMARY

       Module                         code    ro data   rw data
       ------                         ----    -------   -------
    .\
       ti_msp_dl_config.o             1622    181       228    
       startup_mspm0g350x_ticlang.o   6       192       0      
       empty.o                        96      5         0      
    +--+------------------------------+-------+---------+---------+
       Total:                         1724    378       228    
                                                               
    .\Bsp\ADC\
       adc_app.o                      108     0         0      
    +--+------------------------------+-------+---------+---------+
       Total:                         108     0         0      
                                                               
    .\Bsp\BMI088\
       BMI088driver.o                 1604    36        8      
       BMI088Middleware.o             140     0         0      
    +--+------------------------------+-------+---------+---------+
       Total:                         1744    36        8      
                                                               
    .\Bsp\BMI088\Klman_Yaw\
       ekf_yaw.o                      1536    56        504    
    +--+------------------------------+-------+---------+---------+
       Total:                         1536    56        504    
                                                               
    .\Bsp\Button\
       multi_button_user.o            160     0         5      
    +--+------------------------------+-------+---------+---------+
       Total:                         160     0         5      
                                                               
    .\Bsp\Encoder\
       hw_encoder.o                   296     0         52     
       encoder_user.o                 204     0         24     
    +--+------------------------------+-------+---------+---------+
       Total:                         500     0         76     
                                                               
    .\Bsp\Motor\
       Bsp_Motor.o                    108     0         0      
    +--+------------------------------+-------+---------+---------+
       Total:                         108     0         0      
                                                               
    .\Bsp\Oled\
       hw_oled.o                      9190    6632      1152   
       app_oled.o                     532     149       3      
    +--+------------------------------+-------+---------+---------+
       Total:                         9722    6781      1155   
                                                               
    .\Bsp\Pid\
       pid_user.o                     256     0         248    
       pid.o                          204     0         0      
    +--+------------------------------+-------+---------+---------+
       Total:                         460     0         248    
                                                               
    .\Bsp\Task_manage\
       system.o                       268     0         11     
    +--+------------------------------+-------+---------+---------+
       Total:                         268     0         11     
                                                               
    .\Bsp\UART\
       uart_app.o                     280     4         5      
    +--+------------------------------+-------+---------+---------+
       Total:                         280     4         5      
                                                               
    .\Bsp\gray\
       No_Mcu_gray.o                  2296    33        518    
    +--+------------------------------+-------+---------+---------+
       Total:                         2296    33        518    
                                                               
    F:/TI/CCS/mspm0_sdk_2_05_01_00/source/ti/driverlib/lib/ticlang/m0p/mspm0g1x0x_g3x0x/driverlib.a
       dl_timer.o                     588     0         0      
       dl_sysctl_mspm0g1x0x_g3x0x.o   388     0         0      
       dl_i2c.o                       132     0         0      
       dl_uart.o                      90      0         0      
       dl_spi.o                       86      0         0      
       dl_dma.o                       76      0         0      
       dl_adc12.o                     64      0         0      
       dl_common.o                    10      0         0      
    +--+------------------------------+-------+---------+---------+
       Total:                         1434    0         0      
                                                               
    F:\TI\CCS\ccs\tools\compiler\ti-cgt-armllvm_4.0.0.LTS\lib\armv6m-ti-none-eabi/c/libc.a
       _printfi.c.obj                 4510    34        0      
       s_atanf.c.obj                  466     32        0      
       e_atan2f.c.obj                 280     0         0      
       aeabi_ctype.S.obj              0       257       0      
       defs.c.obj                     0       0         240    
       s_scalbn.c.obj                 216     0         0      
       e_sqrtf.c.obj                  160     0         0      
       memcpy16.S.obj                 154     0         0      
       vsnprintf.c.obj                136     0         0      
       copy_decompress_lzss.c.obj     124     0         0      
       printf.c.obj                   108     0         0      
       memset16.S.obj                 98      0         0      
       s_frexp.c.obj                  92      0         0      
       sprintf.c.obj                  90      0         0      
       _ltoa.c.obj                    88      0         0      
       atoi.c.obj                     64      0         0      
       autoinit.c.obj                 60      0         0      
       boot_cortex_m.c.obj            40      0         0      
       memccpy.c.obj                  34      0         0      
       copy_decompress_none.c.obj     18      0         0      
       copy_zero_init.c.obj           16      0         0      
       wcslen.c.obj                   16      0         0      
       aeabi_portable.c.obj           8       0         4      
       _lock.c.obj                    2       0         8      
       exit.c.obj                     4       0         0      
       pre_init.c.obj                 4       0         0      
    +--+------------------------------+-------+---------+---------+
       Total:                         6788    323       252    
                                                               
    F:\TI\CCS\ccs\tools\compiler\ti-cgt-armllvm_4.0.0.LTS\lib\armv6m-ti-none-eabi/libclang_rt.builtins.a
       adddf3.S.obj                   418     0         0      
       divdf3.S.obj                   268     0         0      
       addsf3.S.obj                   232     0         0      
       muldf3.S.obj                   228     0         0      
       comparedf2.c.obj               220     0         0      
       udivmoddi4.S.obj               162     0         0      
       divsf3.S.obj                   146     0         0      
       mulsf3.S.obj                   140     0         0      
       comparesf2.S.obj               118     0         0      
       truncdfsf2.S.obj               116     0         0      
       aeabi_dcmp.S.obj               98      0         0      
       aeabi_fcmp.S.obj               98      0         0      
       aeabi_idivmod.S.obj            86      0         0      
       fixdfsi.S.obj                  74      0         0      
       aeabi_uidivmod.S.obj           64      0         0      
       extendsfdf2.S.obj              64      0         0      
       floatsisf.S.obj                60      0         0      
       muldsi3.S.obj                  58      0         0      
       fixsfsi.S.obj                  56      0         0      
       floatsidf.S.obj                44      0         0      
       floatunsisf.S.obj              40      0         0      
       floatunsidf.S.obj              36      0         0      
       muldi3.S.obj                   36      0         0      
       ashldi3.S.obj                  30      0         0      
       aeabi_memset.S.obj             26      0         0      
       aeabi_uldivmod.S.obj           20      0         0      
       aeabi_memcpy.S.obj             8       0         0      
       aeabi_div0.c.obj               4       0         0      
    +--+------------------------------+-------+---------+---------+
       Total:                         2950    0         0      
                                                               
       Stack:                         0       0         512    
       Linker Generated:              0       128       0      
    +--+------------------------------+-------+---------+---------+
       Grand Total:                   30078   7739      3522   


LINKER GENERATED COPY TABLES

__TI_cinit_table @ 000093d0 records: 2, size/record: 8, table size: 16
	.data: load addr=00009360, load size=0000005c bytes, run addr=20200950, run size=00000275 bytes, compression=lzss
	.bss: load addr=000093c8, load size=00000008 bytes, run addr=20200000, run size=0000094d bytes, compression=zero_init


LINKER GENERATED HANDLER TABLE

__TI_handler_table @ 000093bc records: 3, size/record: 4, table size: 12
	index: 0, handler: __TI_decompress_lzss
	index: 1, handler: __TI_decompress_none
	index: 2, handler: __TI_zero_init


FAR CALL TRAMPOLINES

callee name               trampoline name
   callee addr  tramp addr   call addr  call info
--------------  -----------  ---------  ----------------
__aeabi_dsub              $Tramp$TT$L$PI$$__aeabi_dsub
   00004609     000075e0     000075de   libc.a : _printfi.c.obj (.text.OUTLINED_FUNCTION_0)
__aeabi_fdiv              $Tramp$TT$L$PI$$__aeabi_fdiv
   00005fd9     0000762c     00007628   libc.a : s_atanf.c.obj (.text.OUTLINED_FUNCTION_0)
__aeabi_fadd              $Tramp$TT$L$PI$$__aeabi_fadd
   00005567     00007640     0000763e   libc.a : s_atanf.c.obj (.text.OUTLINED_FUNCTION_1)

[3 trampolines]
[3 trampoline calls]


GLOBAL SYMBOLS: SORTED ALPHABETICALLY BY Name 

address   name                                 
-------   ----                                 
00005aa3  ADC0_IRQHandler                      
00005aa3  ADC1_IRQHandler                      
00005aa3  AES_IRQHandler                       
20200b60  Anolog                               
00007591  BMI088_ACCEL_NS_H                    
0000759d  BMI088_ACCEL_NS_L                    
20200b90  BMI088_ACCEL_SEN                     
0000479b  BMI088_GPIO_init                     
00007505  BMI088_GYRO_NS_H                     
00007515  BMI088_GYRO_NS_L                     
20200b94  BMI088_GYRO_SEN                      
000059ff  BMI088_com_init                      
00007525  BMI088_delay_ms                      
000075a9  BMI088_delay_us                      
00007415  BMI088_init                          
00004475  BMI088_read                          
000070e5  BMI088_read_write_byte               
00007654  C$$EXIT                              
00005aa3  CANFD0_IRQHandler                    
20200946  Car_mode                             
00005aa3  DAC0_IRQHandler                      
00006d4d  DL_ADC12_setClockConfig              
000075cd  DL_Common_delayCycles                
00006a75  DL_DMA_initChannel                   
000066a9  DL_I2C_fillControllerTXFIFO          
000072d1  DL_I2C_setClockConfig                
00006cc5  DL_SPI_init                          
000074cd  DL_SPI_setClockConfig                
000053a9  DL_SYSCTL_configSYSPLL               
000064bd  DL_SYSCTL_setHFCLKSourceHFXTParams   
00006d09  DL_SYSCTL_switchMCLKfromSYSOSCtoHSCLK
00004f09  DL_Timer_initFourCCPWMMode           
0000500d  DL_Timer_initTimerMode               
000073a5  DL_Timer_setCaptCompUpdateMethod     
0000742d  DL_Timer_setCaptureCompareOutCtl     
00007535  DL_Timer_setCaptureCompareValue      
000073c1  DL_Timer_setClockConfig              
00006ba5  DL_UART_init                         
000074df  DL_UART_setClockConfig               
00005aa3  DMA_IRQHandler                       
00005aa3  Default_Handler                      
20200947  Digtal                               
00003f35  EKF_Predict                          
000027c5  Ekf_yaw_Forecast                     
00006bed  Encoder_Driver_Update                
000057dd  Encoder_Task                         
00005aa3  GROUP0_IRQHandler                    
00005aa5  GROUP1_IRQHandler                    
00004929  Get_Analog_value                     
00005aa3  HardFault_Handler                    
00005aa3  I2C0_IRQHandler                      
00005aa3  I2C1_IRQHandler                      
20200bbc  KeyNum                               
00005aa3  NMI_Handler                          
0000479d  No_MCU_Ganv_Sensor_Init              
00001365  OLED_Clear                           
000050f5  OLED_DisPlay_On                      
20200000  OLED_GRAM                            
000000c1  OLED_Init                            
00005959  OLED_Printf                          
00002b25  OLED_Refresh                         
0000304d  OLED_ShowChar                        
00005aa3  PendSV_Handler                       
00005aa3  RTC_IRQHandler                       
00007651  Reset_Handler                        
00005aa3  SPI0_IRQHandler                      
00005aa3  SPI1_IRQHandler                      
00005aa3  SVC_Handler                          
00006ac1  SYSCFG_DL_ADC_GRAY_init              
00007231  SYSCFG_DL_DMA_CH0_RX_init            
00007445  SYSCFG_DL_DMA_CH1_TX_init            
000075b5  SYSCFG_DL_DMA_init                   
000051dd  SYSCFG_DL_GPIO_init                  
00006979  SYSCFG_DL_I2C_GRAY_init              
000069cd  SYSCFG_DL_I2C_OLED_init              
000061c5  SYSCFG_DL_PWM_MOTOR_L_init           
00006235  SYSCFG_DL_PWM_MOTOR_R_init           
00006b0d  SYSCFG_DL_SPI_BMI_init               
00007259  SYSCFG_DL_SYSCTL_CLK_init            
00005f55  SYSCFG_DL_SYSCTL_init                
00005d1f  SYSCFG_DL_SYSTICK_init               
00006c35  SYSCFG_DL_TIMER_TICK_init            
000058a9  SYSCFG_DL_UART_0_init                
000062a5  SYSCFG_DL_UART_1_init                
000067c1  SYSCFG_DL_init                       
00005d21  SYSCFG_DL_initPower                  
00005aa3  SysTick_Handler                      
00005db5  TIMA0_IRQHandler                     
00005aa3  TIMA1_IRQHandler                     
00005aa3  TIMG0_IRQHandler                     
00005aa3  TIMG12_IRQHandler                    
00005aa3  TIMG6_IRQHandler                     
00005aa3  TIMG7_IRQHandler                     
00005aa3  TIMG8_IRQHandler                     
00006c7d  UART0_IRQHandler                     
00005aa3  UART1_IRQHandler                     
00005aa3  UART2_IRQHandler                     
00005aa3  UART3_IRQHandler                     
00005635  Yaw_Task                             
20208000  __STACK_END                          
00000200  __STACK_SIZE                         
00000000  __TI_ATRegion0_region_sz             
00000000  __TI_ATRegion0_src_addr              
00000000  __TI_ATRegion0_trg_addr              
00000000  __TI_ATRegion1_region_sz             
00000000  __TI_ATRegion1_src_addr              
00000000  __TI_ATRegion1_trg_addr              
00000000  __TI_ATRegion2_region_sz             
00000000  __TI_ATRegion2_src_addr              
00000000  __TI_ATRegion2_trg_addr              
000093d0  __TI_CINIT_Base                      
000093e0  __TI_CINIT_Limit                     
000093e0  __TI_CINIT_Warm                      
000093bc  __TI_Handler_Table_Base              
000093c8  __TI_Handler_Table_Limit             
00006fc1  __TI_auto_init_nobinit_nopinit       
0000605d  __TI_decompress_lzss                 
000074f1  __TI_decompress_none                 
00006819  __TI_ltoa                            
ffffffff  __TI_pprof_out_hndl                  
00001df5  __TI_printfi                         
ffffffff  __TI_prof_data_size                  
ffffffff  __TI_prof_data_start                 
00000000  __TI_static_base__                   
00007565  __TI_zero_init                       
00004613  __adddf3                             
00005567  __addsf3                             
00009050  __aeabi_ctype_table_                 
00009050  __aeabi_ctype_table_C                
00006151  __aeabi_d2f                          
00006b59  __aeabi_d2iz                         
00004613  __aeabi_dadd                         
00006521  __aeabi_dcmpeq                       
0000655d  __aeabi_dcmpge                       
00006571  __aeabi_dcmpgt                       
00006549  __aeabi_dcmple                       
00006535  __aeabi_dcmplt                       
00004dfd  __aeabi_ddiv                         
000052c5  __aeabi_dmul                         
00004609  __aeabi_dsub                         
20200b98  __aeabi_errno                        
00007605  __aeabi_errno_addr                   
00006dcd  __aeabi_f2d                          
00007075  __aeabi_f2iz                         
00005567  __aeabi_fadd                         
00006585  __aeabi_fcmpeq                       
000065c1  __aeabi_fcmpge                       
000065d5  __aeabi_fcmpgt                       
000065ad  __aeabi_fcmple                       
00006599  __aeabi_fcmplt                       
00005fd9  __aeabi_fdiv                         
00005e41  __aeabi_fmul                         
0000555d  __aeabi_fsub                         
000071ad  __aeabi_i2d                          
00006f0d  __aeabi_i2f                          
00006921  __aeabi_idiv                         
00005f53  __aeabi_idiv0                        
00006921  __aeabi_idivmod                      
0000605b  __aeabi_ldiv0                        
00007385  __aeabi_llsl                         
0000731d  __aeabi_lmul                         
000075c1  __aeabi_memclr                       
000075c1  __aeabi_memclr4                      
000075c1  __aeabi_memclr8                      
0000760d  __aeabi_memcpy                       
0000760d  __aeabi_memcpy4                      
0000760d  __aeabi_memcpy8                      
00007575  __aeabi_memset                       
00007575  __aeabi_memset4                      
00007575  __aeabi_memset8                      
000072f9  __aeabi_ui2d                         
00007281  __aeabi_ui2f                         
00006d8d  __aeabi_uidiv                        
00006d8d  __aeabi_uidivmod                     
000074a5  __aeabi_uldivmod                     
00007385  __ashldi3                            
ffffffff  __binit__                            
000063ed  __cmpdf2                             
00006ffd  __cmpsf2                             
00004dfd  __divdf3                             
00005fd9  __divsf3                             
000063ed  __eqdf2                              
00006ffd  __eqsf2                              
00006dcd  __extendsfdf2                        
00006b59  __fixdfsi                            
00007075  __fixsfsi                            
000071ad  __floatsidf                          
00006f0d  __floatsisf                          
000072f9  __floatunsidf                        
00007281  __floatunsisf                        
000060d9  __gedf2                              
00006f49  __gesf2                              
000060d9  __gtdf2                              
00006f49  __gtsf2                              
000063ed  __ledf2                              
00006ffd  __lesf2                              
000063ed  __ltdf2                              
00006ffd  __ltsf2                              
UNDEFED   __mpu_init                           
000052c5  __muldf3                             
0000731d  __muldi3                             
00007039  __muldsi3                            
00005e41  __mulsf3                             
000063ed  __nedf2                              
00006ffd  __nesf2                              
20207e00  __stack                              
20200000  __start___llvm_prf_bits              
20200000  __start___llvm_prf_cnts              
20200000  __stop___llvm_prf_bits               
20200000  __stop___llvm_prf_cnts               
00004609  __subdf3                             
0000555d  __subsf3                             
00006151  __truncdfsf2                         
00005a01  __udivmoddi4                         
000072a9  _c_int00_noargs                      
20200a50  _ftable                              
20200b9c  _lock                                
000064bb  _nop                                 
UNDEFED   _system_post_cinit                   
0000614d  _system_pre_init                     
20200ba0  _unlock                              
00007655  abort                                
20200900  accel                                
00006315  adc_getValue                         
20200bbd  adjust_mode                          
00008e20  asc2_0806                            
000089ac  asc2_1206                            
000083bc  asc2_1608                            
00007660  asc2_2412                            
00004ce5  atan2f                               
00004101  atanf                                
00006e0d  atoi                                 
ffffffff  binit                                
20200b70  black                                
20200bbe  black_line_count                     
00002dd9  bmi088_accel_init                    
000034f1  bmi088_gyro_init                     
20200948  button_timer10ms                     
00007545  delay_ms                             
20200480  ekf                                  
00006e4d  encoder_init                         
00007365  fputc                                
00006f85  fputs                                
00006709  frexp                                
00006709  frexpl                               
202008a8  gSPI_BMIBackup                       
20200648  gTIMER_TICKBackup                    
20200924  g_line_position_error                
20200ba4  g_motor1_journey_cm                  
20200ba8  g_motor2_journey_cm                  
20200b40  gray_weights                         
2020090c  gyro                                 
20200918  gyro_sum                             
00000000  interruptVectors                     
20200bbf  key_down                             
20200bc0  key_old                              
00005b45  key_proc                             
20200bc1  key_up                               
20200bc2  key_val                              
20200bac  last_sigma_motor1                    
20200bb0  last_sigma_motor2                    
00005485  ldexp                                
00005485  ldexpl                               
202008d0  left_encoder                         
20200928  left_speed                           
00005709  line3_loop_update                    
202007b8  line_pid2                            
00006381  load_motor_pwm                       
00006649  main                                 
20200949  measure_timer50ms                    
00007341  memccpy                              
00005c85  memcpy                               
000065e7  memset                               
20200bc3  menu_select                          
00003935  menu_task                            
2020094a  no_gary_timer10ms                    
000073dd  no_gray_adjust                       
000042c9  no_gray_init_all                     
00003b49  no_gray_work                         
000032bd  normalizeAnalogValues                
00005ecd  pid_calculate_positional             
00007205  pid_constrain                        
000073f9  pid_init                             
20200944  pid_timer50ms                        
00006765  printf                               
2020092c  rev1                                 
20200930  rev2                                 
202008e8  right_encoder                        
20200934  right_speed                          
20200950  rx_buff                              
00005485  scalbn                               
00005485  scalbnl                              
20200708  sensor                               
202007f4  speed_pid_left                       
20200830  speed_pid_right                      
000070ad  sprintf                              
00005be5  sqrtf                                
000068c9  task_run                             
20200938  temp                                 
0000748d  timer_init                           
00007119  uart0_send_string                    
20200bc4  uart_data                            
00006e8d  uart_proc                            
20200bb8  uart_ticks                           
2020094b  uart_timer200ms                      
2020093c  uwTick                               
00006ecd  vsnprintf                            
00007555  wcslen                               
20200b80  white                                
20200940  yaw_deg                              
000071d9  yaw_loop_init                        
2020086c  yaw_pid                              
2020094c  yaw_timer5ms                         


GLOBAL SYMBOLS: SORTED BY Symbol Address 

address   name                                 
-------   ----                                 
00000000  __TI_ATRegion0_region_sz             
00000000  __TI_ATRegion0_src_addr              
00000000  __TI_ATRegion0_trg_addr              
00000000  __TI_ATRegion1_region_sz             
00000000  __TI_ATRegion1_src_addr              
00000000  __TI_ATRegion1_trg_addr              
00000000  __TI_ATRegion2_region_sz             
00000000  __TI_ATRegion2_src_addr              
00000000  __TI_ATRegion2_trg_addr              
00000000  __TI_static_base__                   
00000000  interruptVectors                     
000000c1  OLED_Init                            
00000200  __STACK_SIZE                         
00001365  OLED_Clear                           
00001df5  __TI_printfi                         
000027c5  Ekf_yaw_Forecast                     
00002b25  OLED_Refresh                         
00002dd9  bmi088_accel_init                    
0000304d  OLED_ShowChar                        
000032bd  normalizeAnalogValues                
000034f1  bmi088_gyro_init                     
00003935  menu_task                            
00003b49  no_gray_work                         
00003f35  EKF_Predict                          
00004101  atanf                                
000042c9  no_gray_init_all                     
00004475  BMI088_read                          
00004609  __aeabi_dsub                         
00004609  __subdf3                             
00004613  __adddf3                             
00004613  __aeabi_dadd                         
0000479b  BMI088_GPIO_init                     
0000479d  No_MCU_Ganv_Sensor_Init              
00004929  Get_Analog_value                     
00004ce5  atan2f                               
00004dfd  __aeabi_ddiv                         
00004dfd  __divdf3                             
00004f09  DL_Timer_initFourCCPWMMode           
0000500d  DL_Timer_initTimerMode               
000050f5  OLED_DisPlay_On                      
000051dd  SYSCFG_DL_GPIO_init                  
000052c5  __aeabi_dmul                         
000052c5  __muldf3                             
000053a9  DL_SYSCTL_configSYSPLL               
00005485  ldexp                                
00005485  ldexpl                               
00005485  scalbn                               
00005485  scalbnl                              
0000555d  __aeabi_fsub                         
0000555d  __subsf3                             
00005567  __addsf3                             
00005567  __aeabi_fadd                         
00005635  Yaw_Task                             
00005709  line3_loop_update                    
000057dd  Encoder_Task                         
000058a9  SYSCFG_DL_UART_0_init                
00005959  OLED_Printf                          
000059ff  BMI088_com_init                      
00005a01  __udivmoddi4                         
00005aa3  ADC0_IRQHandler                      
00005aa3  ADC1_IRQHandler                      
00005aa3  AES_IRQHandler                       
00005aa3  CANFD0_IRQHandler                    
00005aa3  DAC0_IRQHandler                      
00005aa3  DMA_IRQHandler                       
00005aa3  Default_Handler                      
00005aa3  GROUP0_IRQHandler                    
00005aa3  HardFault_Handler                    
00005aa3  I2C0_IRQHandler                      
00005aa3  I2C1_IRQHandler                      
00005aa3  NMI_Handler                          
00005aa3  PendSV_Handler                       
00005aa3  RTC_IRQHandler                       
00005aa3  SPI0_IRQHandler                      
00005aa3  SPI1_IRQHandler                      
00005aa3  SVC_Handler                          
00005aa3  SysTick_Handler                      
00005aa3  TIMA1_IRQHandler                     
00005aa3  TIMG0_IRQHandler                     
00005aa3  TIMG12_IRQHandler                    
00005aa3  TIMG6_IRQHandler                     
00005aa3  TIMG7_IRQHandler                     
00005aa3  TIMG8_IRQHandler                     
00005aa3  UART1_IRQHandler                     
00005aa3  UART2_IRQHandler                     
00005aa3  UART3_IRQHandler                     
00005aa5  GROUP1_IRQHandler                    
00005b45  key_proc                             
00005be5  sqrtf                                
00005c85  memcpy                               
00005d1f  SYSCFG_DL_SYSTICK_init               
00005d21  SYSCFG_DL_initPower                  
00005db5  TIMA0_IRQHandler                     
00005e41  __aeabi_fmul                         
00005e41  __mulsf3                             
00005ecd  pid_calculate_positional             
00005f53  __aeabi_idiv0                        
00005f55  SYSCFG_DL_SYSCTL_init                
00005fd9  __aeabi_fdiv                         
00005fd9  __divsf3                             
0000605b  __aeabi_ldiv0                        
0000605d  __TI_decompress_lzss                 
000060d9  __gedf2                              
000060d9  __gtdf2                              
0000614d  _system_pre_init                     
00006151  __aeabi_d2f                          
00006151  __truncdfsf2                         
000061c5  SYSCFG_DL_PWM_MOTOR_L_init           
00006235  SYSCFG_DL_PWM_MOTOR_R_init           
000062a5  SYSCFG_DL_UART_1_init                
00006315  adc_getValue                         
00006381  load_motor_pwm                       
000063ed  __cmpdf2                             
000063ed  __eqdf2                              
000063ed  __ledf2                              
000063ed  __ltdf2                              
000063ed  __nedf2                              
000064bb  _nop                                 
000064bd  DL_SYSCTL_setHFCLKSourceHFXTParams   
00006521  __aeabi_dcmpeq                       
00006535  __aeabi_dcmplt                       
00006549  __aeabi_dcmple                       
0000655d  __aeabi_dcmpge                       
00006571  __aeabi_dcmpgt                       
00006585  __aeabi_fcmpeq                       
00006599  __aeabi_fcmplt                       
000065ad  __aeabi_fcmple                       
000065c1  __aeabi_fcmpge                       
000065d5  __aeabi_fcmpgt                       
000065e7  memset                               
00006649  main                                 
000066a9  DL_I2C_fillControllerTXFIFO          
00006709  frexp                                
00006709  frexpl                               
00006765  printf                               
000067c1  SYSCFG_DL_init                       
00006819  __TI_ltoa                            
000068c9  task_run                             
00006921  __aeabi_idiv                         
00006921  __aeabi_idivmod                      
00006979  SYSCFG_DL_I2C_GRAY_init              
000069cd  SYSCFG_DL_I2C_OLED_init              
00006a75  DL_DMA_initChannel                   
00006ac1  SYSCFG_DL_ADC_GRAY_init              
00006b0d  SYSCFG_DL_SPI_BMI_init               
00006b59  __aeabi_d2iz                         
00006b59  __fixdfsi                            
00006ba5  DL_UART_init                         
00006bed  Encoder_Driver_Update                
00006c35  SYSCFG_DL_TIMER_TICK_init            
00006c7d  UART0_IRQHandler                     
00006cc5  DL_SPI_init                          
00006d09  DL_SYSCTL_switchMCLKfromSYSOSCtoHSCLK
00006d4d  DL_ADC12_setClockConfig              
00006d8d  __aeabi_uidiv                        
00006d8d  __aeabi_uidivmod                     
00006dcd  __aeabi_f2d                          
00006dcd  __extendsfdf2                        
00006e0d  atoi                                 
00006e4d  encoder_init                         
00006e8d  uart_proc                            
00006ecd  vsnprintf                            
00006f0d  __aeabi_i2f                          
00006f0d  __floatsisf                          
00006f49  __gesf2                              
00006f49  __gtsf2                              
00006f85  fputs                                
00006fc1  __TI_auto_init_nobinit_nopinit       
00006ffd  __cmpsf2                             
00006ffd  __eqsf2                              
00006ffd  __lesf2                              
00006ffd  __ltsf2                              
00006ffd  __nesf2                              
00007039  __muldsi3                            
00007075  __aeabi_f2iz                         
00007075  __fixsfsi                            
000070ad  sprintf                              
000070e5  BMI088_read_write_byte               
00007119  uart0_send_string                    
000071ad  __aeabi_i2d                          
000071ad  __floatsidf                          
000071d9  yaw_loop_init                        
00007205  pid_constrain                        
00007231  SYSCFG_DL_DMA_CH0_RX_init            
00007259  SYSCFG_DL_SYSCTL_CLK_init            
00007281  __aeabi_ui2f                         
00007281  __floatunsisf                        
000072a9  _c_int00_noargs                      
000072d1  DL_I2C_setClockConfig                
000072f9  __aeabi_ui2d                         
000072f9  __floatunsidf                        
0000731d  __aeabi_lmul                         
0000731d  __muldi3                             
00007341  memccpy                              
00007365  fputc                                
00007385  __aeabi_llsl                         
00007385  __ashldi3                            
000073a5  DL_Timer_setCaptCompUpdateMethod     
000073c1  DL_Timer_setClockConfig              
000073dd  no_gray_adjust                       
000073f9  pid_init                             
00007415  BMI088_init                          
0000742d  DL_Timer_setCaptureCompareOutCtl     
00007445  SYSCFG_DL_DMA_CH1_TX_init            
0000748d  timer_init                           
000074a5  __aeabi_uldivmod                     
000074cd  DL_SPI_setClockConfig                
000074df  DL_UART_setClockConfig               
000074f1  __TI_decompress_none                 
00007505  BMI088_GYRO_NS_H                     
00007515  BMI088_GYRO_NS_L                     
00007525  BMI088_delay_ms                      
00007535  DL_Timer_setCaptureCompareValue      
00007545  delay_ms                             
00007555  wcslen                               
00007565  __TI_zero_init                       
00007575  __aeabi_memset                       
00007575  __aeabi_memset4                      
00007575  __aeabi_memset8                      
00007591  BMI088_ACCEL_NS_H                    
0000759d  BMI088_ACCEL_NS_L                    
000075a9  BMI088_delay_us                      
000075b5  SYSCFG_DL_DMA_init                   
000075c1  __aeabi_memclr                       
000075c1  __aeabi_memclr4                      
000075c1  __aeabi_memclr8                      
000075cd  DL_Common_delayCycles                
00007605  __aeabi_errno_addr                   
0000760d  __aeabi_memcpy                       
0000760d  __aeabi_memcpy4                      
0000760d  __aeabi_memcpy8                      
00007651  Reset_Handler                        
00007654  C$$EXIT                              
00007655  abort                                
00007660  asc2_2412                            
000083bc  asc2_1608                            
000089ac  asc2_1206                            
00008e20  asc2_0806                            
00009050  __aeabi_ctype_table_                 
00009050  __aeabi_ctype_table_C                
000093bc  __TI_Handler_Table_Base              
000093c8  __TI_Handler_Table_Limit             
000093d0  __TI_CINIT_Base                      
000093e0  __TI_CINIT_Limit                     
000093e0  __TI_CINIT_Warm                      
20200000  OLED_GRAM                            
20200000  __start___llvm_prf_bits              
20200000  __start___llvm_prf_cnts              
20200000  __stop___llvm_prf_bits               
20200000  __stop___llvm_prf_cnts               
20200480  ekf                                  
20200648  gTIMER_TICKBackup                    
20200708  sensor                               
202007b8  line_pid2                            
202007f4  speed_pid_left                       
20200830  speed_pid_right                      
2020086c  yaw_pid                              
202008a8  gSPI_BMIBackup                       
202008d0  left_encoder                         
202008e8  right_encoder                        
20200900  accel                                
2020090c  gyro                                 
20200918  gyro_sum                             
20200924  g_line_position_error                
20200928  left_speed                           
2020092c  rev1                                 
20200930  rev2                                 
20200934  right_speed                          
20200938  temp                                 
2020093c  uwTick                               
20200940  yaw_deg                              
20200944  pid_timer50ms                        
20200946  Car_mode                             
20200947  Digtal                               
20200948  button_timer10ms                     
20200949  measure_timer50ms                    
2020094a  no_gary_timer10ms                    
2020094b  uart_timer200ms                      
2020094c  yaw_timer5ms                         
20200950  rx_buff                              
20200a50  _ftable                              
20200b40  gray_weights                         
20200b60  Anolog                               
20200b70  black                                
20200b80  white                                
20200b90  BMI088_ACCEL_SEN                     
20200b94  BMI088_GYRO_SEN                      
20200b98  __aeabi_errno                        
20200b9c  _lock                                
20200ba0  _unlock                              
20200ba4  g_motor1_journey_cm                  
20200ba8  g_motor2_journey_cm                  
20200bac  last_sigma_motor1                    
20200bb0  last_sigma_motor2                    
20200bb8  uart_ticks                           
20200bbc  KeyNum                               
20200bbd  adjust_mode                          
20200bbe  black_line_count                     
20200bbf  key_down                             
20200bc0  key_old                              
20200bc1  key_up                               
20200bc2  key_val                              
20200bc3  menu_select                          
20200bc4  uart_data                            
20207e00  __stack                              
20208000  __STACK_END                          
ffffffff  __TI_pprof_out_hndl                  
ffffffff  __TI_prof_data_size                  
ffffffff  __TI_prof_data_start                 
ffffffff  __binit__                            
ffffffff  binit                                
UNDEFED   __mpu_init                           
UNDEFED   _system_post_cinit                   

[313 symbols]
