<?xml version="1.0" encoding="ISO-8859-1" ?>
<link_info>
   <banner>TI ARM Clang Linker PC v4.0.0.LTS</banner>
   <copyright>Copyright (c) 1996-2018 Texas Instruments Incorporated</copyright>
   <command_line>F:\TI\CCS\ccs\tools\compiler\ti-cgt-armllvm_4.0.0.LTS\bin\tiarmlnk -IF:\TI\CCS\ccs\tools\compiler\ti-cgt-armllvm_4.0.0.LTS\lib -o ti_car.out -mti_car.map -iF:/TI/CCS/mspm0_sdk_2_05_01_00/source -iF:/04_daima/CCS/ti_car -iF:/04_daima/CCS/ti_car/Debug/syscfg -iF:/TI/CCS/ccs/tools/compiler/ti-cgt-armllvm_4.0.0.LTS/lib --diag_wrap=off --display_error_number --warn_sections --xml_link_info=ti_car_linkInfo.xml --rom_model ./empty.o ./ti_msp_dl_config.o ./startup_mspm0g350x_ticlang.o ./Bsp/BMI088/BMI088Middleware.o ./Bsp/BMI088/BMI088driver.o ./Bsp/BMI088/Klman_Yaw/ekf_yaw.o ./Bsp/Button/multi_button.o ./Bsp/Button/multi_button_user.o ./Bsp/Encoder/encoder_user.o ./Bsp/Encoder/hw_encoder.o ./Bsp/Motor/Bsp_Motor.o ./Bsp/Oled/app_oled.o ./Bsp/Oled/hw_oled.o ./Bsp/Pid/pid.o ./Bsp/Pid/pid_user.o ./Bsp/Task_manage/scheduler.o ./Bsp/Task_manage/system.o ./Bsp/Task_manage/task_manage.o ./Bsp/UART/ringbuffer.o ./Bsp/UART/uart_app.o ./Bsp/gray/IIC.o ./Bsp/gray/gray_app.o ./Bsp/gray/hardware_iic.o -l./device_linker.cmd -ldevice.cmd.genlibs -llibc.a --start-group -llibc++.a -llibc++abi.a -llibc.a -llibsys.a -llibsysbm.a -llibclang_rt.builtins.a -llibclang_rt.profile.a --end-group --cg_opt_level=2</command_line>
   <link_time>0x688973bc</link_time>
   <link_errors>0x0</link_errors>
   <output_file>F:\04_daima\CCS\ti_car\Debug\ti_car.out</output_file>
   <entry_point>
      <name>_c_int00_noargs</name>
      <address>0x6a2d</address>
   </entry_point>
   <input_file_list>
      <input_file id="fl-1">
         <path>F:\04_daima\CCS\ti_car\Debug\.\</path>
         <kind>object</kind>
         <file>empty.o</file>
         <name>empty.o</name>
      </input_file>
      <input_file id="fl-2">
         <path>F:\04_daima\CCS\ti_car\Debug\.\</path>
         <kind>object</kind>
         <file>ti_msp_dl_config.o</file>
         <name>ti_msp_dl_config.o</name>
      </input_file>
      <input_file id="fl-3">
         <path>F:\04_daima\CCS\ti_car\Debug\.\</path>
         <kind>object</kind>
         <file>startup_mspm0g350x_ticlang.o</file>
         <name>startup_mspm0g350x_ticlang.o</name>
      </input_file>
      <input_file id="fl-4">
         <path>F:\04_daima\CCS\ti_car\Debug\.\Bsp\BMI088\</path>
         <kind>object</kind>
         <file>BMI088Middleware.o</file>
         <name>BMI088Middleware.o</name>
      </input_file>
      <input_file id="fl-5">
         <path>F:\04_daima\CCS\ti_car\Debug\.\Bsp\BMI088\</path>
         <kind>object</kind>
         <file>BMI088driver.o</file>
         <name>BMI088driver.o</name>
      </input_file>
      <input_file id="fl-6">
         <path>F:\04_daima\CCS\ti_car\Debug\.\Bsp\BMI088\Klman_Yaw\</path>
         <kind>object</kind>
         <file>ekf_yaw.o</file>
         <name>ekf_yaw.o</name>
      </input_file>
      <input_file id="fl-7">
         <path>F:\04_daima\CCS\ti_car\Debug\.\Bsp\Button\</path>
         <kind>object</kind>
         <file>multi_button.o</file>
         <name>multi_button.o</name>
      </input_file>
      <input_file id="fl-8">
         <path>F:\04_daima\CCS\ti_car\Debug\.\Bsp\Button\</path>
         <kind>object</kind>
         <file>multi_button_user.o</file>
         <name>multi_button_user.o</name>
      </input_file>
      <input_file id="fl-9">
         <path>F:\04_daima\CCS\ti_car\Debug\.\Bsp\Encoder\</path>
         <kind>object</kind>
         <file>encoder_user.o</file>
         <name>encoder_user.o</name>
      </input_file>
      <input_file id="fl-a">
         <path>F:\04_daima\CCS\ti_car\Debug\.\Bsp\Encoder\</path>
         <kind>object</kind>
         <file>hw_encoder.o</file>
         <name>hw_encoder.o</name>
      </input_file>
      <input_file id="fl-b">
         <path>F:\04_daima\CCS\ti_car\Debug\.\Bsp\Motor\</path>
         <kind>object</kind>
         <file>Bsp_Motor.o</file>
         <name>Bsp_Motor.o</name>
      </input_file>
      <input_file id="fl-c">
         <path>F:\04_daima\CCS\ti_car\Debug\.\Bsp\Oled\</path>
         <kind>object</kind>
         <file>app_oled.o</file>
         <name>app_oled.o</name>
      </input_file>
      <input_file id="fl-d">
         <path>F:\04_daima\CCS\ti_car\Debug\.\Bsp\Oled\</path>
         <kind>object</kind>
         <file>hw_oled.o</file>
         <name>hw_oled.o</name>
      </input_file>
      <input_file id="fl-e">
         <path>F:\04_daima\CCS\ti_car\Debug\.\Bsp\Pid\</path>
         <kind>object</kind>
         <file>pid.o</file>
         <name>pid.o</name>
      </input_file>
      <input_file id="fl-f">
         <path>F:\04_daima\CCS\ti_car\Debug\.\Bsp\Pid\</path>
         <kind>object</kind>
         <file>pid_user.o</file>
         <name>pid_user.o</name>
      </input_file>
      <input_file id="fl-10">
         <path>F:\04_daima\CCS\ti_car\Debug\.\Bsp\Task_manage\</path>
         <kind>object</kind>
         <file>scheduler.o</file>
         <name>scheduler.o</name>
      </input_file>
      <input_file id="fl-11">
         <path>F:\04_daima\CCS\ti_car\Debug\.\Bsp\Task_manage\</path>
         <kind>object</kind>
         <file>system.o</file>
         <name>system.o</name>
      </input_file>
      <input_file id="fl-12">
         <path>F:\04_daima\CCS\ti_car\Debug\.\Bsp\Task_manage\</path>
         <kind>object</kind>
         <file>task_manage.o</file>
         <name>task_manage.o</name>
      </input_file>
      <input_file id="fl-13">
         <path>F:\04_daima\CCS\ti_car\Debug\.\Bsp\UART\</path>
         <kind>object</kind>
         <file>ringbuffer.o</file>
         <name>ringbuffer.o</name>
      </input_file>
      <input_file id="fl-14">
         <path>F:\04_daima\CCS\ti_car\Debug\.\Bsp\UART\</path>
         <kind>object</kind>
         <file>uart_app.o</file>
         <name>uart_app.o</name>
      </input_file>
      <input_file id="fl-15">
         <path>F:\04_daima\CCS\ti_car\Debug\.\Bsp\gray\</path>
         <kind>object</kind>
         <file>IIC.o</file>
         <name>IIC.o</name>
      </input_file>
      <input_file id="fl-16">
         <path>F:\04_daima\CCS\ti_car\Debug\.\Bsp\gray\</path>
         <kind>object</kind>
         <file>gray_app.o</file>
         <name>gray_app.o</name>
      </input_file>
      <input_file id="fl-17">
         <path>F:\04_daima\CCS\ti_car\Debug\.\Bsp\gray\</path>
         <kind>object</kind>
         <file>hardware_iic.o</file>
         <name>hardware_iic.o</name>
      </input_file>
      <input_file id="fl-24">
         <path>F:\04_daima\CCS\ti_car\Debug\</path>
         <kind>object</kind>
         <file>&lt;internal&gt;</file>
         <name>&lt;internal&gt;</name>
      </input_file>
      <input_file id="fl-25">
         <path>F:\TI\CCS\mspm0_sdk_2_05_01_00\source\ti\driverlib\lib\ticlang\m0p\mspm0g1x0x_g3x0x\</path>
         <kind>archive</kind>
         <file>driverlib.a</file>
         <name>dl_common.o</name>
      </input_file>
      <input_file id="fl-26">
         <path>F:\TI\CCS\mspm0_sdk_2_05_01_00\source\ti\driverlib\lib\ticlang\m0p\mspm0g1x0x_g3x0x\</path>
         <kind>archive</kind>
         <file>driverlib.a</file>
         <name>dl_i2c.o</name>
      </input_file>
      <input_file id="fl-27">
         <path>F:\TI\CCS\mspm0_sdk_2_05_01_00\source\ti\driverlib\lib\ticlang\m0p\mspm0g1x0x_g3x0x\</path>
         <kind>archive</kind>
         <file>driverlib.a</file>
         <name>dl_spi.o</name>
      </input_file>
      <input_file id="fl-28">
         <path>F:\TI\CCS\mspm0_sdk_2_05_01_00\source\ti\driverlib\lib\ticlang\m0p\mspm0g1x0x_g3x0x\</path>
         <kind>archive</kind>
         <file>driverlib.a</file>
         <name>dl_timer.o</name>
      </input_file>
      <input_file id="fl-29">
         <path>F:\TI\CCS\mspm0_sdk_2_05_01_00\source\ti\driverlib\lib\ticlang\m0p\mspm0g1x0x_g3x0x\</path>
         <kind>archive</kind>
         <file>driverlib.a</file>
         <name>dl_uart.o</name>
      </input_file>
      <input_file id="fl-2a">
         <path>F:\TI\CCS\mspm0_sdk_2_05_01_00\source\ti\driverlib\lib\ticlang\m0p\mspm0g1x0x_g3x0x\</path>
         <kind>archive</kind>
         <file>driverlib.a</file>
         <name>dl_sysctl_mspm0g1x0x_g3x0x.o</name>
      </input_file>
      <input_file id="fl-3f">
         <path>F:\TI\CCS\ccs\tools\compiler\ti-cgt-armllvm_4.0.0.LTS\lib\armv6m-ti-none-eabi\c\</path>
         <kind>archive</kind>
         <file>libc.a</file>
         <name>e_atan2f.c.obj</name>
      </input_file>
      <input_file id="fl-40">
         <path>F:\TI\CCS\ccs\tools\compiler\ti-cgt-armllvm_4.0.0.LTS\lib\armv6m-ti-none-eabi\c\</path>
         <kind>archive</kind>
         <file>libc.a</file>
         <name>e_sqrtf.c.obj</name>
      </input_file>
      <input_file id="fl-41">
         <path>F:\TI\CCS\ccs\tools\compiler\ti-cgt-armllvm_4.0.0.LTS\lib\armv6m-ti-none-eabi\c\</path>
         <kind>archive</kind>
         <file>libc.a</file>
         <name>s_atanf.c.obj</name>
      </input_file>
      <input_file id="fl-42">
         <path>F:\TI\CCS\ccs\tools\compiler\ti-cgt-armllvm_4.0.0.LTS\lib\armv6m-ti-none-eabi\c\</path>
         <kind>archive</kind>
         <file>libc.a</file>
         <name>printf.c.obj</name>
      </input_file>
      <input_file id="fl-43">
         <path>F:\TI\CCS\ccs\tools\compiler\ti-cgt-armllvm_4.0.0.LTS\lib\armv6m-ti-none-eabi\c\</path>
         <kind>archive</kind>
         <file>libc.a</file>
         <name>_printfi.c.obj</name>
      </input_file>
      <input_file id="fl-44">
         <path>F:\TI\CCS\ccs\tools\compiler\ti-cgt-armllvm_4.0.0.LTS\lib\armv6m-ti-none-eabi\c\</path>
         <kind>archive</kind>
         <file>libc.a</file>
         <name>vsnprintf.c.obj</name>
      </input_file>
      <input_file id="fl-45">
         <path>F:\TI\CCS\ccs\tools\compiler\ti-cgt-armllvm_4.0.0.LTS\lib\armv6m-ti-none-eabi\c\</path>
         <kind>archive</kind>
         <file>libc.a</file>
         <name>wcslen.c.obj</name>
      </input_file>
      <input_file id="fl-46">
         <path>F:\TI\CCS\ccs\tools\compiler\ti-cgt-armllvm_4.0.0.LTS\lib\armv6m-ti-none-eabi\c\</path>
         <kind>archive</kind>
         <file>libc.a</file>
         <name>s_frexp.c.obj</name>
      </input_file>
      <input_file id="fl-47">
         <path>F:\TI\CCS\ccs\tools\compiler\ti-cgt-armllvm_4.0.0.LTS\lib\armv6m-ti-none-eabi\c\</path>
         <kind>archive</kind>
         <file>libc.a</file>
         <name>s_scalbn.c.obj</name>
      </input_file>
      <input_file id="fl-48">
         <path>F:\TI\CCS\ccs\tools\compiler\ti-cgt-armllvm_4.0.0.LTS\lib\armv6m-ti-none-eabi\c\</path>
         <kind>archive</kind>
         <file>libc.a</file>
         <name>aeabi_portable.c.obj</name>
      </input_file>
      <input_file id="fl-49">
         <path>F:\TI\CCS\ccs\tools\compiler\ti-cgt-armllvm_4.0.0.LTS\lib\armv6m-ti-none-eabi\c\</path>
         <kind>archive</kind>
         <file>libc.a</file>
         <name>_lock.c.obj</name>
      </input_file>
      <input_file id="fl-4a">
         <path>F:\TI\CCS\ccs\tools\compiler\ti-cgt-armllvm_4.0.0.LTS\lib\armv6m-ti-none-eabi\c\</path>
         <kind>archive</kind>
         <file>libc.a</file>
         <name>_ltoa.c.obj</name>
      </input_file>
      <input_file id="fl-4b">
         <path>F:\TI\CCS\ccs\tools\compiler\ti-cgt-armllvm_4.0.0.LTS\lib\armv6m-ti-none-eabi\c\</path>
         <kind>archive</kind>
         <file>libc.a</file>
         <name>assert.c.obj</name>
      </input_file>
      <input_file id="fl-4c">
         <path>F:\TI\CCS\ccs\tools\compiler\ti-cgt-armllvm_4.0.0.LTS\lib\armv6m-ti-none-eabi\c\</path>
         <kind>archive</kind>
         <file>libc.a</file>
         <name>atoi.c.obj</name>
      </input_file>
      <input_file id="fl-4d">
         <path>F:\TI\CCS\ccs\tools\compiler\ti-cgt-armllvm_4.0.0.LTS\lib\armv6m-ti-none-eabi\c\</path>
         <kind>archive</kind>
         <file>libc.a</file>
         <name>defs.c.obj</name>
      </input_file>
      <input_file id="fl-4e">
         <path>F:\TI\CCS\ccs\tools\compiler\ti-cgt-armllvm_4.0.0.LTS\lib\armv6m-ti-none-eabi\c\</path>
         <kind>archive</kind>
         <file>libc.a</file>
         <name>memccpy.c.obj</name>
      </input_file>
      <input_file id="fl-4f">
         <path>F:\TI\CCS\ccs\tools\compiler\ti-cgt-armllvm_4.0.0.LTS\lib\armv6m-ti-none-eabi\c\</path>
         <kind>archive</kind>
         <file>libc.a</file>
         <name>memory.c.obj</name>
      </input_file>
      <input_file id="fl-50">
         <path>F:\TI\CCS\ccs\tools\compiler\ti-cgt-armllvm_4.0.0.LTS\lib\armv6m-ti-none-eabi\c\</path>
         <kind>archive</kind>
         <file>libc.a</file>
         <name>boot_cortex_m.c.obj</name>
      </input_file>
      <input_file id="fl-51">
         <path>F:\TI\CCS\ccs\tools\compiler\ti-cgt-armllvm_4.0.0.LTS\lib\armv6m-ti-none-eabi\c\</path>
         <kind>archive</kind>
         <file>libc.a</file>
         <name>mathacl_init.c.obj</name>
      </input_file>
      <input_file id="fl-52">
         <path>F:\TI\CCS\ccs\tools\compiler\ti-cgt-armllvm_4.0.0.LTS\lib\armv6m-ti-none-eabi\c\</path>
         <kind>archive</kind>
         <file>libc.a</file>
         <name>autoinit.c.obj</name>
      </input_file>
      <input_file id="fl-53">
         <path>F:\TI\CCS\ccs\tools\compiler\ti-cgt-armllvm_4.0.0.LTS\lib\armv6m-ti-none-eabi\c\</path>
         <kind>archive</kind>
         <file>libc.a</file>
         <name>pre_init.c.obj</name>
      </input_file>
      <input_file id="fl-54">
         <path>F:\TI\CCS\ccs\tools\compiler\ti-cgt-armllvm_4.0.0.LTS\lib\armv6m-ti-none-eabi\c\</path>
         <kind>archive</kind>
         <file>libc.a</file>
         <name>cpy_tbl.c.obj</name>
      </input_file>
      <input_file id="fl-55">
         <path>F:\TI\CCS\ccs\tools\compiler\ti-cgt-armllvm_4.0.0.LTS\lib\armv6m-ti-none-eabi\c\</path>
         <kind>archive</kind>
         <file>libc.a</file>
         <name>copy_zero_init.c.obj</name>
      </input_file>
      <input_file id="fl-56">
         <path>F:\TI\CCS\ccs\tools\compiler\ti-cgt-armllvm_4.0.0.LTS\lib\armv6m-ti-none-eabi\c\</path>
         <kind>archive</kind>
         <file>libc.a</file>
         <name>copy_decompress_none.c.obj</name>
      </input_file>
      <input_file id="fl-57">
         <path>F:\TI\CCS\ccs\tools\compiler\ti-cgt-armllvm_4.0.0.LTS\lib\armv6m-ti-none-eabi\c\</path>
         <kind>archive</kind>
         <file>libc.a</file>
         <name>copy_decompress_lzss.c.obj</name>
      </input_file>
      <input_file id="fl-58">
         <path>F:\TI\CCS\ccs\tools\compiler\ti-cgt-armllvm_4.0.0.LTS\lib\armv6m-ti-none-eabi\c\</path>
         <kind>archive</kind>
         <file>libc.a</file>
         <name>sprintf.c.obj</name>
      </input_file>
      <input_file id="fl-59">
         <path>F:\TI\CCS\ccs\tools\compiler\ti-cgt-armllvm_4.0.0.LTS\lib\armv6m-ti-none-eabi\c\</path>
         <kind>archive</kind>
         <file>libc.a</file>
         <name>fflush.c.obj</name>
      </input_file>
      <input_file id="fl-5a">
         <path>F:\TI\CCS\ccs\tools\compiler\ti-cgt-armllvm_4.0.0.LTS\lib\armv6m-ti-none-eabi\c\</path>
         <kind>archive</kind>
         <file>libc.a</file>
         <name>aeabi_ctype.S.obj</name>
      </input_file>
      <input_file id="fl-5b">
         <path>F:\TI\CCS\ccs\tools\compiler\ti-cgt-armllvm_4.0.0.LTS\lib\armv6m-ti-none-eabi\c\</path>
         <kind>archive</kind>
         <file>libc.a</file>
         <name>exit.c.obj</name>
      </input_file>
      <input_file id="fl-5c">
         <path>F:\TI\CCS\ccs\tools\compiler\ti-cgt-armllvm_4.0.0.LTS\lib\armv6m-ti-none-eabi\c\</path>
         <kind>archive</kind>
         <file>libc.a</file>
         <name>args_main.c.obj</name>
      </input_file>
      <input_file id="fl-f2">
         <path>F:\TI\CCS\ccs\tools\compiler\ti-cgt-armllvm_4.0.0.LTS\lib\armv6m-ti-none-eabi\c\</path>
         <kind>archive</kind>
         <file>libsysbm.a</file>
         <name>write.c.obj</name>
      </input_file>
      <input_file id="fl-f3">
         <path>F:\TI\CCS\ccs\tools\compiler\ti-cgt-armllvm_4.0.0.LTS\lib\armv6m-ti-none-eabi\c\</path>
         <kind>archive</kind>
         <file>libsysbm.a</file>
         <name>host_device.c.obj</name>
      </input_file>
      <input_file id="fl-f4">
         <path>F:\TI\CCS\ccs\tools\compiler\ti-cgt-armllvm_4.0.0.LTS\lib\armv6m-ti-none-eabi\c\</path>
         <kind>archive</kind>
         <file>libsysbm.a</file>
         <name>hostclose.c.obj</name>
      </input_file>
      <input_file id="fl-f5">
         <path>F:\TI\CCS\ccs\tools\compiler\ti-cgt-armllvm_4.0.0.LTS\lib\armv6m-ti-none-eabi\c\</path>
         <kind>archive</kind>
         <file>libsysbm.a</file>
         <name>hostlseek.c.obj</name>
      </input_file>
      <input_file id="fl-f6">
         <path>F:\TI\CCS\ccs\tools\compiler\ti-cgt-armllvm_4.0.0.LTS\lib\armv6m-ti-none-eabi\c\</path>
         <kind>archive</kind>
         <file>libsysbm.a</file>
         <name>hostopen.c.obj</name>
      </input_file>
      <input_file id="fl-f7">
         <path>F:\TI\CCS\ccs\tools\compiler\ti-cgt-armllvm_4.0.0.LTS\lib\armv6m-ti-none-eabi\c\</path>
         <kind>archive</kind>
         <file>libsysbm.a</file>
         <name>hostread.c.obj</name>
      </input_file>
      <input_file id="fl-f8">
         <path>F:\TI\CCS\ccs\tools\compiler\ti-cgt-armllvm_4.0.0.LTS\lib\armv6m-ti-none-eabi\c\</path>
         <kind>archive</kind>
         <file>libsysbm.a</file>
         <name>hostrename.c.obj</name>
      </input_file>
      <input_file id="fl-f9">
         <path>F:\TI\CCS\ccs\tools\compiler\ti-cgt-armllvm_4.0.0.LTS\lib\armv6m-ti-none-eabi\c\</path>
         <kind>archive</kind>
         <file>libsysbm.a</file>
         <name>hostunlink.c.obj</name>
      </input_file>
      <input_file id="fl-fa">
         <path>F:\TI\CCS\ccs\tools\compiler\ti-cgt-armllvm_4.0.0.LTS\lib\armv6m-ti-none-eabi\c\</path>
         <kind>archive</kind>
         <file>libsysbm.a</file>
         <name>hostwrite.c.obj</name>
      </input_file>
      <input_file id="fl-fb">
         <path>F:\TI\CCS\ccs\tools\compiler\ti-cgt-armllvm_4.0.0.LTS\lib\armv6m-ti-none-eabi\c\</path>
         <kind>archive</kind>
         <file>libsysbm.a</file>
         <name>trgmsg.c.obj</name>
      </input_file>
      <input_file id="fl-fc">
         <path>F:\TI\CCS\ccs\tools\compiler\ti-cgt-armllvm_4.0.0.LTS\lib\armv6m-ti-none-eabi\</path>
         <kind>archive</kind>
         <file>libclang_rt.builtins.a</file>
         <name>addsf3.S.obj</name>
      </input_file>
      <input_file id="fl-fd">
         <path>F:\TI\CCS\ccs\tools\compiler\ti-cgt-armllvm_4.0.0.LTS\lib\armv6m-ti-none-eabi\</path>
         <kind>archive</kind>
         <file>libclang_rt.builtins.a</file>
         <name>adddf3.S.obj</name>
      </input_file>
      <input_file id="fl-fe">
         <path>F:\TI\CCS\ccs\tools\compiler\ti-cgt-armllvm_4.0.0.LTS\lib\armv6m-ti-none-eabi\</path>
         <kind>archive</kind>
         <file>libclang_rt.builtins.a</file>
         <name>muldf3.S.obj</name>
      </input_file>
      <input_file id="fl-ff">
         <path>F:\TI\CCS\ccs\tools\compiler\ti-cgt-armllvm_4.0.0.LTS\lib\armv6m-ti-none-eabi\</path>
         <kind>archive</kind>
         <file>libclang_rt.builtins.a</file>
         <name>muldsi3.S.obj</name>
      </input_file>
      <input_file id="fl-100">
         <path>F:\TI\CCS\ccs\tools\compiler\ti-cgt-armllvm_4.0.0.LTS\lib\armv6m-ti-none-eabi\</path>
         <kind>archive</kind>
         <file>libclang_rt.builtins.a</file>
         <name>mulsf3.S.obj</name>
      </input_file>
      <input_file id="fl-101">
         <path>F:\TI\CCS\ccs\tools\compiler\ti-cgt-armllvm_4.0.0.LTS\lib\armv6m-ti-none-eabi\</path>
         <kind>archive</kind>
         <file>libclang_rt.builtins.a</file>
         <name>divsf3.S.obj</name>
      </input_file>
      <input_file id="fl-102">
         <path>F:\TI\CCS\ccs\tools\compiler\ti-cgt-armllvm_4.0.0.LTS\lib\armv6m-ti-none-eabi\</path>
         <kind>archive</kind>
         <file>libclang_rt.builtins.a</file>
         <name>divdf3.S.obj</name>
      </input_file>
      <input_file id="fl-103">
         <path>F:\TI\CCS\ccs\tools\compiler\ti-cgt-armllvm_4.0.0.LTS\lib\armv6m-ti-none-eabi\</path>
         <kind>archive</kind>
         <file>libclang_rt.builtins.a</file>
         <name>extendsfdf2.S.obj</name>
      </input_file>
      <input_file id="fl-104">
         <path>F:\TI\CCS\ccs\tools\compiler\ti-cgt-armllvm_4.0.0.LTS\lib\armv6m-ti-none-eabi\</path>
         <kind>archive</kind>
         <file>libclang_rt.builtins.a</file>
         <name>fixdfsi.S.obj</name>
      </input_file>
      <input_file id="fl-105">
         <path>F:\TI\CCS\ccs\tools\compiler\ti-cgt-armllvm_4.0.0.LTS\lib\armv6m-ti-none-eabi\</path>
         <kind>archive</kind>
         <file>libclang_rt.builtins.a</file>
         <name>fixsfsi.S.obj</name>
      </input_file>
      <input_file id="fl-106">
         <path>F:\TI\CCS\ccs\tools\compiler\ti-cgt-armllvm_4.0.0.LTS\lib\armv6m-ti-none-eabi\</path>
         <kind>archive</kind>
         <file>libclang_rt.builtins.a</file>
         <name>floatsidf.S.obj</name>
      </input_file>
      <input_file id="fl-107">
         <path>F:\TI\CCS\ccs\tools\compiler\ti-cgt-armllvm_4.0.0.LTS\lib\armv6m-ti-none-eabi\</path>
         <kind>archive</kind>
         <file>libclang_rt.builtins.a</file>
         <name>floatsisf.S.obj</name>
      </input_file>
      <input_file id="fl-108">
         <path>F:\TI\CCS\ccs\tools\compiler\ti-cgt-armllvm_4.0.0.LTS\lib\armv6m-ti-none-eabi\</path>
         <kind>archive</kind>
         <file>libclang_rt.builtins.a</file>
         <name>floatunsisf.S.obj</name>
      </input_file>
      <input_file id="fl-109">
         <path>F:\TI\CCS\ccs\tools\compiler\ti-cgt-armllvm_4.0.0.LTS\lib\armv6m-ti-none-eabi\</path>
         <kind>archive</kind>
         <file>libclang_rt.builtins.a</file>
         <name>muldi3.S.obj</name>
      </input_file>
      <input_file id="fl-10a">
         <path>F:\TI\CCS\ccs\tools\compiler\ti-cgt-armllvm_4.0.0.LTS\lib\armv6m-ti-none-eabi\</path>
         <kind>archive</kind>
         <file>libclang_rt.builtins.a</file>
         <name>truncdfsf2.S.obj</name>
      </input_file>
      <input_file id="fl-10b">
         <path>F:\TI\CCS\ccs\tools\compiler\ti-cgt-armllvm_4.0.0.LTS\lib\armv6m-ti-none-eabi\</path>
         <kind>archive</kind>
         <file>libclang_rt.builtins.a</file>
         <name>aeabi_dcmp.S.obj</name>
      </input_file>
      <input_file id="fl-10c">
         <path>F:\TI\CCS\ccs\tools\compiler\ti-cgt-armllvm_4.0.0.LTS\lib\armv6m-ti-none-eabi\</path>
         <kind>archive</kind>
         <file>libclang_rt.builtins.a</file>
         <name>aeabi_fcmp.S.obj</name>
      </input_file>
      <input_file id="fl-10d">
         <path>F:\TI\CCS\ccs\tools\compiler\ti-cgt-armllvm_4.0.0.LTS\lib\armv6m-ti-none-eabi\</path>
         <kind>archive</kind>
         <file>libclang_rt.builtins.a</file>
         <name>aeabi_idivmod.S.obj</name>
      </input_file>
      <input_file id="fl-10e">
         <path>F:\TI\CCS\ccs\tools\compiler\ti-cgt-armllvm_4.0.0.LTS\lib\armv6m-ti-none-eabi\</path>
         <kind>archive</kind>
         <file>libclang_rt.builtins.a</file>
         <name>aeabi_memcpy.S.obj</name>
      </input_file>
      <input_file id="fl-10f">
         <path>F:\TI\CCS\ccs\tools\compiler\ti-cgt-armllvm_4.0.0.LTS\lib\armv6m-ti-none-eabi\</path>
         <kind>archive</kind>
         <file>libclang_rt.builtins.a</file>
         <name>aeabi_memset.S.obj</name>
      </input_file>
      <input_file id="fl-110">
         <path>F:\TI\CCS\ccs\tools\compiler\ti-cgt-armllvm_4.0.0.LTS\lib\armv6m-ti-none-eabi\</path>
         <kind>archive</kind>
         <file>libclang_rt.builtins.a</file>
         <name>aeabi_uidivmod.S.obj</name>
      </input_file>
      <input_file id="fl-111">
         <path>F:\TI\CCS\ccs\tools\compiler\ti-cgt-armllvm_4.0.0.LTS\lib\armv6m-ti-none-eabi\</path>
         <kind>archive</kind>
         <file>libclang_rt.builtins.a</file>
         <name>aeabi_uldivmod.S.obj</name>
      </input_file>
      <input_file id="fl-112">
         <path>F:\TI\CCS\ccs\tools\compiler\ti-cgt-armllvm_4.0.0.LTS\lib\armv6m-ti-none-eabi\</path>
         <kind>archive</kind>
         <file>libclang_rt.builtins.a</file>
         <name>comparesf2.S.obj</name>
      </input_file>
      <input_file id="fl-113">
         <path>F:\TI\CCS\ccs\tools\compiler\ti-cgt-armllvm_4.0.0.LTS\lib\armv6m-ti-none-eabi\</path>
         <kind>archive</kind>
         <file>libclang_rt.builtins.a</file>
         <name>udivmoddi4.S.obj</name>
      </input_file>
      <input_file id="fl-114">
         <path>F:\TI\CCS\ccs\tools\compiler\ti-cgt-armllvm_4.0.0.LTS\lib\armv6m-ti-none-eabi\</path>
         <kind>archive</kind>
         <file>libclang_rt.builtins.a</file>
         <name>ashldi3.S.obj</name>
      </input_file>
      <input_file id="fl-115">
         <path>F:\TI\CCS\ccs\tools\compiler\ti-cgt-armllvm_4.0.0.LTS\lib\armv6m-ti-none-eabi\</path>
         <kind>archive</kind>
         <file>libclang_rt.builtins.a</file>
         <name>comparedf2.c.obj</name>
      </input_file>
      <input_file id="fl-116">
         <path>F:\TI\CCS\ccs\tools\compiler\ti-cgt-armllvm_4.0.0.LTS\lib\armv6m-ti-none-eabi\</path>
         <kind>archive</kind>
         <file>libclang_rt.builtins.a</file>
         <name>aeabi_div0.c.obj</name>
      </input_file>
      <input_file id="fl-117">
         <path>F:\TI\CCS\ccs\tools\compiler\ti-cgt-armllvm_4.0.0.LTS\lib\armv6m-ti-none-eabi\c\</path>
         <kind>archive</kind>
         <file>libc.a</file>
         <name>memcpy16.S.obj</name>
      </input_file>
      <input_file id="fl-118">
         <path>F:\TI\CCS\ccs\tools\compiler\ti-cgt-armllvm_4.0.0.LTS\lib\armv6m-ti-none-eabi\c\</path>
         <kind>archive</kind>
         <file>libc.a</file>
         <name>memset16.S.obj</name>
      </input_file>
   </input_file_list>
   <object_component_list>
      <object_component id="oc-18">
         <name>.intvecs</name>
         <load_address>0x0</load_address>
         <readonly>true</readonly>
         <run_address>0x0</run_address>
         <size>0xc0</size>
         <alignment>0x4</alignment>
         <input_file_ref idref="fl-3"/>
      </object_component>
      <object_component id="oc-179">
         <name>.text.OLED_Init</name>
         <load_address>0xc0</load_address>
         <readonly>true</readonly>
         <executable>true</executable>
         <run_address>0xc0</run_address>
         <size>0x12a4</size>
         <alignment>0x4</alignment>
         <input_file_ref idref="fl-d"/>
      </object_component>
      <object_component id="oc-212">
         <name>.text.OLED_Clear</name>
         <load_address>0x1364</load_address>
         <readonly>true</readonly>
         <executable>true</executable>
         <run_address>0x1364</run_address>
         <size>0xa90</size>
         <alignment>0x4</alignment>
         <input_file_ref idref="fl-d"/>
      </object_component>
      <object_component id="oc-26f">
         <name>.text:__TI_printfi</name>
         <load_address>0x1df4</load_address>
         <readonly>true</readonly>
         <executable>true</executable>
         <run_address>0x1df4</run_address>
         <size>0x9d0</size>
         <alignment>0x4</alignment>
         <input_file_ref idref="fl-43"/>
      </object_component>
      <object_component id="oc-182">
         <name>.text.Ekf_yaw_Forecast</name>
         <load_address>0x27c4</load_address>
         <readonly>true</readonly>
         <executable>true</executable>
         <run_address>0x27c4</run_address>
         <size>0x360</size>
         <alignment>0x4</alignment>
         <input_file_ref idref="fl-6"/>
      </object_component>
      <object_component id="oc-181">
         <name>.text.OLED_Refresh</name>
         <load_address>0x2b24</load_address>
         <readonly>true</readonly>
         <executable>true</executable>
         <run_address>0x2b24</run_address>
         <size>0x2b4</size>
         <alignment>0x4</alignment>
         <input_file_ref idref="fl-d"/>
      </object_component>
      <object_component id="oc-257">
         <name>.text.bmi088_accel_init</name>
         <load_address>0x2dd8</load_address>
         <readonly>true</readonly>
         <executable>true</executable>
         <run_address>0x2dd8</run_address>
         <size>0x274</size>
         <alignment>0x4</alignment>
         <input_file_ref idref="fl-5"/>
      </object_component>
      <object_component id="oc-20b">
         <name>.text.OLED_ShowChar</name>
         <load_address>0x304c</load_address>
         <readonly>true</readonly>
         <executable>true</executable>
         <run_address>0x304c</run_address>
         <size>0x270</size>
         <alignment>0x4</alignment>
         <input_file_ref idref="fl-d"/>
      </object_component>
      <object_component id="oc-258">
         <name>.text.bmi088_gyro_init</name>
         <load_address>0x32bc</load_address>
         <readonly>true</readonly>
         <executable>true</executable>
         <run_address>0x32bc</run_address>
         <size>0x224</size>
         <alignment>0x4</alignment>
         <input_file_ref idref="fl-5"/>
      </object_component>
      <object_component id="oc-29a">
         <name>.text._pconv_a</name>
         <load_address>0x34e0</load_address>
         <readonly>true</readonly>
         <executable>true</executable>
         <run_address>0x34e0</run_address>
         <size>0x220</size>
         <alignment>0x4</alignment>
         <input_file_ref idref="fl-43"/>
      </object_component>
      <object_component id="oc-29f">
         <name>.text._pconv_g</name>
         <load_address>0x3700</load_address>
         <readonly>true</readonly>
         <executable>true</executable>
         <run_address>0x3700</run_address>
         <size>0x1dc</size>
         <alignment>0x4</alignment>
         <input_file_ref idref="fl-43"/>
      </object_component>
      <object_component id="oc-b0">
         <name>.text.EKF_Predict</name>
         <load_address>0x38dc</load_address>
         <readonly>true</readonly>
         <executable>true</executable>
         <run_address>0x38dc</run_address>
         <size>0x1cc</size>
         <alignment>0x2</alignment>
         <input_file_ref idref="fl-6"/>
      </object_component>
      <object_component id="oc-139">
         <name>.text.atanf</name>
         <load_address>0x3aa8</load_address>
         <readonly>true</readonly>
         <executable>true</executable>
         <run_address>0x3aa8</run_address>
         <size>0x1c8</size>
         <alignment>0x4</alignment>
         <input_file_ref idref="fl-41"/>
      </object_component>
      <object_component id="oc-aa">
         <name>.text.BMI088_read</name>
         <load_address>0x3c70</load_address>
         <readonly>true</readonly>
         <executable>true</executable>
         <run_address>0x3c70</run_address>
         <size>0x194</size>
         <alignment>0x4</alignment>
         <input_file_ref idref="fl-5"/>
      </object_component>
      <object_component id="oc-2d9">
         <name>.text.adddf3_subdf3</name>
         <load_address>0x3e04</load_address>
         <readonly>true</readonly>
         <executable>true</executable>
         <run_address>0x3e04</run_address>
         <size>0x192</size>
         <alignment>0x4</alignment>
         <input_file_ref idref="fl-fd"/>
      </object_component>
      <object_component id="oc-255">
         <name>.text.BMI088_GPIO_init</name>
         <load_address>0x3f96</load_address>
         <readonly>true</readonly>
         <executable>true</executable>
         <run_address>0x3f96</run_address>
         <size>0x2</size>
         <alignment>0x2</alignment>
         <input_file_ref idref="fl-4"/>
      </object_component>
      <object_component id="oc-259">
         <name>.text.hardware_IIC_ReadByte</name>
         <load_address>0x3f98</load_address>
         <readonly>true</readonly>
         <executable>true</executable>
         <run_address>0x3f98</run_address>
         <size>0x168</size>
         <alignment>0x4</alignment>
         <input_file_ref idref="fl-15"/>
      </object_component>
      <object_component id="oc-ff">
         <name>.text.menu_task</name>
         <load_address>0x4100</load_address>
         <readonly>true</readonly>
         <executable>true</executable>
         <run_address>0x4100</run_address>
         <size>0x148</size>
         <alignment>0x4</alignment>
         <input_file_ref idref="fl-c"/>
      </object_component>
      <object_component id="oc-2dd">
         <name>.text.fcvt</name>
         <load_address>0x4248</load_address>
         <readonly>true</readonly>
         <executable>true</executable>
         <run_address>0x4248</run_address>
         <size>0x13c</size>
         <alignment>0x4</alignment>
         <input_file_ref idref="fl-43"/>
      </object_component>
      <object_component id="oc-2a1">
         <name>.text._pconv_e</name>
         <load_address>0x4384</load_address>
         <readonly>true</readonly>
         <executable>true</executable>
         <run_address>0x4384</run_address>
         <size>0x120</size>
         <alignment>0x4</alignment>
         <input_file_ref idref="fl-43"/>
      </object_component>
      <object_component id="oc-b9">
         <name>.text.atan2f</name>
         <load_address>0x44a4</load_address>
         <readonly>true</readonly>
         <executable>true</executable>
         <run_address>0x44a4</run_address>
         <size>0x118</size>
         <alignment>0x4</alignment>
         <input_file_ref idref="fl-3f"/>
      </object_component>
      <object_component id="oc-c1">
         <name>.text.__divdf3</name>
         <load_address>0x45bc</load_address>
         <readonly>true</readonly>
         <executable>true</executable>
         <run_address>0x45bc</run_address>
         <size>0x10c</size>
         <alignment>0x4</alignment>
         <input_file_ref idref="fl-102"/>
      </object_component>
      <object_component id="oc-1d5">
         <name>.text.DL_Timer_initFourCCPWMMode</name>
         <load_address>0x46c8</load_address>
         <readonly>true</readonly>
         <executable>true</executable>
         <run_address>0x46c8</run_address>
         <size>0x104</size>
         <alignment>0x4</alignment>
         <input_file_ref idref="fl-28"/>
      </object_component>
      <object_component id="oc-1dc">
         <name>.text.DL_Timer_initTimerMode</name>
         <load_address>0x47cc</load_address>
         <readonly>true</readonly>
         <executable>true</executable>
         <run_address>0x47cc</run_address>
         <size>0xe8</size>
         <alignment>0x4</alignment>
         <input_file_ref idref="fl-28"/>
      </object_component>
      <object_component id="oc-19a">
         <name>.text.Gray_Task</name>
         <load_address>0x48b4</load_address>
         <readonly>true</readonly>
         <executable>true</executable>
         <run_address>0x48b4</run_address>
         <size>0xe8</size>
         <alignment>0x4</alignment>
         <input_file_ref idref="fl-16"/>
      </object_component>
      <object_component id="oc-17f">
         <name>.text.OLED_DisPlay_On</name>
         <load_address>0x499c</load_address>
         <readonly>true</readonly>
         <executable>true</executable>
         <run_address>0x499c</run_address>
         <size>0xe8</size>
         <alignment>0x4</alignment>
         <input_file_ref idref="fl-d"/>
      </object_component>
      <object_component id="oc-163">
         <name>.text.SYSCFG_DL_GPIO_init</name>
         <load_address>0x4a84</load_address>
         <readonly>true</readonly>
         <executable>true</executable>
         <run_address>0x4a84</run_address>
         <size>0xe4</size>
         <alignment>0x4</alignment>
         <input_file_ref idref="fl-2"/>
      </object_component>
      <object_component id="oc-21f">
         <name>.text.__muldf3</name>
         <load_address>0x4b68</load_address>
         <readonly>true</readonly>
         <executable>true</executable>
         <run_address>0x4b68</run_address>
         <size>0xe4</size>
         <alignment>0x4</alignment>
         <input_file_ref idref="fl-fe"/>
      </object_component>
      <object_component id="oc-1d1">
         <name>.text.DL_SYSCTL_configSYSPLL</name>
         <load_address>0x4c4c</load_address>
         <readonly>true</readonly>
         <executable>true</executable>
         <run_address>0x4c4c</run_address>
         <size>0xdc</size>
         <alignment>0x4</alignment>
         <input_file_ref idref="fl-2a"/>
      </object_component>
      <object_component id="oc-2bc">
         <name>.text.scalbn</name>
         <load_address>0x4d28</load_address>
         <readonly>true</readonly>
         <executable>true</executable>
         <run_address>0x4d28</run_address>
         <size>0xd8</size>
         <alignment>0x4</alignment>
         <input_file_ref idref="fl-47"/>
      </object_component>
      <object_component id="oc-b5">
         <name>.text</name>
         <load_address>0x4e00</load_address>
         <readonly>true</readonly>
         <executable>true</executable>
         <run_address>0x4e00</run_address>
         <size>0xd8</size>
         <alignment>0x4</alignment>
         <input_file_ref idref="fl-fc"/>
      </object_component>
      <object_component id="oc-71">
         <name>.text.Yaw_Task</name>
         <load_address>0x4ed8</load_address>
         <readonly>true</readonly>
         <executable>true</executable>
         <run_address>0x4ed8</run_address>
         <size>0xd4</size>
         <alignment>0x4</alignment>
         <input_file_ref idref="fl-6"/>
      </object_component>
      <object_component id="oc-77">
         <name>.text.line3_loop_update</name>
         <load_address>0x4fac</load_address>
         <readonly>true</readonly>
         <executable>true</executable>
         <run_address>0x4fac</run_address>
         <size>0xd4</size>
         <alignment>0x4</alignment>
         <input_file_ref idref="fl-f"/>
      </object_component>
      <object_component id="oc-19c">
         <name>.text.Encoder_Task</name>
         <load_address>0x5080</load_address>
         <readonly>true</readonly>
         <executable>true</executable>
         <run_address>0x5080</run_address>
         <size>0xcc</size>
         <alignment>0x4</alignment>
         <input_file_ref idref="fl-9"/>
      </object_component>
      <object_component id="oc-180">
         <name>.text.OLED_Printf</name>
         <load_address>0x514c</load_address>
         <readonly>true</readonly>
         <executable>true</executable>
         <run_address>0x514c</run_address>
         <size>0xa6</size>
         <alignment>0x2</alignment>
         <input_file_ref idref="fl-d"/>
      </object_component>
      <object_component id="oc-256">
         <name>.text.BMI088_com_init</name>
         <load_address>0x51f2</load_address>
         <readonly>true</readonly>
         <executable>true</executable>
         <run_address>0x51f2</run_address>
         <size>0x2</size>
         <alignment>0x2</alignment>
         <input_file_ref idref="fl-4"/>
      </object_component>
      <object_component id="oc-2b3">
         <name>.text</name>
         <load_address>0x51f4</load_address>
         <readonly>true</readonly>
         <executable>true</executable>
         <run_address>0x51f4</run_address>
         <size>0xa2</size>
         <alignment>0x4</alignment>
         <input_file_ref idref="fl-113"/>
      </object_component>
      <object_component id="oc-33">
         <name>.text.Default_Handler</name>
         <load_address>0x5296</load_address>
         <readonly>true</readonly>
         <executable>true</executable>
         <run_address>0x5296</run_address>
         <size>0x2</size>
         <alignment>0x2</alignment>
         <input_file_ref idref="fl-3"/>
      </object_component>
      <object_component id="oc-34">
         <name>.text.GROUP1_IRQHandler</name>
         <load_address>0x5298</load_address>
         <readonly>true</readonly>
         <executable>true</executable>
         <run_address>0x5298</run_address>
         <size>0xa0</size>
         <alignment>0x4</alignment>
         <input_file_ref idref="fl-a"/>
      </object_component>
      <object_component id="oc-12f">
         <name>.text.sqrtf</name>
         <load_address>0x5338</load_address>
         <readonly>true</readonly>
         <executable>true</executable>
         <run_address>0x5338</run_address>
         <size>0xa0</size>
         <alignment>0x4</alignment>
         <input_file_ref idref="fl-40"/>
      </object_component>
      <object_component id="oc-195">
         <name>.text.key_proc</name>
         <load_address>0x53d8</load_address>
         <readonly>true</readonly>
         <executable>true</executable>
         <run_address>0x53d8</run_address>
         <size>0x9c</size>
         <alignment>0x4</alignment>
         <input_file_ref idref="fl-8"/>
      </object_component>
      <object_component id="oc-f4">
         <name>.text:memcpy</name>
         <load_address>0x5474</load_address>
         <readonly>true</readonly>
         <executable>true</executable>
         <run_address>0x5474</run_address>
         <size>0x9a</size>
         <alignment>0x1</alignment>
         <input_file_ref idref="fl-117"/>
      </object_component>
      <object_component id="oc-16d">
         <name>.text.SYSCFG_DL_SYSTICK_init</name>
         <load_address>0x550e</load_address>
         <readonly>true</readonly>
         <executable>true</executable>
         <run_address>0x550e</run_address>
         <size>0x2</size>
         <alignment>0x2</alignment>
         <input_file_ref idref="fl-2"/>
      </object_component>
      <object_component id="oc-3f">
         <name>.text.TIMA0_IRQHandler</name>
         <load_address>0x5510</load_address>
         <readonly>true</readonly>
         <executable>true</executable>
         <run_address>0x5510</run_address>
         <size>0x8c</size>
         <alignment>0x4</alignment>
         <input_file_ref idref="fl-11"/>
      </object_component>
      <object_component id="oc-b1">
         <name>.text.__mulsf3</name>
         <load_address>0x559c</load_address>
         <readonly>true</readonly>
         <executable>true</executable>
         <run_address>0x559c</run_address>
         <size>0x8c</size>
         <alignment>0x4</alignment>
         <input_file_ref idref="fl-100"/>
      </object_component>
      <object_component id="oc-161">
         <name>.text.SYSCFG_DL_initPower</name>
         <load_address>0x5628</load_address>
         <readonly>true</readonly>
         <executable>true</executable>
         <run_address>0x5628</run_address>
         <size>0x88</size>
         <alignment>0x4</alignment>
         <input_file_ref idref="fl-2"/>
      </object_component>
      <object_component id="oc-d1">
         <name>.text.pid_calculate_positional</name>
         <load_address>0x56b0</load_address>
         <readonly>true</readonly>
         <executable>true</executable>
         <run_address>0x56b0</run_address>
         <size>0x86</size>
         <alignment>0x2</alignment>
         <input_file_ref idref="fl-e"/>
      </object_component>
      <object_component id="oc-2a5">
         <name>.text.__aeabi_idiv0</name>
         <load_address>0x5736</load_address>
         <readonly>true</readonly>
         <executable>true</executable>
         <run_address>0x5736</run_address>
         <size>0x2</size>
         <alignment>0x2</alignment>
         <input_file_ref idref="fl-116"/>
      </object_component>
      <object_component id="oc-16a">
         <name>.text.SYSCFG_DL_UART_0_init</name>
         <load_address>0x5738</load_address>
         <readonly>true</readonly>
         <executable>true</executable>
         <run_address>0x5738</run_address>
         <size>0x84</size>
         <alignment>0x4</alignment>
         <input_file_ref idref="fl-2"/>
      </object_component>
      <object_component id="oc-a6">
         <name>.text.__divsf3</name>
         <load_address>0x57bc</load_address>
         <readonly>true</readonly>
         <executable>true</executable>
         <run_address>0x57bc</run_address>
         <size>0x82</size>
         <alignment>0x4</alignment>
         <input_file_ref idref="fl-101"/>
      </object_component>
      <object_component id="oc-2e2">
         <name>.text.__aeabi_ldiv0</name>
         <load_address>0x583e</load_address>
         <readonly>true</readonly>
         <executable>true</executable>
         <run_address>0x583e</run_address>
         <size>0x2</size>
         <alignment>0x2</alignment>
         <input_file_ref idref="fl-116"/>
      </object_component>
      <object_component id="oc-1c">
         <name>.text:decompress:lzss</name>
         <load_address>0x5840</load_address>
         <readonly>true</readonly>
         <executable>true</executable>
         <run_address>0x5840</run_address>
         <size>0x7c</size>
         <alignment>0x4</alignment>
         <input_file_ref idref="fl-57"/>
      </object_component>
      <object_component id="oc-164">
         <name>.text.SYSCFG_DL_SYSCTL_init</name>
         <load_address>0x58bc</load_address>
         <readonly>true</readonly>
         <executable>true</executable>
         <run_address>0x58bc</run_address>
         <size>0x78</size>
         <alignment>0x4</alignment>
         <input_file_ref idref="fl-2"/>
      </object_component>
      <object_component id="oc-176">
         <name>.text.speed_loop_init</name>
         <load_address>0x5934</load_address>
         <readonly>true</readonly>
         <executable>true</executable>
         <run_address>0x5934</run_address>
         <size>0x78</size>
         <alignment>0x4</alignment>
         <input_file_ref idref="fl-f"/>
      </object_component>
      <object_component id="oc-2d7">
         <name>.text.__gedf2</name>
         <load_address>0x59ac</load_address>
         <readonly>true</readonly>
         <executable>true</executable>
         <run_address>0x59ac</run_address>
         <size>0x74</size>
         <alignment>0x4</alignment>
         <input_file_ref idref="fl-115"/>
      </object_component>
      <object_component id="oc-c5">
         <name>.text.__truncdfsf2</name>
         <load_address>0x5a20</load_address>
         <readonly>true</readonly>
         <executable>true</executable>
         <run_address>0x5a20</run_address>
         <size>0x74</size>
         <alignment>0x10</alignment>
         <input_file_ref idref="fl-10a"/>
      </object_component>
      <object_component id="oc-165">
         <name>.text.SYSCFG_DL_PWM_MOTOR_L_init</name>
         <load_address>0x5a94</load_address>
         <readonly>true</readonly>
         <executable>true</executable>
         <run_address>0x5a94</run_address>
         <size>0x70</size>
         <alignment>0x4</alignment>
         <input_file_ref idref="fl-2"/>
      </object_component>
      <object_component id="oc-166">
         <name>.text.SYSCFG_DL_PWM_MOTOR_R_init</name>
         <load_address>0x5b04</load_address>
         <readonly>true</readonly>
         <executable>true</executable>
         <run_address>0x5b04</run_address>
         <size>0x70</size>
         <alignment>0x4</alignment>
         <input_file_ref idref="fl-2"/>
      </object_component>
      <object_component id="oc-16b">
         <name>.text.SYSCFG_DL_UART_1_init</name>
         <load_address>0x5b74</load_address>
         <readonly>true</readonly>
         <executable>true</executable>
         <run_address>0x5b74</run_address>
         <size>0x70</size>
         <alignment>0x4</alignment>
         <input_file_ref idref="fl-2"/>
      </object_component>
      <object_component id="oc-e0">
         <name>.text.load_motor_pwm</name>
         <load_address>0x5be4</load_address>
         <readonly>true</readonly>
         <executable>true</executable>
         <run_address>0x5be4</run_address>
         <size>0x6c</size>
         <alignment>0x4</alignment>
         <input_file_ref idref="fl-b"/>
      </object_component>
      <object_component id="oc-2d1">
         <name>.text.__ledf2</name>
         <load_address>0x5c50</load_address>
         <readonly>true</readonly>
         <executable>true</executable>
         <run_address>0x5c50</run_address>
         <size>0x68</size>
         <alignment>0x4</alignment>
         <input_file_ref idref="fl-115"/>
      </object_component>
      <object_component id="oc-2d0">
         <name>.text._mcpy</name>
         <load_address>0x5cb8</load_address>
         <readonly>true</readonly>
         <executable>true</executable>
         <run_address>0x5cb8</run_address>
         <size>0x66</size>
         <alignment>0x2</alignment>
         <input_file_ref idref="fl-43"/>
      </object_component>
      <object_component id="oc-233">
         <name>.text._nop</name>
         <load_address>0x5d1e</load_address>
         <readonly>true</readonly>
         <executable>true</executable>
         <run_address>0x5d1e</run_address>
         <size>0x2</size>
         <alignment>0x2</alignment>
         <input_file_ref idref="fl-49"/>
      </object_component>
      <object_component id="oc-1cb">
         <name>.text.DL_SYSCTL_setHFCLKSourceHFXTParams</name>
         <load_address>0x5d20</load_address>
         <readonly>true</readonly>
         <executable>true</executable>
         <run_address>0x5d20</run_address>
         <size>0x64</size>
         <alignment>0x4</alignment>
         <input_file_ref idref="fl-2a"/>
      </object_component>
      <object_component id="oc-29b">
         <name>.text.__aeabi_dcmp</name>
         <load_address>0x5d84</load_address>
         <readonly>true</readonly>
         <executable>true</executable>
         <run_address>0x5d84</run_address>
         <size>0x62</size>
         <alignment>0x4</alignment>
         <input_file_ref idref="fl-10b"/>
      </object_component>
      <object_component id="oc-145">
         <name>.text.__aeabi_fcmp</name>
         <load_address>0x5de8</load_address>
         <readonly>true</readonly>
         <executable>true</executable>
         <run_address>0x5de8</run_address>
         <size>0x62</size>
         <alignment>0x4</alignment>
         <input_file_ref idref="fl-10c"/>
      </object_component>
      <object_component id="oc-160">
         <name>.text:memset</name>
         <load_address>0x5e4a</load_address>
         <readonly>true</readonly>
         <executable>true</executable>
         <run_address>0x5e4a</run_address>
         <size>0x62</size>
         <alignment>0x1</alignment>
         <input_file_ref idref="fl-118"/>
      </object_component>
      <object_component id="oc-201">
         <name>.text.DL_I2C_fillControllerTXFIFO</name>
         <load_address>0x5eac</load_address>
         <readonly>true</readonly>
         <executable>true</executable>
         <run_address>0x5eac</run_address>
         <size>0x5e</size>
         <alignment>0x2</alignment>
         <input_file_ref idref="fl-26"/>
      </object_component>
      <object_component id="oc-2b8">
         <name>.text.frexp</name>
         <load_address>0x5f0c</load_address>
         <readonly>true</readonly>
         <executable>true</executable>
         <run_address>0x5f0c</run_address>
         <size>0x5c</size>
         <alignment>0x4</alignment>
         <input_file_ref idref="fl-46"/>
      </object_component>
      <object_component id="oc-22c">
         <name>.text.printf</name>
         <load_address>0x5f68</load_address>
         <readonly>true</readonly>
         <executable>true</executable>
         <run_address>0x5f68</run_address>
         <size>0x5c</size>
         <alignment>0x4</alignment>
         <input_file_ref idref="fl-42"/>
      </object_component>
      <object_component id="oc-2c4">
         <name>.text.__TI_ltoa</name>
         <load_address>0x5fc4</load_address>
         <readonly>true</readonly>
         <executable>true</executable>
         <run_address>0x5fc4</run_address>
         <size>0x58</size>
         <alignment>0x2</alignment>
         <input_file_ref idref="fl-4a"/>
      </object_component>
      <object_component id="oc-2a0">
         <name>.text._pconv_f</name>
         <load_address>0x601c</load_address>
         <readonly>true</readonly>
         <executable>true</executable>
         <run_address>0x601c</run_address>
         <size>0x58</size>
         <alignment>0x2</alignment>
         <input_file_ref idref="fl-43"/>
      </object_component>
      <object_component id="oc-103">
         <name>.text.task_run</name>
         <load_address>0x6074</load_address>
         <readonly>true</readonly>
         <executable>true</executable>
         <run_address>0x6074</run_address>
         <size>0x58</size>
         <alignment>0x4</alignment>
         <input_file_ref idref="fl-11"/>
      </object_component>
      <object_component id="oc-2ef">
         <name>.text.__aeabi_idivmod</name>
         <load_address>0x60cc</load_address>
         <readonly>true</readonly>
         <executable>true</executable>
         <run_address>0x60cc</run_address>
         <size>0x56</size>
         <alignment>0x4</alignment>
         <input_file_ref idref="fl-10d"/>
      </object_component>
      <object_component id="oc-169">
         <name>.text.SYSCFG_DL_I2C_GRAY_init</name>
         <load_address>0x6124</load_address>
         <readonly>true</readonly>
         <executable>true</executable>
         <run_address>0x6124</run_address>
         <size>0x54</size>
         <alignment>0x4</alignment>
         <input_file_ref idref="fl-2"/>
      </object_component>
      <object_component id="oc-168">
         <name>.text.SYSCFG_DL_I2C_OLED_init</name>
         <load_address>0x6178</load_address>
         <readonly>true</readonly>
         <executable>true</executable>
         <run_address>0x6178</run_address>
         <size>0x54</size>
         <alignment>0x4</alignment>
         <input_file_ref idref="fl-2"/>
      </object_component>
      <object_component id="oc-2ce">
         <name>.text._ecpy</name>
         <load_address>0x61cc</load_address>
         <readonly>true</readonly>
         <executable>true</executable>
         <run_address>0x61cc</run_address>
         <size>0x52</size>
         <alignment>0x2</alignment>
         <input_file_ref idref="fl-43"/>
      </object_component>
      <object_component id="oc-f9">
         <name>.text.SYSCFG_DL_init</name>
         <load_address>0x6220</load_address>
         <readonly>true</readonly>
         <executable>true</executable>
         <run_address>0x6220</run_address>
         <size>0x50</size>
         <alignment>0x4</alignment>
         <input_file_ref idref="fl-2"/>
      </object_component>
      <object_component id="oc-16c">
         <name>.text.SYSCFG_DL_SPI_BMI_init</name>
         <load_address>0x6270</load_address>
         <readonly>true</readonly>
         <executable>true</executable>
         <run_address>0x6270</run_address>
         <size>0x4c</size>
         <alignment>0x4</alignment>
         <input_file_ref idref="fl-2"/>
      </object_component>
      <object_component id="oc-fe">
         <name>.text.task_init</name>
         <load_address>0x62bc</load_address>
         <readonly>true</readonly>
         <executable>true</executable>
         <run_address>0x62bc</run_address>
         <size>0x4c</size>
         <alignment>0x4</alignment>
         <input_file_ref idref="fl-1"/>
      </object_component>
      <object_component id="oc-2c0">
         <name>.text.__fixdfsi</name>
         <load_address>0x6308</load_address>
         <readonly>true</readonly>
         <executable>true</executable>
         <run_address>0x6308</run_address>
         <size>0x4a</size>
         <alignment>0x4</alignment>
         <input_file_ref idref="fl-104"/>
      </object_component>
      <object_component id="oc-1ed">
         <name>.text.DL_UART_init</name>
         <load_address>0x6354</load_address>
         <readonly>true</readonly>
         <executable>true</executable>
         <run_address>0x6354</run_address>
         <size>0x48</size>
         <alignment>0x4</alignment>
         <input_file_ref idref="fl-29"/>
      </object_component>
      <object_component id="oc-21e">
         <name>.text.Encoder_Driver_Update</name>
         <load_address>0x639c</load_address>
         <readonly>true</readonly>
         <executable>true</executable>
         <run_address>0x639c</run_address>
         <size>0x48</size>
         <alignment>0x4</alignment>
         <input_file_ref idref="fl-a"/>
      </object_component>
      <object_component id="oc-167">
         <name>.text.SYSCFG_DL_TIMER_TICK_init</name>
         <load_address>0x63e4</load_address>
         <readonly>true</readonly>
         <executable>true</executable>
         <run_address>0x63e4</run_address>
         <size>0x48</size>
         <alignment>0x4</alignment>
         <input_file_ref idref="fl-2"/>
      </object_component>
      <object_component id="oc-3a">
         <name>.text.UART0_IRQHandler</name>
         <load_address>0x642c</load_address>
         <readonly>true</readonly>
         <executable>true</executable>
         <run_address>0x642c</run_address>
         <size>0x48</size>
         <alignment>0x4</alignment>
         <input_file_ref idref="fl-14"/>
      </object_component>
      <object_component id="oc-1f8">
         <name>.text.DL_SPI_init</name>
         <load_address>0x6474</load_address>
         <readonly>true</readonly>
         <executable>true</executable>
         <run_address>0x6474</run_address>
         <size>0x44</size>
         <alignment>0x4</alignment>
         <input_file_ref idref="fl-27"/>
      </object_component>
      <object_component id="oc-1d2">
         <name>.text.DL_SYSCTL_switchMCLKfromSYSOSCtoHSCLK</name>
         <load_address>0x64b8</load_address>
         <readonly>true</readonly>
         <executable>true</executable>
         <run_address>0x64b8</run_address>
         <size>0x44</size>
         <alignment>0x4</alignment>
         <input_file_ref idref="fl-2a"/>
      </object_component>
      <object_component id="oc-178">
         <name>.text.line_loop_init</name>
         <load_address>0x64fc</load_address>
         <readonly>true</readonly>
         <executable>true</executable>
         <run_address>0x64fc</run_address>
         <size>0x44</size>
         <alignment>0x4</alignment>
         <input_file_ref idref="fl-f"/>
      </object_component>
      <object_component id="oc-283">
         <name>.text.__aeabi_uidivmod</name>
         <load_address>0x6540</load_address>
         <readonly>true</readonly>
         <executable>true</executable>
         <run_address>0x6540</run_address>
         <size>0x40</size>
         <alignment>0x4</alignment>
         <input_file_ref idref="fl-110"/>
      </object_component>
      <object_component id="oc-bd">
         <name>.text.__extendsfdf2</name>
         <load_address>0x6580</load_address>
         <readonly>true</readonly>
         <executable>true</executable>
         <run_address>0x6580</run_address>
         <size>0x40</size>
         <alignment>0x4</alignment>
         <input_file_ref idref="fl-103"/>
      </object_component>
      <object_component id="oc-289">
         <name>.text.atoi</name>
         <load_address>0x65c0</load_address>
         <readonly>true</readonly>
         <executable>true</executable>
         <run_address>0x65c0</run_address>
         <size>0x40</size>
         <alignment>0x4</alignment>
         <input_file_ref idref="fl-4c"/>
      </object_component>
      <object_component id="oc-173">
         <name>.text.encoder_init</name>
         <load_address>0x6600</load_address>
         <readonly>true</readonly>
         <executable>true</executable>
         <run_address>0x6600</run_address>
         <size>0x40</size>
         <alignment>0x4</alignment>
         <input_file_ref idref="fl-a"/>
      </object_component>
      <object_component id="oc-1a0">
         <name>.text.uart_proc</name>
         <load_address>0x6640</load_address>
         <readonly>true</readonly>
         <executable>true</executable>
         <run_address>0x6640</run_address>
         <size>0x40</size>
         <alignment>0x4</alignment>
         <input_file_ref idref="fl-14"/>
      </object_component>
      <object_component id="oc-205">
         <name>.text.vsnprintf</name>
         <load_address>0x6680</load_address>
         <readonly>true</readonly>
         <executable>true</executable>
         <run_address>0x6680</run_address>
         <size>0x40</size>
         <alignment>0x4</alignment>
         <input_file_ref idref="fl-44"/>
      </object_component>
      <object_component id="oc-274">
         <name>.text.DL_I2C_flushControllerTXFIFO</name>
         <load_address>0x66c0</load_address>
         <readonly>true</readonly>
         <executable>true</executable>
         <run_address>0x66c0</run_address>
         <size>0x3c</size>
         <alignment>0x4</alignment>
         <input_file_ref idref="fl-26"/>
      </object_component>
      <object_component id="oc-db">
         <name>.text.__floatsisf</name>
         <load_address>0x66fc</load_address>
         <readonly>true</readonly>
         <executable>true</executable>
         <run_address>0x66fc</run_address>
         <size>0x3c</size>
         <alignment>0x4</alignment>
         <input_file_ref idref="fl-107"/>
      </object_component>
      <object_component id="oc-1c2">
         <name>.text.__gtsf2</name>
         <load_address>0x6738</load_address>
         <readonly>true</readonly>
         <executable>true</executable>
         <run_address>0x6738</run_address>
         <size>0x3c</size>
         <alignment>0x4</alignment>
         <input_file_ref idref="fl-112"/>
      </object_component>
      <object_component id="oc-27a">
         <name>.text.fputs</name>
         <load_address>0x6774</load_address>
         <readonly>true</readonly>
         <executable>true</executable>
         <run_address>0x6774</run_address>
         <size>0x3c</size>
         <alignment>0x4</alignment>
         <input_file_ref idref="fl-14"/>
      </object_component>
      <object_component id="oc-10d">
         <name>.text:__TI_auto_init_nobinit_nopinit</name>
         <load_address>0x67b0</load_address>
         <readonly>true</readonly>
         <executable>true</executable>
         <run_address>0x67b0</run_address>
         <size>0x3c</size>
         <alignment>0x4</alignment>
         <input_file_ref idref="fl-52"/>
      </object_component>
      <object_component id="oc-1bd">
         <name>.text.__eqsf2</name>
         <load_address>0x67ec</load_address>
         <readonly>true</readonly>
         <executable>true</executable>
         <run_address>0x67ec</run_address>
         <size>0x3a</size>
         <alignment>0x4</alignment>
         <input_file_ref idref="fl-112"/>
      </object_component>
      <object_component id="oc-133">
         <name>.text.__muldsi3</name>
         <load_address>0x6828</load_address>
         <readonly>true</readonly>
         <executable>true</executable>
         <run_address>0x6828</run_address>
         <size>0x3a</size>
         <alignment>0x4</alignment>
         <input_file_ref idref="fl-ff"/>
      </object_component>
      <object_component id="oc-d7">
         <name>.text.__fixsfsi</name>
         <load_address>0x6864</load_address>
         <readonly>true</readonly>
         <executable>true</executable>
         <run_address>0x6864</run_address>
         <size>0x38</size>
         <alignment>0x4</alignment>
         <input_file_ref idref="fl-105"/>
      </object_component>
      <object_component id="oc-126">
         <name>.text.BMI088_read_write_byte</name>
         <load_address>0x689c</load_address>
         <readonly>true</readonly>
         <executable>true</executable>
         <run_address>0x689c</run_address>
         <size>0x34</size>
         <alignment>0x4</alignment>
         <input_file_ref idref="fl-4"/>
      </object_component>
      <object_component id="oc-2cf">
         <name>.text._fcpy</name>
         <load_address>0x68d0</load_address>
         <readonly>true</readonly>
         <executable>true</executable>
         <run_address>0x68d0</run_address>
         <size>0x30</size>
         <alignment>0x2</alignment>
         <input_file_ref idref="fl-43"/>
      </object_component>
      <object_component id="oc-24d">
         <name>.text._outs</name>
         <load_address>0x6900</load_address>
         <readonly>true</readonly>
         <executable>true</executable>
         <run_address>0x6900</run_address>
         <size>0x30</size>
         <alignment>0x2</alignment>
         <input_file_ref idref="fl-44"/>
      </object_component>
      <object_component id="oc-2c8">
         <name>.text.__floatsidf</name>
         <load_address>0x6930</load_address>
         <readonly>true</readonly>
         <executable>true</executable>
         <run_address>0x6930</run_address>
         <size>0x2c</size>
         <alignment>0x4</alignment>
         <input_file_ref idref="fl-106"/>
      </object_component>
      <object_component id="oc-175">
         <name>.text.yaw_loop_init</name>
         <load_address>0x695c</load_address>
         <readonly>true</readonly>
         <executable>true</executable>
         <run_address>0x695c</run_address>
         <size>0x2c</size>
         <alignment>0x4</alignment>
         <input_file_ref idref="fl-f"/>
      </object_component>
      <object_component id="oc-df">
         <name>.text.pid_constrain</name>
         <load_address>0x6988</load_address>
         <readonly>true</readonly>
         <executable>true</executable>
         <run_address>0x6988</run_address>
         <size>0x2a</size>
         <alignment>0x2</alignment>
         <input_file_ref idref="fl-e"/>
      </object_component>
      <object_component id="oc-16e">
         <name>.text.SYSCFG_DL_SYSCTL_CLK_init</name>
         <load_address>0x69b4</load_address>
         <readonly>true</readonly>
         <executable>true</executable>
         <run_address>0x69b4</run_address>
         <size>0x28</size>
         <alignment>0x4</alignment>
         <input_file_ref idref="fl-2"/>
      </object_component>
      <object_component id="oc-a2">
         <name>.text.__floatunsisf</name>
         <load_address>0x69dc</load_address>
         <readonly>true</readonly>
         <executable>true</executable>
         <run_address>0x69dc</run_address>
         <size>0x28</size>
         <alignment>0x4</alignment>
         <input_file_ref idref="fl-108"/>
      </object_component>
      <object_component id="oc-177">
         <name>.text.pos_loop_init</name>
         <load_address>0x6a04</load_address>
         <readonly>true</readonly>
         <executable>true</executable>
         <run_address>0x6a04</run_address>
         <size>0x28</size>
         <alignment>0x4</alignment>
         <input_file_ref idref="fl-f"/>
      </object_component>
      <object_component id="oc-5f">
         <name>.text:_c_int00_noargs</name>
         <load_address>0x6a2c</load_address>
         <readonly>true</readonly>
         <executable>true</executable>
         <run_address>0x6a2c</run_address>
         <size>0x28</size>
         <alignment>0x4</alignment>
         <input_file_ref idref="fl-50"/>
      </object_component>
      <object_component id="oc-1df">
         <name>.text.DL_I2C_setClockConfig</name>
         <load_address>0x6a54</load_address>
         <readonly>true</readonly>
         <executable>true</executable>
         <run_address>0x6a54</run_address>
         <size>0x26</size>
         <alignment>0x2</alignment>
         <input_file_ref idref="fl-26"/>
      </object_component>
      <object_component id="oc-291">
         <name>.text.__muldi3</name>
         <load_address>0x6a7c</load_address>
         <readonly>true</readonly>
         <executable>true</executable>
         <run_address>0x6a7c</run_address>
         <size>0x24</size>
         <alignment>0x4</alignment>
         <input_file_ref idref="fl-109"/>
      </object_component>
      <object_component id="oc-93">
         <name>.text.main</name>
         <load_address>0x6aa0</load_address>
         <readonly>true</readonly>
         <executable>true</executable>
         <run_address>0x6aa0</run_address>
         <size>0x22</size>
         <alignment>0x2</alignment>
         <input_file_ref idref="fl-1"/>
      </object_component>
      <object_component id="oc-27e">
         <name>.text.memccpy</name>
         <load_address>0x6ac2</load_address>
         <readonly>true</readonly>
         <executable>true</executable>
         <run_address>0x6ac2</run_address>
         <size>0x22</size>
         <alignment>0x2</alignment>
         <input_file_ref idref="fl-4e"/>
      </object_component>
      <object_component id="oc-27b">
         <name>.text.fputc</name>
         <load_address>0x6ae4</load_address>
         <readonly>true</readonly>
         <executable>true</executable>
         <run_address>0x6ae4</run_address>
         <size>0x20</size>
         <alignment>0x4</alignment>
         <input_file_ref idref="fl-14"/>
      </object_component>
      <object_component id="oc-2e3">
         <name>.text.__ashldi3</name>
         <load_address>0x6b04</load_address>
         <readonly>true</readonly>
         <executable>true</executable>
         <run_address>0x6b04</run_address>
         <size>0x1e</size>
         <alignment>0x4</alignment>
         <input_file_ref idref="fl-114"/>
      </object_component>
      <object_component id="oc-1d7">
         <name>.text.DL_Timer_setCaptCompUpdateMethod</name>
         <load_address>0x6b24</load_address>
         <readonly>true</readonly>
         <executable>true</executable>
         <run_address>0x6b24</run_address>
         <size>0x1c</size>
         <alignment>0x4</alignment>
         <input_file_ref idref="fl-28"/>
      </object_component>
      <object_component id="oc-1d4">
         <name>.text.DL_Timer_setClockConfig</name>
         <load_address>0x6b40</load_address>
         <readonly>true</readonly>
         <executable>true</executable>
         <run_address>0x6b40</run_address>
         <size>0x1c</size>
         <alignment>0x4</alignment>
         <input_file_ref idref="fl-28"/>
      </object_component>
      <object_component id="oc-1fb">
         <name>.text.pid_init</name>
         <load_address>0x6b5c</load_address>
         <readonly>true</readonly>
         <executable>true</executable>
         <run_address>0x6b5c</run_address>
         <size>0x1c</size>
         <alignment>0x2</alignment>
         <input_file_ref idref="fl-e"/>
      </object_component>
      <object_component id="oc-20c">
         <name>.text.BMI088_init</name>
         <load_address>0x6b78</load_address>
         <readonly>true</readonly>
         <executable>true</executable>
         <run_address>0x6b78</run_address>
         <size>0x18</size>
         <alignment>0x2</alignment>
         <input_file_ref idref="fl-5"/>
      </object_component>
      <object_component id="oc-1d6">
         <name>.text.DL_Timer_setCaptureCompareOutCtl</name>
         <load_address>0x6b90</load_address>
         <readonly>true</readonly>
         <executable>true</executable>
         <run_address>0x6b90</run_address>
         <size>0x18</size>
         <alignment>0x4</alignment>
         <input_file_ref idref="fl-28"/>
      </object_component>
      <object_component id="oc-24e">
         <name>.text._outc</name>
         <load_address>0x6ba8</load_address>
         <readonly>true</readonly>
         <executable>true</executable>
         <run_address>0x6ba8</run_address>
         <size>0x18</size>
         <alignment>0x2</alignment>
         <input_file_ref idref="fl-44"/>
      </object_component>
      <object_component id="oc-183">
         <name>.text.timer_init</name>
         <load_address>0x6bc0</load_address>
         <readonly>true</readonly>
         <executable>true</executable>
         <run_address>0x6bc0</run_address>
         <size>0x18</size>
         <alignment>0x4</alignment>
         <input_file_ref idref="fl-11"/>
      </object_component>
      <object_component id="oc-296">
         <name>.text.__aeabi_uldivmod</name>
         <load_address>0x6bd8</load_address>
         <readonly>true</readonly>
         <executable>true</executable>
         <run_address>0x6bd8</run_address>
         <size>0x14</size>
         <alignment>0x4</alignment>
         <input_file_ref idref="fl-111"/>
      </object_component>
      <object_component id="oc-2cd">
         <name>.text.strchr</name>
         <load_address>0x6bec</load_address>
         <readonly>true</readonly>
         <executable>true</executable>
         <run_address>0x6bec</run_address>
         <size>0x14</size>
         <alignment>0x2</alignment>
         <input_file_ref idref="fl-43"/>
      </object_component>
      <object_component id="oc-1f2">
         <name>.text.DL_SPI_setClockConfig</name>
         <load_address>0x6c00</load_address>
         <readonly>true</readonly>
         <executable>true</executable>
         <run_address>0x6c00</run_address>
         <size>0x12</size>
         <alignment>0x2</alignment>
         <input_file_ref idref="fl-27"/>
      </object_component>
      <object_component id="oc-1e7">
         <name>.text.DL_UART_setClockConfig</name>
         <load_address>0x6c12</load_address>
         <readonly>true</readonly>
         <executable>true</executable>
         <run_address>0x6c12</run_address>
         <size>0x12</size>
         <alignment>0x2</alignment>
         <input_file_ref idref="fl-29"/>
      </object_component>
      <object_component id="oc-20">
         <name>.text:decompress:none</name>
         <load_address>0x6c24</load_address>
         <readonly>true</readonly>
         <executable>true</executable>
         <run_address>0x6c24</run_address>
         <size>0x12</size>
         <alignment>0x2</alignment>
         <input_file_ref idref="fl-56"/>
      </object_component>
      <object_component id="oc-12a">
         <name>.text.BMI088_GYRO_NS_H</name>
         <load_address>0x6c38</load_address>
         <readonly>true</readonly>
         <executable>true</executable>
         <run_address>0x6c38</run_address>
         <size>0x10</size>
         <alignment>0x4</alignment>
         <input_file_ref idref="fl-4"/>
      </object_component>
      <object_component id="oc-129">
         <name>.text.BMI088_GYRO_NS_L</name>
         <load_address>0x6c48</load_address>
         <readonly>true</readonly>
         <executable>true</executable>
         <run_address>0x6c48</run_address>
         <size>0x10</size>
         <alignment>0x4</alignment>
         <input_file_ref idref="fl-4"/>
      </object_component>
      <object_component id="oc-271">
         <name>.text.BMI088_delay_ms</name>
         <load_address>0x6c58</load_address>
         <readonly>true</readonly>
         <executable>true</executable>
         <run_address>0x6c58</run_address>
         <size>0x10</size>
         <alignment>0x4</alignment>
         <input_file_ref idref="fl-4"/>
      </object_component>
      <object_component id="oc-14d">
         <name>.text.DL_Timer_setCaptureCompareValue</name>
         <load_address>0x6c68</load_address>
         <readonly>true</readonly>
         <executable>true</executable>
         <run_address>0x6c68</run_address>
         <size>0x10</size>
         <alignment>0x4</alignment>
         <input_file_ref idref="fl-28"/>
      </object_component>
      <object_component id="oc-174">
         <name>.text.delay_ms</name>
         <load_address>0x6c78</load_address>
         <readonly>true</readonly>
         <executable>true</executable>
         <run_address>0x6c78</run_address>
         <size>0x10</size>
         <alignment>0x4</alignment>
         <input_file_ref idref="fl-11"/>
      </object_component>
      <object_component id="oc-28d">
         <name>.text.wcslen</name>
         <load_address>0x6c88</load_address>
         <readonly>true</readonly>
         <executable>true</executable>
         <run_address>0x6c88</run_address>
         <size>0x10</size>
         <alignment>0x2</alignment>
         <input_file_ref idref="fl-45"/>
      </object_component>
      <object_component id="oc-5c">
         <name>.text:decompress:ZI</name>
         <load_address>0x6c98</load_address>
         <readonly>true</readonly>
         <executable>true</executable>
         <run_address>0x6c98</run_address>
         <size>0x10</size>
         <alignment>0x2</alignment>
         <input_file_ref idref="fl-55"/>
      </object_component>
      <object_component id="oc-27d">
         <name>.text.__aeabi_memset</name>
         <load_address>0x6ca8</load_address>
         <readonly>true</readonly>
         <executable>true</executable>
         <run_address>0x6ca8</run_address>
         <size>0xe</size>
         <alignment>0x4</alignment>
         <input_file_ref idref="fl-10f"/>
      </object_component>
      <object_component id="oc-27c">
         <name>.text.strlen</name>
         <load_address>0x6cb6</load_address>
         <readonly>true</readonly>
         <executable>true</executable>
         <run_address>0x6cb6</run_address>
         <size>0xe</size>
         <alignment>0x2</alignment>
         <input_file_ref idref="fl-43"/>
      </object_component>
      <object_component id="oc-128">
         <name>.text.BMI088_ACCEL_NS_H</name>
         <load_address>0x6cc4</load_address>
         <readonly>true</readonly>
         <executable>true</executable>
         <run_address>0x6cc4</run_address>
         <size>0xc</size>
         <alignment>0x4</alignment>
         <input_file_ref idref="fl-4"/>
      </object_component>
      <object_component id="oc-121">
         <name>.text.BMI088_ACCEL_NS_L</name>
         <load_address>0x6cd0</load_address>
         <readonly>true</readonly>
         <executable>true</executable>
         <run_address>0x6cd0</run_address>
         <size>0xc</size>
         <alignment>0x4</alignment>
         <input_file_ref idref="fl-4"/>
      </object_component>
      <object_component id="oc-270">
         <name>.text.BMI088_delay_us</name>
         <load_address>0x6cdc</load_address>
         <readonly>true</readonly>
         <executable>true</executable>
         <run_address>0x6cdc</run_address>
         <size>0xc</size>
         <alignment>0x2</alignment>
         <input_file_ref idref="fl-4"/>
      </object_component>
      <object_component id="oc-217">
         <name>.text.IIC_Get_Digtal</name>
         <load_address>0x6ce8</load_address>
         <readonly>true</readonly>
         <executable>true</executable>
         <run_address>0x6ce8</run_address>
         <size>0xc</size>
         <alignment>0x2</alignment>
         <input_file_ref idref="fl-17"/>
      </object_component>
      <object_component id="oc-8a">
         <name>.text.__aeabi_memclr</name>
         <load_address>0x6cf4</load_address>
         <readonly>true</readonly>
         <executable>true</executable>
         <run_address>0x6cf4</run_address>
         <size>0xc</size>
         <alignment>0x4</alignment>
         <input_file_ref idref="fl-10f"/>
      </object_component>
      <object_component id="oc-1c7">
         <name>.text.DL_Common_delayCycles</name>
         <load_address>0x6d00</load_address>
         <readonly>true</readonly>
         <executable>true</executable>
         <run_address>0x6d00</run_address>
         <size>0xa</size>
         <alignment>0x2</alignment>
         <input_file_ref idref="fl-25"/>
      </object_component>
      <object_component id="oc-2cc">
         <name>.text.OUTLINED_FUNCTION_0</name>
         <load_address>0x6d0a</load_address>
         <readonly>true</readonly>
[...]
         <value>0x66c1</value>
         <object_component_ref idref="oc-274"/>
      </symbol>
      <symbol id="sm-2ae">
         <name>DL_SPI_init</name>
         <value>0x6475</value>
         <object_component_ref idref="oc-1f8"/>
      </symbol>
      <symbol id="sm-2af">
         <name>DL_SPI_setClockConfig</name>
         <value>0x6c01</value>
         <object_component_ref idref="oc-1f2"/>
      </symbol>
      <symbol id="sm-2cb">
         <name>DL_Timer_setClockConfig</name>
         <value>0x6b41</value>
         <object_component_ref idref="oc-1d4"/>
      </symbol>
      <symbol id="sm-2cc">
         <name>DL_Timer_initTimerMode</name>
         <value>0x47cd</value>
         <object_component_ref idref="oc-1dc"/>
      </symbol>
      <symbol id="sm-2cd">
         <name>DL_Timer_setCaptureCompareValue</name>
         <value>0x6c69</value>
         <object_component_ref idref="oc-14d"/>
      </symbol>
      <symbol id="sm-2ce">
         <name>DL_Timer_setCaptCompUpdateMethod</name>
         <value>0x6b25</value>
         <object_component_ref idref="oc-1d7"/>
      </symbol>
      <symbol id="sm-2cf">
         <name>DL_Timer_setCaptureCompareOutCtl</name>
         <value>0x6b91</value>
         <object_component_ref idref="oc-1d6"/>
      </symbol>
      <symbol id="sm-2d0">
         <name>DL_Timer_initFourCCPWMMode</name>
         <value>0x46c9</value>
         <object_component_ref idref="oc-1d5"/>
      </symbol>
      <symbol id="sm-2dd">
         <name>DL_UART_init</name>
         <value>0x6355</value>
         <object_component_ref idref="oc-1ed"/>
      </symbol>
      <symbol id="sm-2de">
         <name>DL_UART_setClockConfig</name>
         <value>0x6c13</value>
         <object_component_ref idref="oc-1e7"/>
      </symbol>
      <symbol id="sm-2ef">
         <name>DL_SYSCTL_configSYSPLL</name>
         <value>0x4c4d</value>
         <object_component_ref idref="oc-1d1"/>
      </symbol>
      <symbol id="sm-2f0">
         <name>DL_SYSCTL_switchMCLKfromSYSOSCtoHSCLK</name>
         <value>0x64b9</value>
         <object_component_ref idref="oc-1d2"/>
      </symbol>
      <symbol id="sm-2f1">
         <name>DL_SYSCTL_setHFCLKSourceHFXTParams</name>
         <value>0x5d21</value>
         <object_component_ref idref="oc-1cb"/>
      </symbol>
      <symbol id="sm-2ff">
         <name>atan2f</name>
         <value>0x44a5</value>
         <object_component_ref idref="oc-b9"/>
      </symbol>
      <symbol id="sm-309">
         <name>sqrtf</name>
         <value>0x5339</value>
         <object_component_ref idref="oc-12f"/>
      </symbol>
      <symbol id="sm-31d">
         <name>atanf</name>
         <value>0x3aa9</value>
         <object_component_ref idref="oc-139"/>
      </symbol>
      <symbol id="sm-32e">
         <name>printf</name>
         <value>0x5f69</value>
         <object_component_ref idref="oc-22c"/>
      </symbol>
      <symbol id="sm-377">
         <name>__TI_printfi</name>
         <value>0x1df5</value>
         <object_component_ref idref="oc-26f"/>
      </symbol>
      <symbol id="sm-388">
         <name>vsnprintf</name>
         <value>0x6681</value>
         <object_component_ref idref="oc-205"/>
      </symbol>
      <symbol id="sm-391">
         <name>wcslen</name>
         <value>0x6c89</value>
         <object_component_ref idref="oc-28d"/>
      </symbol>
      <symbol id="sm-39b">
         <name>frexp</name>
         <value>0x5f0d</value>
         <object_component_ref idref="oc-2b8"/>
      </symbol>
      <symbol id="sm-39c">
         <name>frexpl</name>
         <value>0x5f0d</value>
         <object_component_ref idref="oc-2b8"/>
      </symbol>
      <symbol id="sm-3a6">
         <name>scalbn</name>
         <value>0x4d29</value>
         <object_component_ref idref="oc-2bc"/>
      </symbol>
      <symbol id="sm-3a7">
         <name>ldexp</name>
         <value>0x4d29</value>
         <object_component_ref idref="oc-2bc"/>
      </symbol>
      <symbol id="sm-3a8">
         <name>scalbnl</name>
         <value>0x4d29</value>
         <object_component_ref idref="oc-2bc"/>
      </symbol>
      <symbol id="sm-3a9">
         <name>ldexpl</name>
         <value>0x4d29</value>
         <object_component_ref idref="oc-2bc"/>
      </symbol>
      <symbol id="sm-3b4">
         <name>__aeabi_errno_addr</name>
         <value>0x6d31</value>
         <object_component_ref idref="oc-1af"/>
      </symbol>
      <symbol id="sm-3b5">
         <name>__aeabi_errno</name>
         <value>0x20200aa8</value>
         <object_component_ref idref="oc-23c"/>
      </symbol>
      <symbol id="sm-3be">
         <name>_nop</name>
         <value>0x5d1f</value>
         <object_component_ref idref="oc-233"/>
      </symbol>
      <symbol id="sm-3bf">
         <name>_lock</name>
         <value>0x20200aac</value>
         <object_component_ref idref="oc-1a3"/>
      </symbol>
      <symbol id="sm-3c0">
         <name>_unlock</name>
         <value>0x20200ab0</value>
         <object_component_ref idref="oc-1a6"/>
      </symbol>
      <symbol id="sm-3c9">
         <name>__TI_ltoa</name>
         <value>0x5fc5</value>
         <object_component_ref idref="oc-2c4"/>
      </symbol>
      <symbol id="sm-3d4">
         <name>atoi</name>
         <value>0x65c1</value>
         <object_component_ref idref="oc-289"/>
      </symbol>
      <symbol id="sm-3d9">
         <name>_ftable</name>
         <value>0x20200990</value>
         <object_component_ref idref="oc-262"/>
      </symbol>
      <symbol id="sm-3e2">
         <name>memccpy</name>
         <value>0x6ac3</value>
         <object_component_ref idref="oc-27e"/>
      </symbol>
      <symbol id="sm-3ee">
         <name>_c_int00_noargs</name>
         <value>0x6a2d</value>
         <object_component_ref idref="oc-5f"/>
      </symbol>
      <symbol id="sm-3ef">
         <name>__stack</name>
         <value>0x20207e00</value>
         <object_component_ref idref="oc-1a"/>
      </symbol>
      <symbol id="sm-3fb">
         <name>__TI_auto_init_nobinit_nopinit</name>
         <value>0x67b1</value>
         <object_component_ref idref="oc-10d"/>
      </symbol>
      <symbol id="sm-403">
         <name>_system_pre_init</name>
         <value>0x6d81</value>
         <object_component_ref idref="oc-8f"/>
      </symbol>
      <symbol id="sm-40e">
         <name>__TI_zero_init</name>
         <value>0x6c99</value>
         <object_component_ref idref="oc-5c"/>
      </symbol>
      <symbol id="sm-417">
         <name>__TI_decompress_none</name>
         <value>0x6c25</value>
         <object_component_ref idref="oc-20"/>
      </symbol>
      <symbol id="sm-422">
         <name>__TI_decompress_lzss</name>
         <value>0x5841</value>
         <object_component_ref idref="oc-1c"/>
      </symbol>
      <symbol id="sm-425">
         <name>__aeabi_ctype_table_</name>
         <value>0x8780</value>
         <object_component_ref idref="oc-2ab"/>
      </symbol>
      <symbol id="sm-426">
         <name>__aeabi_ctype_table_C</name>
         <value>0x8780</value>
         <object_component_ref idref="oc-2ab"/>
      </symbol>
      <symbol id="sm-430">
         <name>abort</name>
         <value>0x6d85</value>
         <object_component_ref idref="oc-106"/>
      </symbol>
      <symbol id="sm-431">
         <name>C$$EXIT</name>
         <value>0x6d84</value>
         <object_component_ref idref="oc-106"/>
      </symbol>
      <symbol id="sm-442">
         <name>__aeabi_fadd</name>
         <value>0x4e0b</value>
         <object_component_ref idref="oc-b5"/>
      </symbol>
      <symbol id="sm-443">
         <name>__addsf3</name>
         <value>0x4e0b</value>
         <object_component_ref idref="oc-b5"/>
      </symbol>
      <symbol id="sm-444">
         <name>__aeabi_fsub</name>
         <value>0x4e01</value>
         <object_component_ref idref="oc-b5"/>
      </symbol>
      <symbol id="sm-445">
         <name>__subsf3</name>
         <value>0x4e01</value>
         <object_component_ref idref="oc-b5"/>
      </symbol>
      <symbol id="sm-44e">
         <name>__aeabi_dadd</name>
         <value>0x3e0f</value>
         <object_component_ref idref="oc-2d9"/>
      </symbol>
      <symbol id="sm-44f">
         <name>__adddf3</name>
         <value>0x3e0f</value>
         <object_component_ref idref="oc-2d9"/>
      </symbol>
      <symbol id="sm-450">
         <name>__aeabi_dsub</name>
         <value>0x3e05</value>
         <object_component_ref idref="oc-2d9"/>
      </symbol>
      <symbol id="sm-451">
         <name>__subdf3</name>
         <value>0x3e05</value>
         <object_component_ref idref="oc-2d9"/>
      </symbol>
      <symbol id="sm-45a">
         <name>__aeabi_dmul</name>
         <value>0x4b69</value>
         <object_component_ref idref="oc-21f"/>
      </symbol>
      <symbol id="sm-45b">
         <name>__muldf3</name>
         <value>0x4b69</value>
         <object_component_ref idref="oc-21f"/>
      </symbol>
      <symbol id="sm-461">
         <name>__muldsi3</name>
         <value>0x6829</value>
         <object_component_ref idref="oc-133"/>
      </symbol>
      <symbol id="sm-467">
         <name>__aeabi_fmul</name>
         <value>0x559d</value>
         <object_component_ref idref="oc-b1"/>
      </symbol>
      <symbol id="sm-468">
         <name>__mulsf3</name>
         <value>0x559d</value>
         <object_component_ref idref="oc-b1"/>
      </symbol>
      <symbol id="sm-46e">
         <name>__aeabi_fdiv</name>
         <value>0x57bd</value>
         <object_component_ref idref="oc-a6"/>
      </symbol>
      <symbol id="sm-46f">
         <name>__divsf3</name>
         <value>0x57bd</value>
         <object_component_ref idref="oc-a6"/>
      </symbol>
      <symbol id="sm-478">
         <name>__aeabi_ddiv</name>
         <value>0x45bd</value>
         <object_component_ref idref="oc-c1"/>
      </symbol>
      <symbol id="sm-479">
         <name>__divdf3</name>
         <value>0x45bd</value>
         <object_component_ref idref="oc-c1"/>
      </symbol>
      <symbol id="sm-47f">
         <name>__aeabi_f2d</name>
         <value>0x6581</value>
         <object_component_ref idref="oc-bd"/>
      </symbol>
      <symbol id="sm-480">
         <name>__extendsfdf2</name>
         <value>0x6581</value>
         <object_component_ref idref="oc-bd"/>
      </symbol>
      <symbol id="sm-486">
         <name>__aeabi_d2iz</name>
         <value>0x6309</value>
         <object_component_ref idref="oc-2c0"/>
      </symbol>
      <symbol id="sm-487">
         <name>__fixdfsi</name>
         <value>0x6309</value>
         <object_component_ref idref="oc-2c0"/>
      </symbol>
      <symbol id="sm-48d">
         <name>__aeabi_f2iz</name>
         <value>0x6865</value>
         <object_component_ref idref="oc-d7"/>
      </symbol>
      <symbol id="sm-48e">
         <name>__fixsfsi</name>
         <value>0x6865</value>
         <object_component_ref idref="oc-d7"/>
      </symbol>
      <symbol id="sm-494">
         <name>__aeabi_i2d</name>
         <value>0x6931</value>
         <object_component_ref idref="oc-2c8"/>
      </symbol>
      <symbol id="sm-495">
         <name>__floatsidf</name>
         <value>0x6931</value>
         <object_component_ref idref="oc-2c8"/>
      </symbol>
      <symbol id="sm-49b">
         <name>__aeabi_i2f</name>
         <value>0x66fd</value>
         <object_component_ref idref="oc-db"/>
      </symbol>
      <symbol id="sm-49c">
         <name>__floatsisf</name>
         <value>0x66fd</value>
         <object_component_ref idref="oc-db"/>
      </symbol>
      <symbol id="sm-4a2">
         <name>__aeabi_ui2f</name>
         <value>0x69dd</value>
         <object_component_ref idref="oc-a2"/>
      </symbol>
      <symbol id="sm-4a3">
         <name>__floatunsisf</name>
         <value>0x69dd</value>
         <object_component_ref idref="oc-a2"/>
      </symbol>
      <symbol id="sm-4a9">
         <name>__aeabi_lmul</name>
         <value>0x6a7d</value>
         <object_component_ref idref="oc-291"/>
      </symbol>
      <symbol id="sm-4aa">
         <name>__muldi3</name>
         <value>0x6a7d</value>
         <object_component_ref idref="oc-291"/>
      </symbol>
      <symbol id="sm-4b1">
         <name>__aeabi_d2f</name>
         <value>0x5a21</value>
         <object_component_ref idref="oc-c5"/>
      </symbol>
      <symbol id="sm-4b2">
         <name>__truncdfsf2</name>
         <value>0x5a21</value>
         <object_component_ref idref="oc-c5"/>
      </symbol>
      <symbol id="sm-4b8">
         <name>__aeabi_dcmpeq</name>
         <value>0x5d85</value>
         <object_component_ref idref="oc-29b"/>
      </symbol>
      <symbol id="sm-4b9">
         <name>__aeabi_dcmplt</name>
         <value>0x5d99</value>
         <object_component_ref idref="oc-29b"/>
      </symbol>
      <symbol id="sm-4ba">
         <name>__aeabi_dcmple</name>
         <value>0x5dad</value>
         <object_component_ref idref="oc-29b"/>
      </symbol>
      <symbol id="sm-4bb">
         <name>__aeabi_dcmpge</name>
         <value>0x5dc1</value>
         <object_component_ref idref="oc-29b"/>
      </symbol>
      <symbol id="sm-4bc">
         <name>__aeabi_dcmpgt</name>
         <value>0x5dd5</value>
         <object_component_ref idref="oc-29b"/>
      </symbol>
      <symbol id="sm-4c2">
         <name>__aeabi_fcmpeq</name>
         <value>0x5de9</value>
         <object_component_ref idref="oc-145"/>
      </symbol>
      <symbol id="sm-4c3">
         <name>__aeabi_fcmplt</name>
         <value>0x5dfd</value>
         <object_component_ref idref="oc-145"/>
      </symbol>
      <symbol id="sm-4c4">
         <name>__aeabi_fcmple</name>
         <value>0x5e11</value>
         <object_component_ref idref="oc-145"/>
      </symbol>
      <symbol id="sm-4c5">
         <name>__aeabi_fcmpge</name>
         <value>0x5e25</value>
         <object_component_ref idref="oc-145"/>
      </symbol>
      <symbol id="sm-4c6">
         <name>__aeabi_fcmpgt</name>
         <value>0x5e39</value>
         <object_component_ref idref="oc-145"/>
      </symbol>
      <symbol id="sm-4cc">
         <name>__aeabi_idiv</name>
         <value>0x60cd</value>
         <object_component_ref idref="oc-2ef"/>
      </symbol>
      <symbol id="sm-4cd">
         <name>__aeabi_idivmod</name>
         <value>0x60cd</value>
         <object_component_ref idref="oc-2ef"/>
      </symbol>
      <symbol id="sm-4d3">
         <name>__aeabi_memcpy</name>
         <value>0x6d39</value>
         <object_component_ref idref="oc-4f"/>
      </symbol>
      <symbol id="sm-4d4">
         <name>__aeabi_memcpy4</name>
         <value>0x6d39</value>
         <object_component_ref idref="oc-4f"/>
      </symbol>
      <symbol id="sm-4d5">
         <name>__aeabi_memcpy8</name>
         <value>0x6d39</value>
         <object_component_ref idref="oc-4f"/>
      </symbol>
      <symbol id="sm-4de">
         <name>__aeabi_memset</name>
         <value>0x6ca9</value>
         <object_component_ref idref="oc-27d"/>
      </symbol>
      <symbol id="sm-4df">
         <name>__aeabi_memset4</name>
         <value>0x6ca9</value>
         <object_component_ref idref="oc-27d"/>
      </symbol>
      <symbol id="sm-4e0">
         <name>__aeabi_memset8</name>
         <value>0x6ca9</value>
         <object_component_ref idref="oc-27d"/>
      </symbol>
      <symbol id="sm-4e1">
         <name>__aeabi_memclr</name>
         <value>0x6cf5</value>
         <object_component_ref idref="oc-8a"/>
      </symbol>
      <symbol id="sm-4e2">
         <name>__aeabi_memclr4</name>
         <value>0x6cf5</value>
         <object_component_ref idref="oc-8a"/>
      </symbol>
      <symbol id="sm-4e3">
         <name>__aeabi_memclr8</name>
         <value>0x6cf5</value>
         <object_component_ref idref="oc-8a"/>
      </symbol>
      <symbol id="sm-4e9">
         <name>__aeabi_uidiv</name>
         <value>0x6541</value>
         <object_component_ref idref="oc-283"/>
      </symbol>
      <symbol id="sm-4ea">
         <name>__aeabi_uidivmod</name>
         <value>0x6541</value>
         <object_component_ref idref="oc-283"/>
      </symbol>
      <symbol id="sm-4f0">
         <name>__aeabi_uldivmod</name>
         <value>0x6bd9</value>
         <object_component_ref idref="oc-296"/>
      </symbol>
      <symbol id="sm-4f9">
         <name>__eqsf2</name>
         <value>0x67ed</value>
         <object_component_ref idref="oc-1bd"/>
      </symbol>
      <symbol id="sm-4fa">
         <name>__lesf2</name>
         <value>0x67ed</value>
         <object_component_ref idref="oc-1bd"/>
      </symbol>
      <symbol id="sm-4fb">
         <name>__ltsf2</name>
         <value>0x67ed</value>
         <object_component_ref idref="oc-1bd"/>
      </symbol>
      <symbol id="sm-4fc">
         <name>__nesf2</name>
         <value>0x67ed</value>
         <object_component_ref idref="oc-1bd"/>
      </symbol>
      <symbol id="sm-4fd">
         <name>__cmpsf2</name>
         <value>0x67ed</value>
         <object_component_ref idref="oc-1bd"/>
      </symbol>
      <symbol id="sm-4fe">
         <name>__gtsf2</name>
         <value>0x6739</value>
         <object_component_ref idref="oc-1c2"/>
      </symbol>
      <symbol id="sm-4ff">
         <name>__gesf2</name>
         <value>0x6739</value>
         <object_component_ref idref="oc-1c2"/>
      </symbol>
      <symbol id="sm-505">
         <name>__udivmoddi4</name>
         <value>0x51f5</value>
         <object_component_ref idref="oc-2b3"/>
      </symbol>
      <symbol id="sm-50b">
         <name>__aeabi_llsl</name>
         <value>0x6b05</value>
         <object_component_ref idref="oc-2e3"/>
      </symbol>
      <symbol id="sm-50c">
         <name>__ashldi3</name>
         <value>0x6b05</value>
         <object_component_ref idref="oc-2e3"/>
      </symbol>
      <symbol id="sm-51a">
         <name>__ledf2</name>
         <value>0x5c51</value>
         <object_component_ref idref="oc-2d1"/>
      </symbol>
      <symbol id="sm-51b">
         <name>__gedf2</name>
         <value>0x59ad</value>
         <object_component_ref idref="oc-2d7"/>
      </symbol>
      <symbol id="sm-51c">
         <name>__cmpdf2</name>
         <value>0x5c51</value>
         <object_component_ref idref="oc-2d1"/>
      </symbol>
      <symbol id="sm-51d">
         <name>__eqdf2</name>
         <value>0x5c51</value>
         <object_component_ref idref="oc-2d1"/>
      </symbol>
      <symbol id="sm-51e">
         <name>__ltdf2</name>
         <value>0x5c51</value>
         <object_component_ref idref="oc-2d1"/>
      </symbol>
      <symbol id="sm-51f">
         <name>__nedf2</name>
         <value>0x5c51</value>
         <object_component_ref idref="oc-2d1"/>
      </symbol>
      <symbol id="sm-520">
         <name>__gtdf2</name>
         <value>0x59ad</value>
         <object_component_ref idref="oc-2d7"/>
      </symbol>
      <symbol id="sm-52c">
         <name>__aeabi_idiv0</name>
         <value>0x5737</value>
         <object_component_ref idref="oc-2a5"/>
      </symbol>
      <symbol id="sm-52d">
         <name>__aeabi_ldiv0</name>
         <value>0x583f</value>
         <object_component_ref idref="oc-2e2"/>
      </symbol>
      <symbol id="sm-546">
         <name>memcpy</name>
         <value>0x5475</value>
         <object_component_ref idref="oc-f4"/>
      </symbol>
      <symbol id="sm-555">
         <name>memset</name>
         <value>0x5e4b</value>
         <object_component_ref idref="oc-160"/>
      </symbol>
      <symbol id="sm-556">
         <name>__TI_static_base__</name>
         <value>0x0</value>
      </symbol>
      <symbol id="sm-55a">
         <name>__mpu_init</name>
         <value>0x0</value>
      </symbol>
      <symbol id="sm-55b">
         <name>_system_post_cinit</name>
         <value>0x0</value>
      </symbol>
   </symbol_table>
   <title>Link successful</title>
</link_info>
