<?xml version="1.0" encoding="ISO-8859-1" ?>
<link_info>
   <banner>TI ARM Clang Linker PC v4.0.0.LTS</banner>
   <copyright>Copyright (c) 1996-2018 Texas Instruments Incorporated</copyright>
   <command_line>F:\TI\CCS\ccs\tools\compiler\ti-cgt-armllvm_4.0.0.LTS\bin\tiarmlnk -IF:\TI\CCS\ccs\tools\compiler\ti-cgt-armllvm_4.0.0.LTS\lib -o ti_car.out -mti_car.map -iF:/TI/CCS/mspm0_sdk_2_05_01_00/source -iF:/04_daima/CCS/ti_car -iF:/04_daima/CCS/ti_car/Debug/syscfg -iF:/TI/CCS/ccs/tools/compiler/ti-cgt-armllvm_4.0.0.LTS/lib --diag_wrap=off --display_error_number --warn_sections --xml_link_info=ti_car_linkInfo.xml --rom_model ./empty.o ./ti_msp_dl_config.o ./startup_mspm0g350x_ticlang.o ./Bsp/ADC/adc_app.o ./Bsp/BMI088/BMI088Middleware.o ./Bsp/BMI088/BMI088driver.o ./Bsp/BMI088/Klman_Yaw/ekf_yaw.o ./Bsp/Button/multi_button.o ./Bsp/Button/multi_button_user.o ./Bsp/Encoder/encoder_user.o ./Bsp/Encoder/hw_encoder.o ./Bsp/Motor/Bsp_Motor.o ./Bsp/Oled/app_oled.o ./Bsp/Oled/hw_oled.o ./Bsp/Pid/pid.o ./Bsp/Pid/pid_user.o ./Bsp/Task_manage/scheduler.o ./Bsp/Task_manage/system.o ./Bsp/Task_manage/task_manage.o ./Bsp/UART/ringbuffer.o ./Bsp/UART/uart_app.o ./Bsp/gray/IIC.o ./Bsp/gray/No_Mcu_gray.o ./Bsp/gray/gray_app.o ./Bsp/gray/hardware_iic.o -l./device_linker.cmd -ldevice.cmd.genlibs -llibc.a --start-group -llibc++.a -llibc++abi.a -llibc.a -llibsys.a -llibsysbm.a -llibclang_rt.builtins.a -llibclang_rt.profile.a --end-group --cg_opt_level=2</command_line>
   <link_time>0x688a1e71</link_time>
   <link_errors>0x0</link_errors>
   <output_file>F:\04_daima\CCS\ti_car\Debug\ti_car.out</output_file>
   <entry_point>
      <name>_c_int00_noargs</name>
      <address>0x72a9</address>
   </entry_point>
   <input_file_list>
      <input_file id="fl-1">
         <path>F:\04_daima\CCS\ti_car\Debug\.\</path>
         <kind>object</kind>
         <file>empty.o</file>
         <name>empty.o</name>
      </input_file>
      <input_file id="fl-2">
         <path>F:\04_daima\CCS\ti_car\Debug\.\</path>
         <kind>object</kind>
         <file>ti_msp_dl_config.o</file>
         <name>ti_msp_dl_config.o</name>
      </input_file>
      <input_file id="fl-3">
         <path>F:\04_daima\CCS\ti_car\Debug\.\</path>
         <kind>object</kind>
         <file>startup_mspm0g350x_ticlang.o</file>
         <name>startup_mspm0g350x_ticlang.o</name>
      </input_file>
      <input_file id="fl-4">
         <path>F:\04_daima\CCS\ti_car\Debug\.\Bsp\ADC\</path>
         <kind>object</kind>
         <file>adc_app.o</file>
         <name>adc_app.o</name>
      </input_file>
      <input_file id="fl-5">
         <path>F:\04_daima\CCS\ti_car\Debug\.\Bsp\BMI088\</path>
         <kind>object</kind>
         <file>BMI088Middleware.o</file>
         <name>BMI088Middleware.o</name>
      </input_file>
      <input_file id="fl-6">
         <path>F:\04_daima\CCS\ti_car\Debug\.\Bsp\BMI088\</path>
         <kind>object</kind>
         <file>BMI088driver.o</file>
         <name>BMI088driver.o</name>
      </input_file>
      <input_file id="fl-7">
         <path>F:\04_daima\CCS\ti_car\Debug\.\Bsp\BMI088\Klman_Yaw\</path>
         <kind>object</kind>
         <file>ekf_yaw.o</file>
         <name>ekf_yaw.o</name>
      </input_file>
      <input_file id="fl-8">
         <path>F:\04_daima\CCS\ti_car\Debug\.\Bsp\Button\</path>
         <kind>object</kind>
         <file>multi_button.o</file>
         <name>multi_button.o</name>
      </input_file>
      <input_file id="fl-9">
         <path>F:\04_daima\CCS\ti_car\Debug\.\Bsp\Button\</path>
         <kind>object</kind>
         <file>multi_button_user.o</file>
         <name>multi_button_user.o</name>
      </input_file>
      <input_file id="fl-a">
         <path>F:\04_daima\CCS\ti_car\Debug\.\Bsp\Encoder\</path>
         <kind>object</kind>
         <file>encoder_user.o</file>
         <name>encoder_user.o</name>
      </input_file>
      <input_file id="fl-b">
         <path>F:\04_daima\CCS\ti_car\Debug\.\Bsp\Encoder\</path>
         <kind>object</kind>
         <file>hw_encoder.o</file>
         <name>hw_encoder.o</name>
      </input_file>
      <input_file id="fl-c">
         <path>F:\04_daima\CCS\ti_car\Debug\.\Bsp\Motor\</path>
         <kind>object</kind>
         <file>Bsp_Motor.o</file>
         <name>Bsp_Motor.o</name>
      </input_file>
      <input_file id="fl-d">
         <path>F:\04_daima\CCS\ti_car\Debug\.\Bsp\Oled\</path>
         <kind>object</kind>
         <file>app_oled.o</file>
         <name>app_oled.o</name>
      </input_file>
      <input_file id="fl-e">
         <path>F:\04_daima\CCS\ti_car\Debug\.\Bsp\Oled\</path>
         <kind>object</kind>
         <file>hw_oled.o</file>
         <name>hw_oled.o</name>
      </input_file>
      <input_file id="fl-f">
         <path>F:\04_daima\CCS\ti_car\Debug\.\Bsp\Pid\</path>
         <kind>object</kind>
         <file>pid.o</file>
         <name>pid.o</name>
      </input_file>
      <input_file id="fl-10">
         <path>F:\04_daima\CCS\ti_car\Debug\.\Bsp\Pid\</path>
         <kind>object</kind>
         <file>pid_user.o</file>
         <name>pid_user.o</name>
      </input_file>
      <input_file id="fl-11">
         <path>F:\04_daima\CCS\ti_car\Debug\.\Bsp\Task_manage\</path>
         <kind>object</kind>
         <file>scheduler.o</file>
         <name>scheduler.o</name>
      </input_file>
      <input_file id="fl-12">
         <path>F:\04_daima\CCS\ti_car\Debug\.\Bsp\Task_manage\</path>
         <kind>object</kind>
         <file>system.o</file>
         <name>system.o</name>
      </input_file>
      <input_file id="fl-13">
         <path>F:\04_daima\CCS\ti_car\Debug\.\Bsp\Task_manage\</path>
         <kind>object</kind>
         <file>task_manage.o</file>
         <name>task_manage.o</name>
      </input_file>
      <input_file id="fl-14">
         <path>F:\04_daima\CCS\ti_car\Debug\.\Bsp\UART\</path>
         <kind>object</kind>
         <file>ringbuffer.o</file>
         <name>ringbuffer.o</name>
      </input_file>
      <input_file id="fl-15">
         <path>F:\04_daima\CCS\ti_car\Debug\.\Bsp\UART\</path>
         <kind>object</kind>
         <file>uart_app.o</file>
         <name>uart_app.o</name>
      </input_file>
      <input_file id="fl-16">
         <path>F:\04_daima\CCS\ti_car\Debug\.\Bsp\gray\</path>
         <kind>object</kind>
         <file>IIC.o</file>
         <name>IIC.o</name>
      </input_file>
      <input_file id="fl-17">
         <path>F:\04_daima\CCS\ti_car\Debug\.\Bsp\gray\</path>
         <kind>object</kind>
         <file>No_Mcu_gray.o</file>
         <name>No_Mcu_gray.o</name>
      </input_file>
      <input_file id="fl-18">
         <path>F:\04_daima\CCS\ti_car\Debug\.\Bsp\gray\</path>
         <kind>object</kind>
         <file>gray_app.o</file>
         <name>gray_app.o</name>
      </input_file>
      <input_file id="fl-19">
         <path>F:\04_daima\CCS\ti_car\Debug\.\Bsp\gray\</path>
         <kind>object</kind>
         <file>hardware_iic.o</file>
         <name>hardware_iic.o</name>
      </input_file>
      <input_file id="fl-26">
         <path>F:\04_daima\CCS\ti_car\Debug\</path>
         <kind>object</kind>
         <file>&lt;internal&gt;</file>
         <name>&lt;internal&gt;</name>
      </input_file>
      <input_file id="fl-27">
         <path>F:\TI\CCS\mspm0_sdk_2_05_01_00\source\ti\driverlib\lib\ticlang\m0p\mspm0g1x0x_g3x0x\</path>
         <kind>archive</kind>
         <file>driverlib.a</file>
         <name>dl_adc12.o</name>
      </input_file>
      <input_file id="fl-28">
         <path>F:\TI\CCS\mspm0_sdk_2_05_01_00\source\ti\driverlib\lib\ticlang\m0p\mspm0g1x0x_g3x0x\</path>
         <kind>archive</kind>
         <file>driverlib.a</file>
         <name>dl_common.o</name>
      </input_file>
      <input_file id="fl-29">
         <path>F:\TI\CCS\mspm0_sdk_2_05_01_00\source\ti\driverlib\lib\ticlang\m0p\mspm0g1x0x_g3x0x\</path>
         <kind>archive</kind>
         <file>driverlib.a</file>
         <name>dl_dma.o</name>
      </input_file>
      <input_file id="fl-2a">
         <path>F:\TI\CCS\mspm0_sdk_2_05_01_00\source\ti\driverlib\lib\ticlang\m0p\mspm0g1x0x_g3x0x\</path>
         <kind>archive</kind>
         <file>driverlib.a</file>
         <name>dl_i2c.o</name>
      </input_file>
      <input_file id="fl-2b">
         <path>F:\TI\CCS\mspm0_sdk_2_05_01_00\source\ti\driverlib\lib\ticlang\m0p\mspm0g1x0x_g3x0x\</path>
         <kind>archive</kind>
         <file>driverlib.a</file>
         <name>dl_spi.o</name>
      </input_file>
      <input_file id="fl-2c">
         <path>F:\TI\CCS\mspm0_sdk_2_05_01_00\source\ti\driverlib\lib\ticlang\m0p\mspm0g1x0x_g3x0x\</path>
         <kind>archive</kind>
         <file>driverlib.a</file>
         <name>dl_timer.o</name>
      </input_file>
      <input_file id="fl-2d">
         <path>F:\TI\CCS\mspm0_sdk_2_05_01_00\source\ti\driverlib\lib\ticlang\m0p\mspm0g1x0x_g3x0x\</path>
         <kind>archive</kind>
         <file>driverlib.a</file>
         <name>dl_uart.o</name>
      </input_file>
      <input_file id="fl-2e">
         <path>F:\TI\CCS\mspm0_sdk_2_05_01_00\source\ti\driverlib\lib\ticlang\m0p\mspm0g1x0x_g3x0x\</path>
         <kind>archive</kind>
         <file>driverlib.a</file>
         <name>dl_sysctl_mspm0g1x0x_g3x0x.o</name>
      </input_file>
      <input_file id="fl-43">
         <path>F:\TI\CCS\ccs\tools\compiler\ti-cgt-armllvm_4.0.0.LTS\lib\armv6m-ti-none-eabi\c\</path>
         <kind>archive</kind>
         <file>libc.a</file>
         <name>e_atan2f.c.obj</name>
      </input_file>
      <input_file id="fl-44">
         <path>F:\TI\CCS\ccs\tools\compiler\ti-cgt-armllvm_4.0.0.LTS\lib\armv6m-ti-none-eabi\c\</path>
         <kind>archive</kind>
         <file>libc.a</file>
         <name>e_sqrtf.c.obj</name>
      </input_file>
      <input_file id="fl-45">
         <path>F:\TI\CCS\ccs\tools\compiler\ti-cgt-armllvm_4.0.0.LTS\lib\armv6m-ti-none-eabi\c\</path>
         <kind>archive</kind>
         <file>libc.a</file>
         <name>s_atanf.c.obj</name>
      </input_file>
      <input_file id="fl-46">
         <path>F:\TI\CCS\ccs\tools\compiler\ti-cgt-armllvm_4.0.0.LTS\lib\armv6m-ti-none-eabi\c\</path>
         <kind>archive</kind>
         <file>libc.a</file>
         <name>printf.c.obj</name>
      </input_file>
      <input_file id="fl-47">
         <path>F:\TI\CCS\ccs\tools\compiler\ti-cgt-armllvm_4.0.0.LTS\lib\armv6m-ti-none-eabi\c\</path>
         <kind>archive</kind>
         <file>libc.a</file>
         <name>_printfi.c.obj</name>
      </input_file>
      <input_file id="fl-48">
         <path>F:\TI\CCS\ccs\tools\compiler\ti-cgt-armllvm_4.0.0.LTS\lib\armv6m-ti-none-eabi\c\</path>
         <kind>archive</kind>
         <file>libc.a</file>
         <name>sprintf.c.obj</name>
      </input_file>
      <input_file id="fl-49">
         <path>F:\TI\CCS\ccs\tools\compiler\ti-cgt-armllvm_4.0.0.LTS\lib\armv6m-ti-none-eabi\c\</path>
         <kind>archive</kind>
         <file>libc.a</file>
         <name>vsnprintf.c.obj</name>
      </input_file>
      <input_file id="fl-4a">
         <path>F:\TI\CCS\ccs\tools\compiler\ti-cgt-armllvm_4.0.0.LTS\lib\armv6m-ti-none-eabi\c\</path>
         <kind>archive</kind>
         <file>libc.a</file>
         <name>wcslen.c.obj</name>
      </input_file>
      <input_file id="fl-4b">
         <path>F:\TI\CCS\ccs\tools\compiler\ti-cgt-armllvm_4.0.0.LTS\lib\armv6m-ti-none-eabi\c\</path>
         <kind>archive</kind>
         <file>libc.a</file>
         <name>s_frexp.c.obj</name>
      </input_file>
      <input_file id="fl-4c">
         <path>F:\TI\CCS\ccs\tools\compiler\ti-cgt-armllvm_4.0.0.LTS\lib\armv6m-ti-none-eabi\c\</path>
         <kind>archive</kind>
         <file>libc.a</file>
         <name>s_scalbn.c.obj</name>
      </input_file>
      <input_file id="fl-4d">
         <path>F:\TI\CCS\ccs\tools\compiler\ti-cgt-armllvm_4.0.0.LTS\lib\armv6m-ti-none-eabi\c\</path>
         <kind>archive</kind>
         <file>libc.a</file>
         <name>aeabi_portable.c.obj</name>
      </input_file>
      <input_file id="fl-4e">
         <path>F:\TI\CCS\ccs\tools\compiler\ti-cgt-armllvm_4.0.0.LTS\lib\armv6m-ti-none-eabi\c\</path>
         <kind>archive</kind>
         <file>libc.a</file>
         <name>_lock.c.obj</name>
      </input_file>
      <input_file id="fl-4f">
         <path>F:\TI\CCS\ccs\tools\compiler\ti-cgt-armllvm_4.0.0.LTS\lib\armv6m-ti-none-eabi\c\</path>
         <kind>archive</kind>
         <file>libc.a</file>
         <name>_ltoa.c.obj</name>
      </input_file>
      <input_file id="fl-50">
         <path>F:\TI\CCS\ccs\tools\compiler\ti-cgt-armllvm_4.0.0.LTS\lib\armv6m-ti-none-eabi\c\</path>
         <kind>archive</kind>
         <file>libc.a</file>
         <name>assert.c.obj</name>
      </input_file>
      <input_file id="fl-51">
         <path>F:\TI\CCS\ccs\tools\compiler\ti-cgt-armllvm_4.0.0.LTS\lib\armv6m-ti-none-eabi\c\</path>
         <kind>archive</kind>
         <file>libc.a</file>
         <name>atoi.c.obj</name>
      </input_file>
      <input_file id="fl-52">
         <path>F:\TI\CCS\ccs\tools\compiler\ti-cgt-armllvm_4.0.0.LTS\lib\armv6m-ti-none-eabi\c\</path>
         <kind>archive</kind>
         <file>libc.a</file>
         <name>defs.c.obj</name>
      </input_file>
      <input_file id="fl-53">
         <path>F:\TI\CCS\ccs\tools\compiler\ti-cgt-armllvm_4.0.0.LTS\lib\armv6m-ti-none-eabi\c\</path>
         <kind>archive</kind>
         <file>libc.a</file>
         <name>memccpy.c.obj</name>
      </input_file>
      <input_file id="fl-54">
         <path>F:\TI\CCS\ccs\tools\compiler\ti-cgt-armllvm_4.0.0.LTS\lib\armv6m-ti-none-eabi\c\</path>
         <kind>archive</kind>
         <file>libc.a</file>
         <name>memory.c.obj</name>
      </input_file>
      <input_file id="fl-55">
         <path>F:\TI\CCS\ccs\tools\compiler\ti-cgt-armllvm_4.0.0.LTS\lib\armv6m-ti-none-eabi\c\</path>
         <kind>archive</kind>
         <file>libc.a</file>
         <name>boot_cortex_m.c.obj</name>
      </input_file>
      <input_file id="fl-56">
         <path>F:\TI\CCS\ccs\tools\compiler\ti-cgt-armllvm_4.0.0.LTS\lib\armv6m-ti-none-eabi\c\</path>
         <kind>archive</kind>
         <file>libc.a</file>
         <name>mathacl_init.c.obj</name>
      </input_file>
      <input_file id="fl-57">
         <path>F:\TI\CCS\ccs\tools\compiler\ti-cgt-armllvm_4.0.0.LTS\lib\armv6m-ti-none-eabi\c\</path>
         <kind>archive</kind>
         <file>libc.a</file>
         <name>autoinit.c.obj</name>
      </input_file>
      <input_file id="fl-58">
         <path>F:\TI\CCS\ccs\tools\compiler\ti-cgt-armllvm_4.0.0.LTS\lib\armv6m-ti-none-eabi\c\</path>
         <kind>archive</kind>
         <file>libc.a</file>
         <name>pre_init.c.obj</name>
      </input_file>
      <input_file id="fl-59">
         <path>F:\TI\CCS\ccs\tools\compiler\ti-cgt-armllvm_4.0.0.LTS\lib\armv6m-ti-none-eabi\c\</path>
         <kind>archive</kind>
         <file>libc.a</file>
         <name>cpy_tbl.c.obj</name>
      </input_file>
      <input_file id="fl-5a">
         <path>F:\TI\CCS\ccs\tools\compiler\ti-cgt-armllvm_4.0.0.LTS\lib\armv6m-ti-none-eabi\c\</path>
         <kind>archive</kind>
         <file>libc.a</file>
         <name>copy_zero_init.c.obj</name>
      </input_file>
      <input_file id="fl-5b">
         <path>F:\TI\CCS\ccs\tools\compiler\ti-cgt-armllvm_4.0.0.LTS\lib\armv6m-ti-none-eabi\c\</path>
         <kind>archive</kind>
         <file>libc.a</file>
         <name>copy_decompress_none.c.obj</name>
      </input_file>
      <input_file id="fl-5c">
         <path>F:\TI\CCS\ccs\tools\compiler\ti-cgt-armllvm_4.0.0.LTS\lib\armv6m-ti-none-eabi\c\</path>
         <kind>archive</kind>
         <file>libc.a</file>
         <name>copy_decompress_lzss.c.obj</name>
      </input_file>
      <input_file id="fl-5d">
         <path>F:\TI\CCS\ccs\tools\compiler\ti-cgt-armllvm_4.0.0.LTS\lib\armv6m-ti-none-eabi\c\</path>
         <kind>archive</kind>
         <file>libc.a</file>
         <name>fflush.c.obj</name>
      </input_file>
      <input_file id="fl-5e">
         <path>F:\TI\CCS\ccs\tools\compiler\ti-cgt-armllvm_4.0.0.LTS\lib\armv6m-ti-none-eabi\c\</path>
         <kind>archive</kind>
         <file>libc.a</file>
         <name>aeabi_ctype.S.obj</name>
      </input_file>
      <input_file id="fl-5f">
         <path>F:\TI\CCS\ccs\tools\compiler\ti-cgt-armllvm_4.0.0.LTS\lib\armv6m-ti-none-eabi\c\</path>
         <kind>archive</kind>
         <file>libc.a</file>
         <name>exit.c.obj</name>
      </input_file>
      <input_file id="fl-60">
         <path>F:\TI\CCS\ccs\tools\compiler\ti-cgt-armllvm_4.0.0.LTS\lib\armv6m-ti-none-eabi\c\</path>
         <kind>archive</kind>
         <file>libc.a</file>
         <name>args_main.c.obj</name>
      </input_file>
      <input_file id="fl-f6">
         <path>F:\TI\CCS\ccs\tools\compiler\ti-cgt-armllvm_4.0.0.LTS\lib\armv6m-ti-none-eabi\c\</path>
         <kind>archive</kind>
         <file>libsysbm.a</file>
         <name>write.c.obj</name>
      </input_file>
      <input_file id="fl-f7">
         <path>F:\TI\CCS\ccs\tools\compiler\ti-cgt-armllvm_4.0.0.LTS\lib\armv6m-ti-none-eabi\c\</path>
         <kind>archive</kind>
         <file>libsysbm.a</file>
         <name>host_device.c.obj</name>
      </input_file>
      <input_file id="fl-f8">
         <path>F:\TI\CCS\ccs\tools\compiler\ti-cgt-armllvm_4.0.0.LTS\lib\armv6m-ti-none-eabi\c\</path>
         <kind>archive</kind>
         <file>libsysbm.a</file>
         <name>hostclose.c.obj</name>
      </input_file>
      <input_file id="fl-f9">
         <path>F:\TI\CCS\ccs\tools\compiler\ti-cgt-armllvm_4.0.0.LTS\lib\armv6m-ti-none-eabi\c\</path>
         <kind>archive</kind>
         <file>libsysbm.a</file>
         <name>hostlseek.c.obj</name>
      </input_file>
      <input_file id="fl-fa">
         <path>F:\TI\CCS\ccs\tools\compiler\ti-cgt-armllvm_4.0.0.LTS\lib\armv6m-ti-none-eabi\c\</path>
         <kind>archive</kind>
         <file>libsysbm.a</file>
         <name>hostopen.c.obj</name>
      </input_file>
      <input_file id="fl-fb">
         <path>F:\TI\CCS\ccs\tools\compiler\ti-cgt-armllvm_4.0.0.LTS\lib\armv6m-ti-none-eabi\c\</path>
         <kind>archive</kind>
         <file>libsysbm.a</file>
         <name>hostread.c.obj</name>
      </input_file>
      <input_file id="fl-fc">
         <path>F:\TI\CCS\ccs\tools\compiler\ti-cgt-armllvm_4.0.0.LTS\lib\armv6m-ti-none-eabi\c\</path>
         <kind>archive</kind>
         <file>libsysbm.a</file>
         <name>hostrename.c.obj</name>
      </input_file>
      <input_file id="fl-fd">
         <path>F:\TI\CCS\ccs\tools\compiler\ti-cgt-armllvm_4.0.0.LTS\lib\armv6m-ti-none-eabi\c\</path>
         <kind>archive</kind>
         <file>libsysbm.a</file>
         <name>hostunlink.c.obj</name>
      </input_file>
      <input_file id="fl-fe">
         <path>F:\TI\CCS\ccs\tools\compiler\ti-cgt-armllvm_4.0.0.LTS\lib\armv6m-ti-none-eabi\c\</path>
         <kind>archive</kind>
         <file>libsysbm.a</file>
         <name>hostwrite.c.obj</name>
      </input_file>
      <input_file id="fl-ff">
         <path>F:\TI\CCS\ccs\tools\compiler\ti-cgt-armllvm_4.0.0.LTS\lib\armv6m-ti-none-eabi\c\</path>
         <kind>archive</kind>
         <file>libsysbm.a</file>
         <name>trgmsg.c.obj</name>
      </input_file>
      <input_file id="fl-100">
         <path>F:\TI\CCS\ccs\tools\compiler\ti-cgt-armllvm_4.0.0.LTS\lib\armv6m-ti-none-eabi\</path>
         <kind>archive</kind>
         <file>libclang_rt.builtins.a</file>
         <name>addsf3.S.obj</name>
      </input_file>
      <input_file id="fl-101">
         <path>F:\TI\CCS\ccs\tools\compiler\ti-cgt-armllvm_4.0.0.LTS\lib\armv6m-ti-none-eabi\</path>
         <kind>archive</kind>
         <file>libclang_rt.builtins.a</file>
         <name>adddf3.S.obj</name>
      </input_file>
      <input_file id="fl-102">
         <path>F:\TI\CCS\ccs\tools\compiler\ti-cgt-armllvm_4.0.0.LTS\lib\armv6m-ti-none-eabi\</path>
         <kind>archive</kind>
         <file>libclang_rt.builtins.a</file>
         <name>muldf3.S.obj</name>
      </input_file>
      <input_file id="fl-103">
         <path>F:\TI\CCS\ccs\tools\compiler\ti-cgt-armllvm_4.0.0.LTS\lib\armv6m-ti-none-eabi\</path>
         <kind>archive</kind>
         <file>libclang_rt.builtins.a</file>
         <name>muldsi3.S.obj</name>
      </input_file>
      <input_file id="fl-104">
         <path>F:\TI\CCS\ccs\tools\compiler\ti-cgt-armllvm_4.0.0.LTS\lib\armv6m-ti-none-eabi\</path>
         <kind>archive</kind>
         <file>libclang_rt.builtins.a</file>
         <name>mulsf3.S.obj</name>
      </input_file>
      <input_file id="fl-105">
         <path>F:\TI\CCS\ccs\tools\compiler\ti-cgt-armllvm_4.0.0.LTS\lib\armv6m-ti-none-eabi\</path>
         <kind>archive</kind>
         <file>libclang_rt.builtins.a</file>
         <name>divsf3.S.obj</name>
      </input_file>
      <input_file id="fl-106">
         <path>F:\TI\CCS\ccs\tools\compiler\ti-cgt-armllvm_4.0.0.LTS\lib\armv6m-ti-none-eabi\</path>
         <kind>archive</kind>
         <file>libclang_rt.builtins.a</file>
         <name>divdf3.S.obj</name>
      </input_file>
      <input_file id="fl-107">
         <path>F:\TI\CCS\ccs\tools\compiler\ti-cgt-armllvm_4.0.0.LTS\lib\armv6m-ti-none-eabi\</path>
         <kind>archive</kind>
         <file>libclang_rt.builtins.a</file>
         <name>extendsfdf2.S.obj</name>
      </input_file>
      <input_file id="fl-108">
         <path>F:\TI\CCS\ccs\tools\compiler\ti-cgt-armllvm_4.0.0.LTS\lib\armv6m-ti-none-eabi\</path>
         <kind>archive</kind>
         <file>libclang_rt.builtins.a</file>
         <name>fixdfsi.S.obj</name>
      </input_file>
      <input_file id="fl-109">
         <path>F:\TI\CCS\ccs\tools\compiler\ti-cgt-armllvm_4.0.0.LTS\lib\armv6m-ti-none-eabi\</path>
         <kind>archive</kind>
         <file>libclang_rt.builtins.a</file>
         <name>fixsfsi.S.obj</name>
      </input_file>
      <input_file id="fl-10a">
         <path>F:\TI\CCS\ccs\tools\compiler\ti-cgt-armllvm_4.0.0.LTS\lib\armv6m-ti-none-eabi\</path>
         <kind>archive</kind>
         <file>libclang_rt.builtins.a</file>
         <name>floatsidf.S.obj</name>
      </input_file>
      <input_file id="fl-10b">
         <path>F:\TI\CCS\ccs\tools\compiler\ti-cgt-armllvm_4.0.0.LTS\lib\armv6m-ti-none-eabi\</path>
         <kind>archive</kind>
         <file>libclang_rt.builtins.a</file>
         <name>floatsisf.S.obj</name>
      </input_file>
      <input_file id="fl-10c">
         <path>F:\TI\CCS\ccs\tools\compiler\ti-cgt-armllvm_4.0.0.LTS\lib\armv6m-ti-none-eabi\</path>
         <kind>archive</kind>
         <file>libclang_rt.builtins.a</file>
         <name>floatunsidf.S.obj</name>
      </input_file>
      <input_file id="fl-10d">
         <path>F:\TI\CCS\ccs\tools\compiler\ti-cgt-armllvm_4.0.0.LTS\lib\armv6m-ti-none-eabi\</path>
         <kind>archive</kind>
         <file>libclang_rt.builtins.a</file>
         <name>floatunsisf.S.obj</name>
      </input_file>
      <input_file id="fl-10e">
         <path>F:\TI\CCS\ccs\tools\compiler\ti-cgt-armllvm_4.0.0.LTS\lib\armv6m-ti-none-eabi\</path>
         <kind>archive</kind>
         <file>libclang_rt.builtins.a</file>
         <name>muldi3.S.obj</name>
      </input_file>
      <input_file id="fl-10f">
         <path>F:\TI\CCS\ccs\tools\compiler\ti-cgt-armllvm_4.0.0.LTS\lib\armv6m-ti-none-eabi\</path>
         <kind>archive</kind>
         <file>libclang_rt.builtins.a</file>
         <name>truncdfsf2.S.obj</name>
      </input_file>
      <input_file id="fl-110">
         <path>F:\TI\CCS\ccs\tools\compiler\ti-cgt-armllvm_4.0.0.LTS\lib\armv6m-ti-none-eabi\</path>
         <kind>archive</kind>
         <file>libclang_rt.builtins.a</file>
         <name>aeabi_dcmp.S.obj</name>
      </input_file>
      <input_file id="fl-111">
         <path>F:\TI\CCS\ccs\tools\compiler\ti-cgt-armllvm_4.0.0.LTS\lib\armv6m-ti-none-eabi\</path>
         <kind>archive</kind>
         <file>libclang_rt.builtins.a</file>
         <name>aeabi_fcmp.S.obj</name>
      </input_file>
      <input_file id="fl-112">
         <path>F:\TI\CCS\ccs\tools\compiler\ti-cgt-armllvm_4.0.0.LTS\lib\armv6m-ti-none-eabi\</path>
         <kind>archive</kind>
         <file>libclang_rt.builtins.a</file>
         <name>aeabi_idivmod.S.obj</name>
      </input_file>
      <input_file id="fl-113">
         <path>F:\TI\CCS\ccs\tools\compiler\ti-cgt-armllvm_4.0.0.LTS\lib\armv6m-ti-none-eabi\</path>
         <kind>archive</kind>
         <file>libclang_rt.builtins.a</file>
         <name>aeabi_memcpy.S.obj</name>
      </input_file>
      <input_file id="fl-114">
         <path>F:\TI\CCS\ccs\tools\compiler\ti-cgt-armllvm_4.0.0.LTS\lib\armv6m-ti-none-eabi\</path>
         <kind>archive</kind>
         <file>libclang_rt.builtins.a</file>
         <name>aeabi_memset.S.obj</name>
      </input_file>
      <input_file id="fl-115">
         <path>F:\TI\CCS\ccs\tools\compiler\ti-cgt-armllvm_4.0.0.LTS\lib\armv6m-ti-none-eabi\</path>
         <kind>archive</kind>
         <file>libclang_rt.builtins.a</file>
         <name>aeabi_uidivmod.S.obj</name>
      </input_file>
      <input_file id="fl-116">
         <path>F:\TI\CCS\ccs\tools\compiler\ti-cgt-armllvm_4.0.0.LTS\lib\armv6m-ti-none-eabi\</path>
         <kind>archive</kind>
         <file>libclang_rt.builtins.a</file>
         <name>aeabi_uldivmod.S.obj</name>
      </input_file>
      <input_file id="fl-117">
         <path>F:\TI\CCS\ccs\tools\compiler\ti-cgt-armllvm_4.0.0.LTS\lib\armv6m-ti-none-eabi\</path>
         <kind>archive</kind>
         <file>libclang_rt.builtins.a</file>
         <name>comparesf2.S.obj</name>
      </input_file>
      <input_file id="fl-118">
         <path>F:\TI\CCS\ccs\tools\compiler\ti-cgt-armllvm_4.0.0.LTS\lib\armv6m-ti-none-eabi\</path>
         <kind>archive</kind>
         <file>libclang_rt.builtins.a</file>
         <name>udivmoddi4.S.obj</name>
      </input_file>
      <input_file id="fl-119">
         <path>F:\TI\CCS\ccs\tools\compiler\ti-cgt-armllvm_4.0.0.LTS\lib\armv6m-ti-none-eabi\</path>
         <kind>archive</kind>
         <file>libclang_rt.builtins.a</file>
         <name>ashldi3.S.obj</name>
      </input_file>
      <input_file id="fl-11a">
         <path>F:\TI\CCS\ccs\tools\compiler\ti-cgt-armllvm_4.0.0.LTS\lib\armv6m-ti-none-eabi\</path>
         <kind>archive</kind>
         <file>libclang_rt.builtins.a</file>
         <name>comparedf2.c.obj</name>
      </input_file>
      <input_file id="fl-11b">
         <path>F:\TI\CCS\ccs\tools\compiler\ti-cgt-armllvm_4.0.0.LTS\lib\armv6m-ti-none-eabi\</path>
         <kind>archive</kind>
         <file>libclang_rt.builtins.a</file>
         <name>aeabi_div0.c.obj</name>
      </input_file>
      <input_file id="fl-11c">
         <path>F:\TI\CCS\ccs\tools\compiler\ti-cgt-armllvm_4.0.0.LTS\lib\armv6m-ti-none-eabi\c\</path>
         <kind>archive</kind>
         <file>libc.a</file>
         <name>memcpy16.S.obj</name>
      </input_file>
      <input_file id="fl-11d">
         <path>F:\TI\CCS\ccs\tools\compiler\ti-cgt-armllvm_4.0.0.LTS\lib\armv6m-ti-none-eabi\c\</path>
         <kind>archive</kind>
         <file>libc.a</file>
         <name>memset16.S.obj</name>
      </input_file>
   </input_file_list>
   <object_component_list>
      <object_component id="oc-18">
         <name>.intvecs</name>
         <load_address>0x0</load_address>
         <readonly>true</readonly>
         <run_address>0x0</run_address>
         <size>0xc0</size>
         <alignment>0x4</alignment>
         <input_file_ref idref="fl-3"/>
      </object_component>
      <object_component id="oc-106">
         <name>.text.OLED_Init</name>
         <load_address>0xc0</load_address>
         <readonly>true</readonly>
         <executable>true</executable>
         <run_address>0xc0</run_address>
         <size>0x12a4</size>
         <alignment>0x4</alignment>
         <input_file_ref idref="fl-e"/>
      </object_component>
      <object_component id="oc-263">
         <name>.text.OLED_Clear</name>
         <load_address>0x1364</load_address>
         <readonly>true</readonly>
         <executable>true</executable>
         <run_address>0x1364</run_address>
         <size>0xa90</size>
         <alignment>0x4</alignment>
         <input_file_ref idref="fl-e"/>
      </object_component>
      <object_component id="oc-2ad">
         <name>.text:__TI_printfi</name>
         <load_address>0x1df4</load_address>
         <readonly>true</readonly>
         <executable>true</executable>
         <run_address>0x1df4</run_address>
         <size>0x9d0</size>
         <alignment>0x4</alignment>
         <input_file_ref idref="fl-47"/>
      </object_component>
      <object_component id="oc-10f">
         <name>.text.Ekf_yaw_Forecast</name>
         <load_address>0x27c4</load_address>
         <readonly>true</readonly>
         <executable>true</executable>
         <run_address>0x27c4</run_address>
         <size>0x360</size>
         <alignment>0x4</alignment>
         <input_file_ref idref="fl-7"/>
      </object_component>
      <object_component id="oc-10e">
         <name>.text.OLED_Refresh</name>
         <load_address>0x2b24</load_address>
         <readonly>true</readonly>
         <executable>true</executable>
         <run_address>0x2b24</run_address>
         <size>0x2b4</size>
         <alignment>0x4</alignment>
         <input_file_ref idref="fl-e"/>
      </object_component>
      <object_component id="oc-25f">
         <name>.text.bmi088_accel_init</name>
         <load_address>0x2dd8</load_address>
         <readonly>true</readonly>
         <executable>true</executable>
         <run_address>0x2dd8</run_address>
         <size>0x274</size>
         <alignment>0x4</alignment>
         <input_file_ref idref="fl-6"/>
      </object_component>
      <object_component id="oc-1aa">
         <name>.text.OLED_ShowChar</name>
         <load_address>0x304c</load_address>
         <readonly>true</readonly>
         <executable>true</executable>
         <run_address>0x304c</run_address>
         <size>0x270</size>
         <alignment>0x4</alignment>
         <input_file_ref idref="fl-e"/>
      </object_component>
      <object_component id="oc-18c">
         <name>.text.normalizeAnalogValues</name>
         <load_address>0x32bc</load_address>
         <readonly>true</readonly>
         <executable>true</executable>
         <run_address>0x32bc</run_address>
         <size>0x234</size>
         <alignment>0x2</alignment>
         <input_file_ref idref="fl-17"/>
      </object_component>
      <object_component id="oc-260">
         <name>.text.bmi088_gyro_init</name>
         <load_address>0x34f0</load_address>
         <readonly>true</readonly>
         <executable>true</executable>
         <run_address>0x34f0</run_address>
         <size>0x224</size>
         <alignment>0x4</alignment>
         <input_file_ref idref="fl-6"/>
      </object_component>
      <object_component id="oc-2de">
         <name>.text._pconv_a</name>
         <load_address>0x3714</load_address>
         <readonly>true</readonly>
         <executable>true</executable>
         <run_address>0x3714</run_address>
         <size>0x220</size>
         <alignment>0x4</alignment>
         <input_file_ref idref="fl-47"/>
      </object_component>
      <object_component id="oc-111">
         <name>.text.menu_task</name>
         <load_address>0x3934</load_address>
         <readonly>true</readonly>
         <executable>true</executable>
         <run_address>0x3934</run_address>
         <size>0x214</size>
         <alignment>0x4</alignment>
         <input_file_ref idref="fl-d"/>
      </object_component>
      <object_component id="oc-1cb">
         <name>.text.no_gray_work</name>
         <load_address>0x3b48</load_address>
         <readonly>true</readonly>
         <executable>true</executable>
         <run_address>0x3b48</run_address>
         <size>0x210</size>
         <alignment>0x4</alignment>
         <input_file_ref idref="fl-17"/>
      </object_component>
      <object_component id="oc-2df">
         <name>.text._pconv_g</name>
         <load_address>0x3d58</load_address>
         <readonly>true</readonly>
         <executable>true</executable>
         <run_address>0x3d58</run_address>
         <size>0x1dc</size>
         <alignment>0x4</alignment>
         <input_file_ref idref="fl-47"/>
      </object_component>
      <object_component id="oc-b0">
         <name>.text.EKF_Predict</name>
         <load_address>0x3f34</load_address>
         <readonly>true</readonly>
         <executable>true</executable>
         <run_address>0x3f34</run_address>
         <size>0x1cc</size>
         <alignment>0x2</alignment>
         <input_file_ref idref="fl-7"/>
      </object_component>
      <object_component id="oc-14c">
         <name>.text.atanf</name>
         <load_address>0x4100</load_address>
         <readonly>true</readonly>
         <executable>true</executable>
         <run_address>0x4100</run_address>
         <size>0x1c8</size>
         <alignment>0x4</alignment>
         <input_file_ref idref="fl-45"/>
      </object_component>
      <object_component id="oc-101">
         <name>.text.no_gray_init_all</name>
         <load_address>0x42c8</load_address>
         <readonly>true</readonly>
         <executable>true</executable>
         <run_address>0x42c8</run_address>
         <size>0x1ac</size>
         <alignment>0x4</alignment>
         <input_file_ref idref="fl-17"/>
      </object_component>
      <object_component id="oc-aa">
         <name>.text.BMI088_read</name>
         <load_address>0x4474</load_address>
         <readonly>true</readonly>
         <executable>true</executable>
         <run_address>0x4474</run_address>
         <size>0x194</size>
         <alignment>0x4</alignment>
         <input_file_ref idref="fl-6"/>
      </object_component>
      <object_component id="oc-24f">
         <name>.text.adddf3_subdf3</name>
         <load_address>0x4608</load_address>
         <readonly>true</readonly>
         <executable>true</executable>
         <run_address>0x4608</run_address>
         <size>0x192</size>
         <alignment>0x4</alignment>
         <input_file_ref idref="fl-101"/>
      </object_component>
      <object_component id="oc-25d">
         <name>.text.BMI088_GPIO_init</name>
         <load_address>0x479a</load_address>
         <readonly>true</readonly>
         <executable>true</executable>
         <run_address>0x479a</run_address>
         <size>0x2</size>
         <alignment>0x2</alignment>
         <input_file_ref idref="fl-5"/>
      </object_component>
      <object_component id="oc-194">
         <name>.text.No_MCU_Ganv_Sensor_Init</name>
         <load_address>0x479c</load_address>
         <readonly>true</readonly>
         <executable>true</executable>
         <run_address>0x479c</run_address>
         <size>0x18c</size>
         <alignment>0x4</alignment>
         <input_file_ref idref="fl-17"/>
      </object_component>
      <object_component id="oc-18b">
         <name>.text.Get_Analog_value</name>
         <load_address>0x4928</load_address>
         <readonly>true</readonly>
         <executable>true</executable>
         <run_address>0x4928</run_address>
         <size>0x160</size>
         <alignment>0x4</alignment>
         <input_file_ref idref="fl-17"/>
      </object_component>
      <object_component id="oc-30b">
         <name>.text.fcvt</name>
         <load_address>0x4a88</load_address>
         <readonly>true</readonly>
         <executable>true</executable>
         <run_address>0x4a88</run_address>
         <size>0x13c</size>
         <alignment>0x4</alignment>
         <input_file_ref idref="fl-47"/>
      </object_component>
      <object_component id="oc-2e1">
         <name>.text._pconv_e</name>
         <load_address>0x4bc4</load_address>
         <readonly>true</readonly>
         <executable>true</executable>
         <run_address>0x4bc4</run_address>
         <size>0x120</size>
         <alignment>0x4</alignment>
         <input_file_ref idref="fl-47"/>
      </object_component>
      <object_component id="oc-b9">
         <name>.text.atan2f</name>
         <load_address>0x4ce4</load_address>
         <readonly>true</readonly>
         <executable>true</executable>
         <run_address>0x4ce4</run_address>
         <size>0x118</size>
         <alignment>0x4</alignment>
         <input_file_ref idref="fl-43"/>
      </object_component>
      <object_component id="oc-c1">
         <name>.text.__divdf3</name>
         <load_address>0x4dfc</load_address>
         <readonly>true</readonly>
         <executable>true</executable>
         <run_address>0x4dfc</run_address>
         <size>0x10c</size>
         <alignment>0x4</alignment>
         <input_file_ref idref="fl-106"/>
      </object_component>
      <object_component id="oc-201">
         <name>.text.DL_Timer_initFourCCPWMMode</name>
         <load_address>0x4f08</load_address>
         <readonly>true</readonly>
         <executable>true</executable>
         <run_address>0x4f08</run_address>
         <size>0x104</size>
         <alignment>0x4</alignment>
         <input_file_ref idref="fl-2c"/>
      </object_component>
      <object_component id="oc-208">
         <name>.text.DL_Timer_initTimerMode</name>
         <load_address>0x500c</load_address>
         <readonly>true</readonly>
         <executable>true</executable>
         <run_address>0x500c</run_address>
         <size>0xe8</size>
         <alignment>0x4</alignment>
         <input_file_ref idref="fl-2c"/>
      </object_component>
      <object_component id="oc-10c">
         <name>.text.OLED_DisPlay_On</name>
         <load_address>0x50f4</load_address>
         <readonly>true</readonly>
         <executable>true</executable>
         <run_address>0x50f4</run_address>
         <size>0xe8</size>
         <alignment>0x4</alignment>
         <input_file_ref idref="fl-e"/>
      </object_component>
      <object_component id="oc-173">
         <name>.text.SYSCFG_DL_GPIO_init</name>
         <load_address>0x51dc</load_address>
         <readonly>true</readonly>
         <executable>true</executable>
         <run_address>0x51dc</run_address>
         <size>0xe8</size>
         <alignment>0x4</alignment>
         <input_file_ref idref="fl-2"/>
      </object_component>
      <object_component id="oc-23a">
         <name>.text.__muldf3</name>
         <load_address>0x52c4</load_address>
         <readonly>true</readonly>
         <executable>true</executable>
         <run_address>0x52c4</run_address>
         <size>0xe4</size>
         <alignment>0x4</alignment>
         <input_file_ref idref="fl-102"/>
      </object_component>
      <object_component id="oc-1fd">
         <name>.text.DL_SYSCTL_configSYSPLL</name>
         <load_address>0x53a8</load_address>
         <readonly>true</readonly>
         <executable>true</executable>
         <run_address>0x53a8</run_address>
         <size>0xdc</size>
         <alignment>0x4</alignment>
         <input_file_ref idref="fl-2e"/>
      </object_component>
      <object_component id="oc-2fe">
         <name>.text.scalbn</name>
         <load_address>0x5484</load_address>
         <readonly>true</readonly>
         <executable>true</executable>
         <run_address>0x5484</run_address>
         <size>0xd8</size>
         <alignment>0x4</alignment>
         <input_file_ref idref="fl-4c"/>
      </object_component>
      <object_component id="oc-b5">
         <name>.text</name>
         <load_address>0x555c</load_address>
         <readonly>true</readonly>
         <executable>true</executable>
         <run_address>0x555c</run_address>
         <size>0xd8</size>
         <alignment>0x4</alignment>
         <input_file_ref idref="fl-100"/>
      </object_component>
      <object_component id="oc-71">
         <name>.text.Yaw_Task</name>
         <load_address>0x5634</load_address>
         <readonly>true</readonly>
         <executable>true</executable>
         <run_address>0x5634</run_address>
         <size>0xd4</size>
         <alignment>0x4</alignment>
         <input_file_ref idref="fl-7"/>
      </object_component>
      <object_component id="oc-77">
         <name>.text.line3_loop_update</name>
         <load_address>0x5708</load_address>
         <readonly>true</readonly>
         <executable>true</executable>
         <run_address>0x5708</run_address>
         <size>0xd4</size>
         <alignment>0x4</alignment>
         <input_file_ref idref="fl-10"/>
      </object_component>
      <object_component id="oc-1cc">
         <name>.text.Encoder_Task</name>
         <load_address>0x57dc</load_address>
         <readonly>true</readonly>
         <executable>true</executable>
         <run_address>0x57dc</run_address>
         <size>0xcc</size>
         <alignment>0x4</alignment>
         <input_file_ref idref="fl-a"/>
      </object_component>
      <object_component id="oc-17a">
         <name>.text.SYSCFG_DL_UART_0_init</name>
         <load_address>0x58a8</load_address>
         <readonly>true</readonly>
         <executable>true</executable>
         <run_address>0x58a8</run_address>
         <size>0xb0</size>
         <alignment>0x4</alignment>
         <input_file_ref idref="fl-2"/>
      </object_component>
      <object_component id="oc-10d">
         <name>.text.OLED_Printf</name>
         <load_address>0x5958</load_address>
         <readonly>true</readonly>
         <executable>true</executable>
         <run_address>0x5958</run_address>
         <size>0xa6</size>
         <alignment>0x2</alignment>
         <input_file_ref idref="fl-e"/>
      </object_component>
      <object_component id="oc-25e">
         <name>.text.BMI088_com_init</name>
         <load_address>0x59fe</load_address>
         <readonly>true</readonly>
         <executable>true</executable>
         <run_address>0x59fe</run_address>
         <size>0x2</size>
         <alignment>0x2</alignment>
         <input_file_ref idref="fl-5"/>
      </object_component>
      <object_component id="oc-2f5">
         <name>.text</name>
         <load_address>0x5a00</load_address>
         <readonly>true</readonly>
         <executable>true</executable>
         <run_address>0x5a00</run_address>
         <size>0xa2</size>
         <alignment>0x4</alignment>
         <input_file_ref idref="fl-118"/>
      </object_component>
      <object_component id="oc-33">
         <name>.text.Default_Handler</name>
         <load_address>0x5aa2</load_address>
         <readonly>true</readonly>
         <executable>true</executable>
         <run_address>0x5aa2</run_address>
         <size>0x2</size>
         <alignment>0x2</alignment>
         <input_file_ref idref="fl-3"/>
      </object_component>
      <object_component id="oc-34">
         <name>.text.GROUP1_IRQHandler</name>
         <load_address>0x5aa4</load_address>
         <readonly>true</readonly>
         <executable>true</executable>
         <run_address>0x5aa4</run_address>
         <size>0xa0</size>
         <alignment>0x4</alignment>
         <input_file_ref idref="fl-b"/>
      </object_component>
      <object_component id="oc-1c6">
         <name>.text.key_proc</name>
         <load_address>0x5b44</load_address>
         <readonly>true</readonly>
         <executable>true</executable>
         <run_address>0x5b44</run_address>
         <size>0xa0</size>
         <alignment>0x4</alignment>
         <input_file_ref idref="fl-9"/>
      </object_component>
      <object_component id="oc-142">
         <name>.text.sqrtf</name>
         <load_address>0x5be4</load_address>
         <readonly>true</readonly>
         <executable>true</executable>
         <run_address>0x5be4</run_address>
         <size>0xa0</size>
         <alignment>0x4</alignment>
         <input_file_ref idref="fl-44"/>
      </object_component>
      <object_component id="oc-f4">
         <name>.text:memcpy</name>
         <load_address>0x5c84</load_address>
         <readonly>true</readonly>
         <executable>true</executable>
         <run_address>0x5c84</run_address>
         <size>0x9a</size>
         <alignment>0x1</alignment>
         <input_file_ref idref="fl-11c"/>
      </object_component>
      <object_component id="oc-17f">
         <name>.text.SYSCFG_DL_SYSTICK_init</name>
         <load_address>0x5d1e</load_address>
         <readonly>true</readonly>
         <executable>true</executable>
         <run_address>0x5d1e</run_address>
         <size>0x2</size>
         <alignment>0x2</alignment>
         <input_file_ref idref="fl-2"/>
      </object_component>
      <object_component id="oc-171">
         <name>.text.SYSCFG_DL_initPower</name>
         <load_address>0x5d20</load_address>
         <readonly>true</readonly>
         <executable>true</executable>
         <run_address>0x5d20</run_address>
         <size>0x94</size>
         <alignment>0x4</alignment>
         <input_file_ref idref="fl-2"/>
      </object_component>
      <object_component id="oc-3f">
         <name>.text.TIMA0_IRQHandler</name>
         <load_address>0x5db4</load_address>
         <readonly>true</readonly>
         <executable>true</executable>
         <run_address>0x5db4</run_address>
         <size>0x8c</size>
         <alignment>0x4</alignment>
         <input_file_ref idref="fl-12"/>
      </object_component>
      <object_component id="oc-b1">
         <name>.text.__mulsf3</name>
         <load_address>0x5e40</load_address>
         <readonly>true</readonly>
         <executable>true</executable>
         <run_address>0x5e40</run_address>
         <size>0x8c</size>
         <alignment>0x4</alignment>
         <input_file_ref idref="fl-104"/>
      </object_component>
      <object_component id="oc-d1">
         <name>.text.pid_calculate_positional</name>
         <load_address>0x5ecc</load_address>
         <readonly>true</readonly>
         <executable>true</executable>
         <run_address>0x5ecc</run_address>
         <size>0x86</size>
         <alignment>0x2</alignment>
         <input_file_ref idref="fl-f"/>
      </object_component>
      <object_component id="oc-2ae">
         <name>.text.__aeabi_idiv0</name>
         <load_address>0x5f52</load_address>
         <readonly>true</readonly>
         <executable>true</executable>
         <run_address>0x5f52</run_address>
         <size>0x2</size>
         <alignment>0x2</alignment>
         <input_file_ref idref="fl-11b"/>
      </object_component>
      <object_component id="oc-174">
         <name>.text.SYSCFG_DL_SYSCTL_init</name>
         <load_address>0x5f54</load_address>
         <readonly>true</readonly>
         <executable>true</executable>
         <run_address>0x5f54</run_address>
         <size>0x84</size>
         <alignment>0x4</alignment>
         <input_file_ref idref="fl-2"/>
      </object_component>
      <object_component id="oc-a6">
         <name>.text.__divsf3</name>
         <load_address>0x5fd8</load_address>
         <readonly>true</readonly>
         <executable>true</executable>
         <run_address>0x5fd8</run_address>
         <size>0x82</size>
         <alignment>0x4</alignment>
         <input_file_ref idref="fl-105"/>
      </object_component>
      <object_component id="oc-30d">
         <name>.text.__aeabi_ldiv0</name>
         <load_address>0x605a</load_address>
         <readonly>true</readonly>
         <executable>true</executable>
         <run_address>0x605a</run_address>
         <size>0x2</size>
         <alignment>0x2</alignment>
         <input_file_ref idref="fl-11b"/>
      </object_component>
      <object_component id="oc-1c">
         <name>.text:decompress:lzss</name>
         <load_address>0x605c</load_address>
         <readonly>true</readonly>
         <executable>true</executable>
         <run_address>0x605c</run_address>
         <size>0x7c</size>
         <alignment>0x4</alignment>
         <input_file_ref idref="fl-5c"/>
      </object_component>
      <object_component id="oc-2a4">
         <name>.text.__gedf2</name>
         <load_address>0x60d8</load_address>
         <readonly>true</readonly>
         <executable>true</executable>
         <run_address>0x60d8</run_address>
         <size>0x74</size>
         <alignment>0x4</alignment>
         <input_file_ref idref="fl-11a"/>
      </object_component>
      <object_component id="oc-8f">
         <name>.text._system_pre_init</name>
         <load_address>0x614c</load_address>
         <readonly>true</readonly>
         <executable>true</executable>
         <run_address>0x614c</run_address>
         <size>0x4</size>
         <alignment>0x2</alignment>
         <input_file_ref idref="fl-58"/>
      </object_component>
      <object_component id="oc-c5">
         <name>.text.__truncdfsf2</name>
         <load_address>0x6150</load_address>
         <readonly>true</readonly>
         <executable>true</executable>
         <run_address>0x6150</run_address>
         <size>0x74</size>
         <alignment>0x10</alignment>
         <input_file_ref idref="fl-10f"/>
      </object_component>
      <object_component id="oc-175">
         <name>.text.SYSCFG_DL_PWM_MOTOR_L_init</name>
         <load_address>0x61c4</load_address>
         <readonly>true</readonly>
         <executable>true</executable>
         <run_address>0x61c4</run_address>
         <size>0x70</size>
         <alignment>0x4</alignment>
         <input_file_ref idref="fl-2"/>
      </object_component>
      <object_component id="oc-176">
         <name>.text.SYSCFG_DL_PWM_MOTOR_R_init</name>
         <load_address>0x6234</load_address>
         <readonly>true</readonly>
         <executable>true</executable>
         <run_address>0x6234</run_address>
         <size>0x70</size>
         <alignment>0x4</alignment>
         <input_file_ref idref="fl-2"/>
      </object_component>
      <object_component id="oc-17b">
         <name>.text.SYSCFG_DL_UART_1_init</name>
         <load_address>0x62a4</load_address>
         <readonly>true</readonly>
         <executable>true</executable>
         <run_address>0x62a4</run_address>
         <size>0x70</size>
         <alignment>0x4</alignment>
         <input_file_ref idref="fl-2"/>
      </object_component>
      <object_component id="oc-22e">
         <name>.text.adc_getValue</name>
         <load_address>0x6314</load_address>
         <readonly>true</readonly>
         <executable>true</executable>
         <run_address>0x6314</run_address>
         <size>0x6c</size>
         <alignment>0x4</alignment>
         <input_file_ref idref="fl-4"/>
      </object_component>
      <object_component id="oc-e0">
         <name>.text.load_motor_pwm</name>
         <load_address>0x6380</load_address>
         <readonly>true</readonly>
         <executable>true</executable>
         <run_address>0x6380</run_address>
         <size>0x6c</size>
         <alignment>0x4</alignment>
         <input_file_ref idref="fl-c"/>
      </object_component>
      <object_component id="oc-29e">
         <name>.text.__ledf2</name>
         <load_address>0x63ec</load_address>
         <readonly>true</readonly>
         <executable>true</executable>
         <run_address>0x63ec</run_address>
         <size>0x68</size>
         <alignment>0x4</alignment>
         <input_file_ref idref="fl-11a"/>
      </object_component>
      <object_component id="oc-30a">
         <name>.text._mcpy</name>
         <load_address>0x6454</load_address>
         <readonly>true</readonly>
         <executable>true</executable>
         <run_address>0x6454</run_address>
         <size>0x66</size>
         <alignment>0x2</alignment>
         <input_file_ref idref="fl-47"/>
      </object_component>
      <object_component id="oc-27a">
         <name>.text._nop</name>
         <load_address>0x64ba</load_address>
         <readonly>true</readonly>
         <executable>true</executable>
         <run_address>0x64ba</run_address>
         <size>0x2</size>
         <alignment>0x2</alignment>
         <input_file_ref idref="fl-4e"/>
      </object_component>
      <object_component id="oc-1f7">
         <name>.text.DL_SYSCTL_setHFCLKSourceHFXTParams</name>
         <load_address>0x64bc</load_address>
         <readonly>true</readonly>
         <executable>true</executable>
         <run_address>0x64bc</run_address>
         <size>0x64</size>
         <alignment>0x4</alignment>
         <input_file_ref idref="fl-2e"/>
      </object_component>
      <object_component id="oc-242">
         <name>.text.__aeabi_dcmp</name>
         <load_address>0x6520</load_address>
         <readonly>true</readonly>
         <executable>true</executable>
         <run_address>0x6520</run_address>
         <size>0x62</size>
         <alignment>0x4</alignment>
         <input_file_ref idref="fl-110"/>
      </object_component>
      <object_component id="oc-158">
         <name>.text.__aeabi_fcmp</name>
         <load_address>0x6584</load_address>
         <readonly>true</readonly>
         <executable>true</executable>
         <run_address>0x6584</run_address>
         <size>0x62</size>
         <alignment>0x4</alignment>
         <input_file_ref idref="fl-111"/>
      </object_component>
      <object_component id="oc-170">
         <name>.text:memset</name>
         <load_address>0x65e6</load_address>
         <readonly>true</readonly>
         <executable>true</executable>
         <run_address>0x65e6</run_address>
         <size>0x62</size>
         <alignment>0x1</alignment>
         <input_file_ref idref="fl-11d"/>
      </object_component>
      <object_component id="oc-93">
         <name>.text.main</name>
         <load_address>0x6648</load_address>
         <readonly>true</readonly>
         <executable>true</executable>
         <run_address>0x6648</run_address>
         <size>0x60</size>
         <alignment>0x4</alignment>
         <input_file_ref idref="fl-1"/>
      </object_component>
      <object_component id="oc-19b">
         <name>.text.DL_I2C_fillControllerTXFIFO</name>
         <load_address>0x66a8</load_address>
         <readonly>true</readonly>
         <executable>true</executable>
         <run_address>0x66a8</run_address>
         <size>0x5e</size>
         <alignment>0x2</alignment>
         <input_file_ref idref="fl-2a"/>
      </object_component>
      <object_component id="oc-2fa">
         <name>.text.frexp</name>
         <load_address>0x6708</load_address>
         <readonly>true</readonly>
         <executable>true</executable>
         <run_address>0x6708</run_address>
         <size>0x5c</size>
         <alignment>0x4</alignment>
         <input_file_ref idref="fl-4b"/>
      </object_component>
      <object_component id="oc-273">
         <name>.text.printf</name>
         <load_address>0x6764</load_address>
         <readonly>true</readonly>
         <executable>true</executable>
         <run_address>0x6764</run_address>
         <size>0x5c</size>
         <alignment>0x4</alignment>
         <input_file_ref idref="fl-46"/>
      </object_component>
      <object_component id="oc-f9">
         <name>.text.SYSCFG_DL_init</name>
         <load_address>0x67c0</load_address>
         <readonly>true</readonly>
         <executable>true</executable>
         <run_address>0x67c0</run_address>
         <size>0x58</size>
         <alignment>0x4</alignment>
         <input_file_ref idref="fl-2"/>
      </object_component>
      <object_component id="oc-302">
         <name>.text.__TI_ltoa</name>
         <load_address>0x6818</load_address>
         <readonly>true</readonly>
         <executable>true</executable>
         <run_address>0x6818</run_address>
         <size>0x58</size>
         <alignment>0x2</alignment>
         <input_file_ref idref="fl-4f"/>
      </object_component>
      <object_component id="oc-2e0">
         <name>.text._pconv_f</name>
         <load_address>0x6870</load_address>
         <readonly>true</readonly>
         <executable>true</executable>
         <run_address>0x6870</run_address>
         <size>0x58</size>
         <alignment>0x2</alignment>
         <input_file_ref idref="fl-47"/>
      </object_component>
      <object_component id="oc-115">
         <name>.text.task_run</name>
         <load_address>0x68c8</load_address>
         <readonly>true</readonly>
         <executable>true</executable>
         <run_address>0x68c8</run_address>
         <size>0x58</size>
         <alignment>0x4</alignment>
         <input_file_ref idref="fl-12"/>
      </object_component>
      <object_component id="oc-319">
         <name>.text.__aeabi_idivmod</name>
         <load_address>0x6920</load_address>
         <readonly>true</readonly>
         <executable>true</executable>
         <run_address>0x6920</run_address>
         <size>0x56</size>
         <alignment>0x4</alignment>
         <input_file_ref idref="fl-112"/>
      </object_component>
      <object_component id="oc-179">
         <name>.text.SYSCFG_DL_I2C_GRAY_init</name>
         <load_address>0x6978</load_address>
         <readonly>true</readonly>
         <executable>true</executable>
         <run_address>0x6978</run_address>
         <size>0x54</size>
         <alignment>0x4</alignment>
         <input_file_ref idref="fl-2"/>
      </object_component>
      <object_component id="oc-178">
         <name>.text.SYSCFG_DL_I2C_OLED_init</name>
         <load_address>0x69cc</load_address>
         <readonly>true</readonly>
         <executable>true</executable>
         <run_address>0x69cc</run_address>
         <size>0x54</size>
         <alignment>0x4</alignment>
         <input_file_ref idref="fl-2"/>
      </object_component>
      <object_component id="oc-308">
         <name>.text._ecpy</name>
         <load_address>0x6a20</load_address>
         <readonly>true</readonly>
         <executable>true</executable>
         <run_address>0x6a20</run_address>
         <size>0x52</size>
         <alignment>0x2</alignment>
         <input_file_ref idref="fl-47"/>
      </object_component>
      <object_component id="oc-290">
         <name>.text.DL_DMA_initChannel</name>
         <load_address>0x6a74</load_address>
         <readonly>true</readonly>
         <executable>true</executable>
         <run_address>0x6a74</run_address>
         <size>0x4c</size>
         <alignment>0x4</alignment>
         <input_file_ref idref="fl-29"/>
      </object_component>
      <object_component id="oc-17d">
         <name>.text.SYSCFG_DL_ADC_GRAY_init</name>
         <load_address>0x6ac0</load_address>
         <readonly>true</readonly>
         <executable>true</executable>
         <run_address>0x6ac0</run_address>
         <size>0x4c</size>
         <alignment>0x4</alignment>
         <input_file_ref idref="fl-2"/>
      </object_component>
      <object_component id="oc-17c">
         <name>.text.SYSCFG_DL_SPI_BMI_init</name>
         <load_address>0x6b0c</load_address>
         <readonly>true</readonly>
         <executable>true</executable>
         <run_address>0x6b0c</run_address>
         <size>0x4c</size>
         <alignment>0x4</alignment>
         <input_file_ref idref="fl-2"/>
      </object_component>
      <object_component id="oc-232">
         <name>.text.__fixdfsi</name>
         <load_address>0x6b58</load_address>
         <readonly>true</readonly>
         <executable>true</executable>
         <run_address>0x6b58</run_address>
         <size>0x4a</size>
         <alignment>0x4</alignment>
         <input_file_ref idref="fl-108"/>
      </object_component>
      <object_component id="oc-214">
         <name>.text.DL_UART_init</name>
         <load_address>0x6ba4</load_address>
         <readonly>true</readonly>
         <executable>true</executable>
         <run_address>0x6ba4</run_address>
         <size>0x48</size>
         <alignment>0x4</alignment>
         <input_file_ref idref="fl-2d"/>
      </object_component>
      <object_component id="oc-269">
         <name>.text.Encoder_Driver_Update</name>
         <load_address>0x6bec</load_address>
         <readonly>true</readonly>
         <executable>true</executable>
         <run_address>0x6bec</run_address>
         <size>0x48</size>
         <alignment>0x4</alignment>
         <input_file_ref idref="fl-b"/>
      </object_component>
      <object_component id="oc-177">
         <name>.text.SYSCFG_DL_TIMER_TICK_init</name>
         <load_address>0x6c34</load_address>
         <readonly>true</readonly>
         <executable>true</executable>
         <run_address>0x6c34</run_address>
         <size>0x48</size>
         <alignment>0x4</alignment>
         <input_file_ref idref="fl-2"/>
      </object_component>
      <object_component id="oc-3a">
         <name>.text.UART0_IRQHandler</name>
         <load_address>0x6c7c</load_address>
         <readonly>true</readonly>
         <executable>true</executable>
         <run_address>0x6c7c</run_address>
         <size>0x48</size>
         <alignment>0x4</alignment>
         <input_file_ref idref="fl-15"/>
      </object_component>
      <object_component id="oc-21f">
         <name>.text.DL_SPI_init</name>
         <load_address>0x6cc4</load_address>
         <readonly>true</readonly>
         <executable>true</executable>
         <run_address>0x6cc4</run_address>
         <size>0x44</size>
         <alignment>0x4</alignment>
         <input_file_ref idref="fl-2b"/>
      </object_component>
      <object_component id="oc-1fe">
         <name>.text.DL_SYSCTL_switchMCLKfromSYSOSCtoHSCLK</name>
         <load_address>0x6d08</load_address>
         <readonly>true</readonly>
         <executable>true</executable>
         <run_address>0x6d08</run_address>
         <size>0x44</size>
         <alignment>0x4</alignment>
         <input_file_ref idref="fl-2e"/>
      </object_component>
      <object_component id="oc-222">
         <name>.text.DL_ADC12_setClockConfig</name>
         <load_address>0x6d4c</load_address>
         <readonly>true</readonly>
         <executable>true</executable>
         <run_address>0x6d4c</run_address>
         <size>0x40</size>
         <alignment>0x4</alignment>
         <input_file_ref idref="fl-27"/>
      </object_component>
      <object_component id="oc-24b">
         <name>.text.__aeabi_uidivmod</name>
         <load_address>0x6d8c</load_address>
         <readonly>true</readonly>
         <executable>true</executable>
         <run_address>0x6d8c</run_address>
         <size>0x40</size>
         <alignment>0x4</alignment>
         <input_file_ref idref="fl-115"/>
      </object_component>
      <object_component id="oc-bd">
         <name>.text.__extendsfdf2</name>
         <load_address>0x6dcc</load_address>
         <readonly>true</readonly>
         <executable>true</executable>
         <run_address>0x6dcc</run_address>
         <size>0x40</size>
         <alignment>0x4</alignment>
         <input_file_ref idref="fl-107"/>
      </object_component>
      <object_component id="oc-2cd">
         <name>.text.atoi</name>
         <load_address>0x6e0c</load_address>
         <readonly>true</readonly>
         <executable>true</executable>
         <run_address>0x6e0c</run_address>
         <size>0x40</size>
         <alignment>0x4</alignment>
         <input_file_ref idref="fl-51"/>
      </object_component>
      <object_component id="oc-fe">
         <name>.text.encoder_init</name>
         <load_address>0x6e4c</load_address>
         <readonly>true</readonly>
         <executable>true</executable>
         <run_address>0x6e4c</run_address>
         <size>0x40</size>
         <alignment>0x4</alignment>
         <input_file_ref idref="fl-b"/>
      </object_component>
      <object_component id="oc-1d0">
         <name>.text.uart_proc</name>
         <load_address>0x6e8c</load_address>
         <readonly>true</readonly>
         <executable>true</executable>
         <run_address>0x6e8c</run_address>
         <size>0x40</size>
         <alignment>0x4</alignment>
         <input_file_ref idref="fl-15"/>
      </object_component>
      <object_component id="oc-1a4">
         <name>.text.vsnprintf</name>
         <load_address>0x6ecc</load_address>
         <readonly>true</readonly>
         <executable>true</executable>
         <run_address>0x6ecc</run_address>
         <size>0x40</size>
         <alignment>0x4</alignment>
         <input_file_ref idref="fl-49"/>
      </object_component>
      <object_component id="oc-db">
         <name>.text.__floatsisf</name>
         <load_address>0x6f0c</load_address>
         <readonly>true</readonly>
         <executable>true</executable>
         <run_address>0x6f0c</run_address>
         <size>0x3c</size>
         <alignment>0x4</alignment>
         <input_file_ref idref="fl-10b"/>
      </object_component>
      <object_component id="oc-1f2">
         <name>.text.__gtsf2</name>
         <load_address>0x6f48</load_address>
         <readonly>true</readonly>
         <executable>true</executable>
         <run_address>0x6f48</run_address>
         <size>0x3c</size>
         <alignment>0x4</alignment>
         <input_file_ref idref="fl-117"/>
      </object_component>
      <object_component id="oc-2e8">
         <name>.text.fputs</name>
         <load_address>0x6f84</load_address>
         <readonly>true</readonly>
         <executable>true</executable>
         <run_address>0x6f84</run_address>
         <size>0x3c</size>
         <alignment>0x4</alignment>
         <input_file_ref idref="fl-15"/>
      </object_component>
      <object_component id="oc-120">
         <name>.text:__TI_auto_init_nobinit_nopinit</name>
         <load_address>0x6fc0</load_address>
         <readonly>true</readonly>
         <executable>true</executable>
         <run_address>0x6fc0</run_address>
         <size>0x3c</size>
         <alignment>0x4</alignment>
         <input_file_ref idref="fl-57"/>
      </object_component>
      <object_component id="oc-1ed">
         <name>.text.__eqsf2</name>
         <load_address>0x6ffc</load_address>
         <readonly>true</readonly>
         <executable>true</executable>
         <run_address>0x6ffc</run_address>
         <size>0x3a</size>
         <alignment>0x4</alignment>
         <input_file_ref idref="fl-117"/>
      </object_component>
      <object_component id="oc-146">
         <name>.text.__muldsi3</name>
         <load_address>0x7038</load_address>
         <readonly>true</readonly>
         <executable>true</executable>
         <run_address>0x7038</run_address>
         <size>0x3a</size>
         <alignment>0x4</alignment>
         <input_file_ref idref="fl-103"/>
      </object_component>
      <object_component id="oc-d7">
         <name>.text.__fixsfsi</name>
         <load_address>0x7074</load_address>
         <readonly>true</readonly>
         <executable>true</executable>
         <run_address>0x7074</run_address>
         <size>0x38</size>
         <alignment>0x4</alignment>
         <input_file_ref idref="fl-109"/>
      </object_component>
      <object_component id="oc-18d">
         <name>.text.sprintf</name>
         <load_address>0x70ac</load_address>
         <readonly>true</readonly>
         <executable>true</executable>
         <run_address>0x70ac</run_address>
         <size>0x38</size>
         <alignment>0x4</alignment>
         <input_file_ref idref="fl-48"/>
      </object_component>
      <object_component id="oc-139">
         <name>.text.BMI088_read_write_byte</name>
         <load_address>0x70e4</load_address>
         <readonly>true</readonly>
         <executable>true</executable>
         <run_address>0x70e4</run_address>
         <size>0x34</size>
         <alignment>0x4</alignment>
         <input_file_ref idref="fl-5"/>
      </object_component>
      <object_component id="oc-193">
         <name>.text.uart0_send_string</name>
         <load_address>0x7118</load_address>
         <readonly>true</readonly>
         <executable>true</executable>
         <run_address>0x7118</run_address>
         <size>0x34</size>
         <alignment>0x4</alignment>
         <input_file_ref idref="fl-15"/>
      </object_component>
      <object_component id="oc-309">
         <name>.text._fcpy</name>
         <load_address>0x714c</load_address>
         <readonly>true</readonly>
         <executable>true</executable>
         <run_address>0x714c</run_address>
         <size>0x30</size>
         <alignment>0x2</alignment>
         <input_file_ref idref="fl-47"/>
      </object_component>
      <object_component id="oc-255">
         <name>.text._outs</name>
         <load_address>0x717c</load_address>
         <readonly>true</readonly>
         <executable>true</executable>
         <run_address>0x717c</run_address>
         <size>0x30</size>
         <alignment>0x2</alignment>
         <input_file_ref idref="fl-49"/>
      </object_component>
      <object_component id="oc-236">
         <name>.text.__floatsidf</name>
         <load_address>0x71ac</load_address>
         <readonly>true</readonly>
         <executable>true</executable>
         <run_address>0x71ac</run_address>
         <size>0x2c</size>
         <alignment>0x4</alignment>
         <input_file_ref idref="fl-10a"/>
      </object_component>
      <object_component id="oc-100">
         <name>.text.yaw_loop_init</name>
         <load_address>0x71d8</load_address>
         <readonly>true</readonly>
         <executable>true</executable>
         <run_address>0x71d8</run_address>
         <size>0x2c</size>
         <alignment>0x4</alignment>
         <input_file_ref idref="fl-10"/>
      </object_component>
      <object_component id="oc-df">
         <name>.text.pid_constrain</name>
         <load_address>0x7204</load_address>
         <readonly>true</readonly>
         <executable>true</executable>
         <run_address>0x7204</run_address>
         <size>0x2a</size>
         <alignment>0x2</alignment>
         <input_file_ref idref="fl-f"/>
      </object_component>
      <object_component id="oc-229">
         <name>.text.SYSCFG_DL_DMA_CH0_RX_init</name>
         <load_address>0x7230</load_address>
         <readonly>true</readonly>
         <executable>true</executable>
         <run_address>0x7230</run_address>
         <size>0x28</size>
         <alignment>0x4</alignment>
         <input_file_ref idref="fl-2"/>
      </object_component>
      <object_component id="oc-180">
         <name>.text.SYSCFG_DL_SYSCTL_CLK_init</name>
         <load_address>0x7258</load_address>
         <readonly>true</readonly>
         <executable>true</executable>
         <run_address>0x7258</run_address>
         <size>0x28</size>
         <alignment>0x4</alignment>
         <input_file_ref idref="fl-2"/>
      </object_component>
      <object_component id="oc-a2">
         <name>.text.__floatunsisf</name>
         <load_address>0x7280</load_address>
         <readonly>true</readonly>
         <executable>true</executable>
         <run_address>0x7280</run_address>
         <size>0x28</size>
         <alignment>0x4</alignment>
         <input_file_ref idref="fl-10d"/>
      </object_component>
      <object_component id="oc-5f">
         <name>.text:_c_int00_noargs</name>
         <load_address>0x72a8</load_address>
         <readonly>true</readonly>
         <executable>true</executable>
         <run_address>0x72a8</run_address>
         <size>0x28</size>
         <alignment>0x4</alignment>
         <input_file_ref idref="fl-55"/>
      </object_component>
      <object_component id="oc-20b">
         <name>.text.DL_I2C_setClockConfig</name>
         <load_address>0x72d0</load_address>
         <readonly>true</readonly>
         <executable>true</executable>
         <run_address>0x72d0</run_address>
         <size>0x26</size>
         <alignment>0x2</alignment>
         <input_file_ref idref="fl-2a"/>
      </object_component>
      <object_component id="oc-23e">
         <name>.text.__floatunsidf</name>
         <load_address>0x72f8</load_address>
         <readonly>true</readonly>
         <executable>true</executable>
         <run_address>0x72f8</run_address>
         <size>0x24</size>
         <alignment>0x4</alignment>
         <input_file_ref idref="fl-10c"/>
      </object_component>
      <object_component id="oc-2d5">
         <name>.text.__muldi3</name>
         <load_address>0x731c</load_address>
         <readonly>true</readonly>
         <executable>true</executable>
         <run_address>0x731c</run_address>
         <size>0x24</size>
         <alignment>0x4</alignment>
         <input_file_ref idref="fl-10e"/>
      </object_component>
      <object_component id="oc-2c6">
         <name>.text.memccpy</name>
         <load_address>0x7340</load_address>
         <readonly>true</readonly>
         <executable>true</executable>
         <run_address>0x7340</run_address>
         <size>0x22</size>
         <alignment>0x2</alignment>
         <input_file_ref idref="fl-53"/>
      </object_component>
      <object_component id="oc-2e9">
         <name>.text.fputc</name>
         <load_address>0x7364</load_address>
         <readonly>true</readonly>
         <executable>true</executable>
         <run_address>0x7364</run_address>
         <size>0x20</size>
         <alignment>0x4</alignment>
         <input_file_ref idref="fl-15"/>
      </object_component>
      <object_component id="oc-30e">
         <name>.text.__ashldi3</name>
         <load_address>0x7384</load_address>
         <readonly>true</readonly>
         <executable>true</executable>
         <run_address>0x7384</run_address>
         <size>0x1e</size>
         <alignment>0x4</alignment>
         <input_file_ref idref="fl-119"/>
      </object_component>
      <object_component id="oc-203">
         <name>.text.DL_Timer_setCaptCompUpdateMethod</name>
         <load_address>0x73a4</load_address>
         <readonly>true</readonly>
         <executable>true</executable>
         <run_address>0x73a4</run_address>
         <size>0x1c</size>
         <alignment>0x4</alignment>
         <input_file_ref idref="fl-2c"/>
      </object_component>
      <object_component id="oc-200">
         <name>.text.DL_Timer_setClockConfig</name>
         <load_address>0x73c0</load_address>
         <readonly>true</readonly>
         <executable>true</executable>
         <run_address>0x73c0</run_address>
         <size>0x1c</size>
         <alignment>0x4</alignment>
         <input_file_ref idref="fl-2c"/>
      </object_component>
      <object_component id="oc-1af">
         <name>.text.no_gray_adjust</name>
         <load_address>0x73dc</load_address>
         <readonly>true</readonly>
         <executable>true</executable>
         <run_address>0x73dc</run_address>
         <size>0x1c</size>
         <alignment>0x4</alignment>
         <input_file_ref idref="fl-17"/>
      </object_component>
      <object_component id="oc-189">
         <name>.text.pid_init</name>
         <load_address>0x73f8</load_address>
         <readonly>true</readonly>
         <executable>true</executable>
         <run_address>0x73f8</run_address>
         <size>0x1c</size>
         <alignment>0x2</alignment>
         <input_file_ref idref="fl-f"/>
      </object_component>
      <object_component id="oc-1ab">
         <name>.text.BMI088_init</name>
         <load_address>0x7414</load_address>
         <readonly>true</readonly>
         <executable>true</executable>
         <run_address>0x7414</run_address>
         <size>0x18</size>
         <alignment>0x2</alignment>
         <input_file_ref idref="fl-6"/>
      </object_component>
      <object_component id="oc-202">
         <name>.text.DL_Timer_setCaptureCompareOutCtl</name>
         <load_address>0x742c</load_address>
         <readonly>true</readonly>
         <executable>true</executable>
         <run_address>0x742c</run_address>
         <size>0x18</size>
         <alignment>0x4</alignment>
         <input_file_ref idref="fl-2c"/>
      </object_component>
      <object_component id="oc-22a">
         <name>.text.SYSCFG_DL_DMA_CH1_TX_init</name>
         <load_address>0x7444</load_address>
         <readonly>true</readonly>
         <executable>true</executable>
         <run_address>0x7444</run_address>
         <size>0x18</size>
         <alignment>0x4</alignment>
         <input_file_ref idref="fl-2"/>
      </object_component>
      <object_component id="oc-256">
         <name>.text._outc</name>
         <load_address>0x745c</load_address>
         <readonly>true</readonly>
         <executable>true</executable>
         <run_address>0x745c</run_address>
         <size>0x18</size>
         <alignment>0x2</alignment>
         <input_file_ref idref="fl-49"/>
      </object_component>
      <object_component id="oc-247">
         <name>.text._outs</name>
         <load_address>0x7474</load_address>
         <readonly>true</readonly>
         <executable>true</executable>
         <run_address>0x7474</run_address>
         <size>0x18</size>
         <alignment>0x2</alignment>
         <input_file_ref idref="fl-48"/>
      </object_component>
      <object_component id="oc-110">
         <name>.text.timer_init</name>
         <load_address>0x748c</load_address>
         <readonly>true</readonly>
         <executable>true</executable>
         <run_address>0x748c</run_address>
         <size>0x18</size>
         <alignment>0x4</alignment>
         <input_file_ref idref="fl-12"/>
      </object_component>
      <object_component id="oc-2da">
         <name>.text.__aeabi_uldivmod</name>
         <load_address>0x74a4</load_address>
         <readonly>true</readonly>
         <executable>true</executable>
         <run_address>0x74a4</run_address>
         <size>0x14</size>
         <alignment>0x4</alignment>
         <input_file_ref idref="fl-116"/>
      </object_component>
      <object_component id="oc-307">
         <name>.text.strchr</name>
         <load_address>0x74b8</load_address>
         <readonly>true</readonly>
         <executable>true</executable>
         <run_address>0x74b8</run_address>
         <size>0x14</size>
         <alignment>0x2</alignment>
         <input_file_ref idref="fl-47"/>
      </object_component>
      <object_component id="oc-219">
         <name>.text.DL_SPI_setClockConfig</name>
         <load_address>0x74cc</load_address>
         <readonly>true</readonly>
         <executable>true</executable>
         <run_address>0x74cc</run_address>
         <size>0x12</size>
         <alignment>0x2</alignment>
         <input_file_ref idref="fl-2b"/>
      </object_component>
      <object_component id="oc-20e">
         <name>.text.DL_UART_setClockConfig</name>
         <load_address>0x74de</load_address>
         <readonly>true</readonly>
         <executable>true</executable>
         <run_address>0x74de</run_address>
         <size>0x12</size>
         <alignment>0x2</alignment>
         <input_file_ref idref="fl-2d"/>
      </object_component>
      <object_component id="oc-20">
         <name>.text:decompress:none</name>
         <load_address>0x74f0</load_address>
         <readonly>true</readonly>
         <executable>true</executable>
         <run_address>0x74f0</run_address>
         <size>0x12</size>
         <alignment>0x2</alignment>
         <input_file_ref idref="fl-5b"/>
      </object_component>
      <object_component id="oc-13d">
         <name>.text.BMI088_GYRO_NS_H</name>
         <load_address>0x7504</load_address>
         <readonly>true</readonly>
         <executable>true</executable>
         <run_address>0x7504</run_address>
         <size>0x10</size>
         <alignment>0x4</alignment>
         <input_file_ref idref="fl-5"/>
      </object_component>
      <object_component id="oc-13c">
         <name>.text.BMI088_GYRO_NS_L</name>
         <load_address>0x7514</load_address>
         <readonly>true</readonly>
         <executable>true</executable>
         <run_address>0x7514</run_address>
         <size>0x10</size>
         <alignment>0x4</alignment>
         <input_file_ref idref="fl-5"/>
      </object_component>
[...]
         <name>DL_Timer_setClockConfig</name>
         <value>0x73c1</value>
         <object_component_ref idref="oc-200"/>
      </symbol>
      <symbol id="sm-2fb">
         <name>DL_Timer_initTimerMode</name>
         <value>0x500d</value>
         <object_component_ref idref="oc-208"/>
      </symbol>
      <symbol id="sm-2fc">
         <name>DL_Timer_setCaptureCompareValue</name>
         <value>0x7535</value>
         <object_component_ref idref="oc-160"/>
      </symbol>
      <symbol id="sm-2fd">
         <name>DL_Timer_setCaptCompUpdateMethod</name>
         <value>0x73a5</value>
         <object_component_ref idref="oc-203"/>
      </symbol>
      <symbol id="sm-2fe">
         <name>DL_Timer_setCaptureCompareOutCtl</name>
         <value>0x742d</value>
         <object_component_ref idref="oc-202"/>
      </symbol>
      <symbol id="sm-2ff">
         <name>DL_Timer_initFourCCPWMMode</name>
         <value>0x4f09</value>
         <object_component_ref idref="oc-201"/>
      </symbol>
      <symbol id="sm-30c">
         <name>DL_UART_init</name>
         <value>0x6ba5</value>
         <object_component_ref idref="oc-214"/>
      </symbol>
      <symbol id="sm-30d">
         <name>DL_UART_setClockConfig</name>
         <value>0x74df</value>
         <object_component_ref idref="oc-20e"/>
      </symbol>
      <symbol id="sm-31e">
         <name>DL_SYSCTL_configSYSPLL</name>
         <value>0x53a9</value>
         <object_component_ref idref="oc-1fd"/>
      </symbol>
      <symbol id="sm-31f">
         <name>DL_SYSCTL_switchMCLKfromSYSOSCtoHSCLK</name>
         <value>0x6d09</value>
         <object_component_ref idref="oc-1fe"/>
      </symbol>
      <symbol id="sm-320">
         <name>DL_SYSCTL_setHFCLKSourceHFXTParams</name>
         <value>0x64bd</value>
         <object_component_ref idref="oc-1f7"/>
      </symbol>
      <symbol id="sm-32e">
         <name>atan2f</name>
         <value>0x4ce5</value>
         <object_component_ref idref="oc-b9"/>
      </symbol>
      <symbol id="sm-338">
         <name>sqrtf</name>
         <value>0x5be5</value>
         <object_component_ref idref="oc-142"/>
      </symbol>
      <symbol id="sm-34c">
         <name>atanf</name>
         <value>0x4101</value>
         <object_component_ref idref="oc-14c"/>
      </symbol>
      <symbol id="sm-35d">
         <name>printf</name>
         <value>0x6765</value>
         <object_component_ref idref="oc-273"/>
      </symbol>
      <symbol id="sm-3a6">
         <name>__TI_printfi</name>
         <value>0x1df5</value>
         <object_component_ref idref="oc-2ad"/>
      </symbol>
      <symbol id="sm-3b7">
         <name>sprintf</name>
         <value>0x70ad</value>
         <object_component_ref idref="oc-18d"/>
      </symbol>
      <symbol id="sm-3c8">
         <name>vsnprintf</name>
         <value>0x6ecd</value>
         <object_component_ref idref="oc-1a4"/>
      </symbol>
      <symbol id="sm-3d1">
         <name>wcslen</name>
         <value>0x7555</value>
         <object_component_ref idref="oc-2d1"/>
      </symbol>
      <symbol id="sm-3db">
         <name>frexp</name>
         <value>0x6709</value>
         <object_component_ref idref="oc-2fa"/>
      </symbol>
      <symbol id="sm-3dc">
         <name>frexpl</name>
         <value>0x6709</value>
         <object_component_ref idref="oc-2fa"/>
      </symbol>
      <symbol id="sm-3e6">
         <name>scalbn</name>
         <value>0x5485</value>
         <object_component_ref idref="oc-2fe"/>
      </symbol>
      <symbol id="sm-3e7">
         <name>ldexp</name>
         <value>0x5485</value>
         <object_component_ref idref="oc-2fe"/>
      </symbol>
      <symbol id="sm-3e8">
         <name>scalbnl</name>
         <value>0x5485</value>
         <object_component_ref idref="oc-2fe"/>
      </symbol>
      <symbol id="sm-3e9">
         <name>ldexpl</name>
         <value>0x5485</value>
         <object_component_ref idref="oc-2fe"/>
      </symbol>
      <symbol id="sm-3f4">
         <name>__aeabi_errno_addr</name>
         <value>0x7605</value>
         <object_component_ref idref="oc-1df"/>
      </symbol>
      <symbol id="sm-3f5">
         <name>__aeabi_errno</name>
         <value>0x20200b98</value>
         <object_component_ref idref="oc-283"/>
      </symbol>
      <symbol id="sm-3fe">
         <name>_nop</name>
         <value>0x64bb</value>
         <object_component_ref idref="oc-27a"/>
      </symbol>
      <symbol id="sm-3ff">
         <name>_lock</name>
         <value>0x20200b9c</value>
         <object_component_ref idref="oc-1d3"/>
      </symbol>
      <symbol id="sm-400">
         <name>_unlock</name>
         <value>0x20200ba0</value>
         <object_component_ref idref="oc-1d6"/>
      </symbol>
      <symbol id="sm-409">
         <name>__TI_ltoa</name>
         <value>0x6819</value>
         <object_component_ref idref="oc-302"/>
      </symbol>
      <symbol id="sm-414">
         <name>atoi</name>
         <value>0x6e0d</value>
         <object_component_ref idref="oc-2cd"/>
      </symbol>
      <symbol id="sm-419">
         <name>_ftable</name>
         <value>0x20200a50</value>
         <object_component_ref idref="oc-2b9"/>
      </symbol>
      <symbol id="sm-422">
         <name>memccpy</name>
         <value>0x7341</value>
         <object_component_ref idref="oc-2c6"/>
      </symbol>
      <symbol id="sm-42e">
         <name>_c_int00_noargs</name>
         <value>0x72a9</value>
         <object_component_ref idref="oc-5f"/>
      </symbol>
      <symbol id="sm-42f">
         <name>__stack</name>
         <value>0x20207e00</value>
         <object_component_ref idref="oc-1a"/>
      </symbol>
      <symbol id="sm-43b">
         <name>__TI_auto_init_nobinit_nopinit</name>
         <value>0x6fc1</value>
         <object_component_ref idref="oc-120"/>
      </symbol>
      <symbol id="sm-443">
         <name>_system_pre_init</name>
         <value>0x614d</value>
         <object_component_ref idref="oc-8f"/>
      </symbol>
      <symbol id="sm-44e">
         <name>__TI_zero_init</name>
         <value>0x7565</value>
         <object_component_ref idref="oc-5c"/>
      </symbol>
      <symbol id="sm-457">
         <name>__TI_decompress_none</name>
         <value>0x74f1</value>
         <object_component_ref idref="oc-20"/>
      </symbol>
      <symbol id="sm-462">
         <name>__TI_decompress_lzss</name>
         <value>0x605d</value>
         <object_component_ref idref="oc-1c"/>
      </symbol>
      <symbol id="sm-464">
         <name>__aeabi_ctype_table_</name>
         <value>0x9050</value>
         <object_component_ref idref="oc-2ed"/>
      </symbol>
      <symbol id="sm-465">
         <name>__aeabi_ctype_table_C</name>
         <value>0x9050</value>
         <object_component_ref idref="oc-2ed"/>
      </symbol>
      <symbol id="sm-46f">
         <name>abort</name>
         <value>0x7655</value>
         <object_component_ref idref="oc-119"/>
      </symbol>
      <symbol id="sm-470">
         <name>C$$EXIT</name>
         <value>0x7654</value>
         <object_component_ref idref="oc-119"/>
      </symbol>
      <symbol id="sm-481">
         <name>__aeabi_fadd</name>
         <value>0x5567</value>
         <object_component_ref idref="oc-b5"/>
      </symbol>
      <symbol id="sm-482">
         <name>__addsf3</name>
         <value>0x5567</value>
         <object_component_ref idref="oc-b5"/>
      </symbol>
      <symbol id="sm-483">
         <name>__aeabi_fsub</name>
         <value>0x555d</value>
         <object_component_ref idref="oc-b5"/>
      </symbol>
      <symbol id="sm-484">
         <name>__subsf3</name>
         <value>0x555d</value>
         <object_component_ref idref="oc-b5"/>
      </symbol>
      <symbol id="sm-48d">
         <name>__aeabi_dadd</name>
         <value>0x4613</value>
         <object_component_ref idref="oc-24f"/>
      </symbol>
      <symbol id="sm-48e">
         <name>__adddf3</name>
         <value>0x4613</value>
         <object_component_ref idref="oc-24f"/>
      </symbol>
      <symbol id="sm-48f">
         <name>__aeabi_dsub</name>
         <value>0x4609</value>
         <object_component_ref idref="oc-24f"/>
      </symbol>
      <symbol id="sm-490">
         <name>__subdf3</name>
         <value>0x4609</value>
         <object_component_ref idref="oc-24f"/>
      </symbol>
      <symbol id="sm-499">
         <name>__aeabi_dmul</name>
         <value>0x52c5</value>
         <object_component_ref idref="oc-23a"/>
      </symbol>
      <symbol id="sm-49a">
         <name>__muldf3</name>
         <value>0x52c5</value>
         <object_component_ref idref="oc-23a"/>
      </symbol>
      <symbol id="sm-4a0">
         <name>__muldsi3</name>
         <value>0x7039</value>
         <object_component_ref idref="oc-146"/>
      </symbol>
      <symbol id="sm-4a6">
         <name>__aeabi_fmul</name>
         <value>0x5e41</value>
         <object_component_ref idref="oc-b1"/>
      </symbol>
      <symbol id="sm-4a7">
         <name>__mulsf3</name>
         <value>0x5e41</value>
         <object_component_ref idref="oc-b1"/>
      </symbol>
      <symbol id="sm-4ad">
         <name>__aeabi_fdiv</name>
         <value>0x5fd9</value>
         <object_component_ref idref="oc-a6"/>
      </symbol>
      <symbol id="sm-4ae">
         <name>__divsf3</name>
         <value>0x5fd9</value>
         <object_component_ref idref="oc-a6"/>
      </symbol>
      <symbol id="sm-4b7">
         <name>__aeabi_ddiv</name>
         <value>0x4dfd</value>
         <object_component_ref idref="oc-c1"/>
      </symbol>
      <symbol id="sm-4b8">
         <name>__divdf3</name>
         <value>0x4dfd</value>
         <object_component_ref idref="oc-c1"/>
      </symbol>
      <symbol id="sm-4be">
         <name>__aeabi_f2d</name>
         <value>0x6dcd</value>
         <object_component_ref idref="oc-bd"/>
      </symbol>
      <symbol id="sm-4bf">
         <name>__extendsfdf2</name>
         <value>0x6dcd</value>
         <object_component_ref idref="oc-bd"/>
      </symbol>
      <symbol id="sm-4c5">
         <name>__aeabi_d2iz</name>
         <value>0x6b59</value>
         <object_component_ref idref="oc-232"/>
      </symbol>
      <symbol id="sm-4c6">
         <name>__fixdfsi</name>
         <value>0x6b59</value>
         <object_component_ref idref="oc-232"/>
      </symbol>
      <symbol id="sm-4cc">
         <name>__aeabi_f2iz</name>
         <value>0x7075</value>
         <object_component_ref idref="oc-d7"/>
      </symbol>
      <symbol id="sm-4cd">
         <name>__fixsfsi</name>
         <value>0x7075</value>
         <object_component_ref idref="oc-d7"/>
      </symbol>
      <symbol id="sm-4d3">
         <name>__aeabi_i2d</name>
         <value>0x71ad</value>
         <object_component_ref idref="oc-236"/>
      </symbol>
      <symbol id="sm-4d4">
         <name>__floatsidf</name>
         <value>0x71ad</value>
         <object_component_ref idref="oc-236"/>
      </symbol>
      <symbol id="sm-4da">
         <name>__aeabi_i2f</name>
         <value>0x6f0d</value>
         <object_component_ref idref="oc-db"/>
      </symbol>
      <symbol id="sm-4db">
         <name>__floatsisf</name>
         <value>0x6f0d</value>
         <object_component_ref idref="oc-db"/>
      </symbol>
      <symbol id="sm-4e1">
         <name>__aeabi_ui2d</name>
         <value>0x72f9</value>
         <object_component_ref idref="oc-23e"/>
      </symbol>
      <symbol id="sm-4e2">
         <name>__floatunsidf</name>
         <value>0x72f9</value>
         <object_component_ref idref="oc-23e"/>
      </symbol>
      <symbol id="sm-4e8">
         <name>__aeabi_ui2f</name>
         <value>0x7281</value>
         <object_component_ref idref="oc-a2"/>
      </symbol>
      <symbol id="sm-4e9">
         <name>__floatunsisf</name>
         <value>0x7281</value>
         <object_component_ref idref="oc-a2"/>
      </symbol>
      <symbol id="sm-4ef">
         <name>__aeabi_lmul</name>
         <value>0x731d</value>
         <object_component_ref idref="oc-2d5"/>
      </symbol>
      <symbol id="sm-4f0">
         <name>__muldi3</name>
         <value>0x731d</value>
         <object_component_ref idref="oc-2d5"/>
      </symbol>
      <symbol id="sm-4f7">
         <name>__aeabi_d2f</name>
         <value>0x6151</value>
         <object_component_ref idref="oc-c5"/>
      </symbol>
      <symbol id="sm-4f8">
         <name>__truncdfsf2</name>
         <value>0x6151</value>
         <object_component_ref idref="oc-c5"/>
      </symbol>
      <symbol id="sm-4fe">
         <name>__aeabi_dcmpeq</name>
         <value>0x6521</value>
         <object_component_ref idref="oc-242"/>
      </symbol>
      <symbol id="sm-4ff">
         <name>__aeabi_dcmplt</name>
         <value>0x6535</value>
         <object_component_ref idref="oc-242"/>
      </symbol>
      <symbol id="sm-500">
         <name>__aeabi_dcmple</name>
         <value>0x6549</value>
         <object_component_ref idref="oc-242"/>
      </symbol>
      <symbol id="sm-501">
         <name>__aeabi_dcmpge</name>
         <value>0x655d</value>
         <object_component_ref idref="oc-242"/>
      </symbol>
      <symbol id="sm-502">
         <name>__aeabi_dcmpgt</name>
         <value>0x6571</value>
         <object_component_ref idref="oc-242"/>
      </symbol>
      <symbol id="sm-508">
         <name>__aeabi_fcmpeq</name>
         <value>0x6585</value>
         <object_component_ref idref="oc-158"/>
      </symbol>
      <symbol id="sm-509">
         <name>__aeabi_fcmplt</name>
         <value>0x6599</value>
         <object_component_ref idref="oc-158"/>
      </symbol>
      <symbol id="sm-50a">
         <name>__aeabi_fcmple</name>
         <value>0x65ad</value>
         <object_component_ref idref="oc-158"/>
      </symbol>
      <symbol id="sm-50b">
         <name>__aeabi_fcmpge</name>
         <value>0x65c1</value>
         <object_component_ref idref="oc-158"/>
      </symbol>
      <symbol id="sm-50c">
         <name>__aeabi_fcmpgt</name>
         <value>0x65d5</value>
         <object_component_ref idref="oc-158"/>
      </symbol>
      <symbol id="sm-512">
         <name>__aeabi_idiv</name>
         <value>0x6921</value>
         <object_component_ref idref="oc-319"/>
      </symbol>
      <symbol id="sm-513">
         <name>__aeabi_idivmod</name>
         <value>0x6921</value>
         <object_component_ref idref="oc-319"/>
      </symbol>
      <symbol id="sm-519">
         <name>__aeabi_memcpy</name>
         <value>0x760d</value>
         <object_component_ref idref="oc-4f"/>
      </symbol>
      <symbol id="sm-51a">
         <name>__aeabi_memcpy4</name>
         <value>0x760d</value>
         <object_component_ref idref="oc-4f"/>
      </symbol>
      <symbol id="sm-51b">
         <name>__aeabi_memcpy8</name>
         <value>0x760d</value>
         <object_component_ref idref="oc-4f"/>
      </symbol>
      <symbol id="sm-524">
         <name>__aeabi_memset</name>
         <value>0x7575</value>
         <object_component_ref idref="oc-2c5"/>
      </symbol>
      <symbol id="sm-525">
         <name>__aeabi_memset4</name>
         <value>0x7575</value>
         <object_component_ref idref="oc-2c5"/>
      </symbol>
      <symbol id="sm-526">
         <name>__aeabi_memset8</name>
         <value>0x7575</value>
         <object_component_ref idref="oc-2c5"/>
      </symbol>
      <symbol id="sm-527">
         <name>__aeabi_memclr</name>
         <value>0x75c1</value>
         <object_component_ref idref="oc-8a"/>
      </symbol>
      <symbol id="sm-528">
         <name>__aeabi_memclr4</name>
         <value>0x75c1</value>
         <object_component_ref idref="oc-8a"/>
      </symbol>
      <symbol id="sm-529">
         <name>__aeabi_memclr8</name>
         <value>0x75c1</value>
         <object_component_ref idref="oc-8a"/>
      </symbol>
      <symbol id="sm-52f">
         <name>__aeabi_uidiv</name>
         <value>0x6d8d</value>
         <object_component_ref idref="oc-24b"/>
      </symbol>
      <symbol id="sm-530">
         <name>__aeabi_uidivmod</name>
         <value>0x6d8d</value>
         <object_component_ref idref="oc-24b"/>
      </symbol>
      <symbol id="sm-536">
         <name>__aeabi_uldivmod</name>
         <value>0x74a5</value>
         <object_component_ref idref="oc-2da"/>
      </symbol>
      <symbol id="sm-53f">
         <name>__eqsf2</name>
         <value>0x6ffd</value>
         <object_component_ref idref="oc-1ed"/>
      </symbol>
      <symbol id="sm-540">
         <name>__lesf2</name>
         <value>0x6ffd</value>
         <object_component_ref idref="oc-1ed"/>
      </symbol>
      <symbol id="sm-541">
         <name>__ltsf2</name>
         <value>0x6ffd</value>
         <object_component_ref idref="oc-1ed"/>
      </symbol>
      <symbol id="sm-542">
         <name>__nesf2</name>
         <value>0x6ffd</value>
         <object_component_ref idref="oc-1ed"/>
      </symbol>
      <symbol id="sm-543">
         <name>__cmpsf2</name>
         <value>0x6ffd</value>
         <object_component_ref idref="oc-1ed"/>
      </symbol>
      <symbol id="sm-544">
         <name>__gtsf2</name>
         <value>0x6f49</value>
         <object_component_ref idref="oc-1f2"/>
      </symbol>
      <symbol id="sm-545">
         <name>__gesf2</name>
         <value>0x6f49</value>
         <object_component_ref idref="oc-1f2"/>
      </symbol>
      <symbol id="sm-54b">
         <name>__udivmoddi4</name>
         <value>0x5a01</value>
         <object_component_ref idref="oc-2f5"/>
      </symbol>
      <symbol id="sm-551">
         <name>__aeabi_llsl</name>
         <value>0x7385</value>
         <object_component_ref idref="oc-30e"/>
      </symbol>
      <symbol id="sm-552">
         <name>__ashldi3</name>
         <value>0x7385</value>
         <object_component_ref idref="oc-30e"/>
      </symbol>
      <symbol id="sm-560">
         <name>__ledf2</name>
         <value>0x63ed</value>
         <object_component_ref idref="oc-29e"/>
      </symbol>
      <symbol id="sm-561">
         <name>__gedf2</name>
         <value>0x60d9</value>
         <object_component_ref idref="oc-2a4"/>
      </symbol>
      <symbol id="sm-562">
         <name>__cmpdf2</name>
         <value>0x63ed</value>
         <object_component_ref idref="oc-29e"/>
      </symbol>
      <symbol id="sm-563">
         <name>__eqdf2</name>
         <value>0x63ed</value>
         <object_component_ref idref="oc-29e"/>
      </symbol>
      <symbol id="sm-564">
         <name>__ltdf2</name>
         <value>0x63ed</value>
         <object_component_ref idref="oc-29e"/>
      </symbol>
      <symbol id="sm-565">
         <name>__nedf2</name>
         <value>0x63ed</value>
         <object_component_ref idref="oc-29e"/>
      </symbol>
      <symbol id="sm-566">
         <name>__gtdf2</name>
         <value>0x60d9</value>
         <object_component_ref idref="oc-2a4"/>
      </symbol>
      <symbol id="sm-572">
         <name>__aeabi_idiv0</name>
         <value>0x5f53</value>
         <object_component_ref idref="oc-2ae"/>
      </symbol>
      <symbol id="sm-573">
         <name>__aeabi_ldiv0</name>
         <value>0x605b</value>
         <object_component_ref idref="oc-30d"/>
      </symbol>
      <symbol id="sm-58c">
         <name>memcpy</name>
         <value>0x5c85</value>
         <object_component_ref idref="oc-f4"/>
      </symbol>
      <symbol id="sm-59b">
         <name>memset</name>
         <value>0x65e7</value>
         <object_component_ref idref="oc-170"/>
      </symbol>
      <symbol id="sm-59c">
         <name>__TI_static_base__</name>
         <value>0x0</value>
      </symbol>
      <symbol id="sm-5a0">
         <name>__mpu_init</name>
         <value>0x0</value>
      </symbol>
      <symbol id="sm-5a1">
         <name>_system_post_cinit</name>
         <value>0x0</value>
      </symbol>
   </symbol_table>
   <title>Link successful</title>
</link_info>
