Component: Arm Compiler for Embedded 6.21 Tool: armlink [5ec1fa00]

==============================================================================

Section Cross References

    empty.o(.text.main) refers to ti_msp_dl_config.o(.text.SYSCFG_DL_init) for SYSCFG_DL_init
    empty.o(.text.main) refers to hw_oled.o(.text.OLED_Init) for OLED_Init
    empty.o(.text.main) refers to hw_oled.o(.text.OLED_DisPlay_On) for OLED_DisPlay_On
    empty.o(.text.main) refers to system.o(.text.timer_init) for timer_init
    empty.o(.text.main) refers to app_oled.o(.text.menu_task) for menu_task
    empty.o(.ARM.exidx.text.main) refers to empty.o(.text.main) for [Anonymous Symbol]
    startup_mspm0g350x_uvision.o(STACK) refers (Special) to heapauxi.o(.text) for __use_two_region_memory
    startup_mspm0g350x_uvision.o(HEAP) refers (Special) to heapauxi.o(.text) for __use_two_region_memory
    startup_mspm0g350x_uvision.o(RESET) refers (Special) to heapauxi.o(.text) for __use_two_region_memory
    startup_mspm0g350x_uvision.o(RESET) refers to startup_mspm0g350x_uvision.o(STACK) for __initial_sp
    startup_mspm0g350x_uvision.o(RESET) refers to startup_mspm0g350x_uvision.o(.text) for Reset_Handler
    startup_mspm0g350x_uvision.o(RESET) refers to system.o(.text.SysTick_Handler) for SysTick_Handler
    startup_mspm0g350x_uvision.o(RESET) refers to system.o(.text.TIMA0_IRQHandler) for TIMA0_IRQHandler
    startup_mspm0g350x_uvision.o(.text) refers (Special) to heapauxi.o(.text) for __use_two_region_memory
    startup_mspm0g350x_uvision.o(.text) refers to __main.o(!!!main) for __main
    startup_mspm0g350x_uvision.o(.text) refers to startup_mspm0g350x_uvision.o(HEAP) for Heap_Mem
    startup_mspm0g350x_uvision.o(.text) refers to startup_mspm0g350x_uvision.o(STACK) for Stack_Mem
    ti_msp_dl_config.o(.text.SYSCFG_DL_init) refers to ti_msp_dl_config.o(.text.SYSCFG_DL_initPower) for SYSCFG_DL_initPower
    ti_msp_dl_config.o(.text.SYSCFG_DL_init) refers to ti_msp_dl_config.o(.text.SYSCFG_DL_GPIO_init) for SYSCFG_DL_GPIO_init
    ti_msp_dl_config.o(.text.SYSCFG_DL_init) refers to ti_msp_dl_config.o(.text.SYSCFG_DL_SYSCTL_init) for SYSCFG_DL_SYSCTL_init
    ti_msp_dl_config.o(.text.SYSCFG_DL_init) refers to ti_msp_dl_config.o(.text.SYSCFG_DL_TIMER_TICK_init) for SYSCFG_DL_TIMER_TICK_init
    ti_msp_dl_config.o(.text.SYSCFG_DL_init) refers to ti_msp_dl_config.o(.text.SYSCFG_DL_I2C_OLED_init) for SYSCFG_DL_I2C_OLED_init
    ti_msp_dl_config.o(.text.SYSCFG_DL_init) refers to ti_msp_dl_config.o(.text.SYSCFG_DL_SYSTICK_init) for SYSCFG_DL_SYSTICK_init
    ti_msp_dl_config.o(.text.SYSCFG_DL_init) refers to ti_msp_dl_config.o(.bss.gTIMER_TICKBackup) for gTIMER_TICKBackup
    ti_msp_dl_config.o(.ARM.exidx.text.SYSCFG_DL_init) refers to ti_msp_dl_config.o(.text.SYSCFG_DL_init) for [Anonymous Symbol]
    ti_msp_dl_config.o(.text.SYSCFG_DL_initPower) refers to dl_common.o(.text.DL_Common_delayCycles) for DL_Common_delayCycles
    ti_msp_dl_config.o(.ARM.exidx.text.SYSCFG_DL_initPower) refers to ti_msp_dl_config.o(.text.SYSCFG_DL_initPower) for [Anonymous Symbol]
    ti_msp_dl_config.o(.ARM.exidx.text.SYSCFG_DL_GPIO_init) refers to ti_msp_dl_config.o(.text.SYSCFG_DL_GPIO_init) for [Anonymous Symbol]
    ti_msp_dl_config.o(.text.SYSCFG_DL_SYSCTL_init) refers to dl_sysctl_mspm0g1x0x_g3x0x.o(.text.DL_SYSCTL_setHFCLKSourceHFXTParams) for DL_SYSCTL_setHFCLKSourceHFXTParams
    ti_msp_dl_config.o(.text.SYSCFG_DL_SYSCTL_init) refers to dl_sysctl_mspm0g1x0x_g3x0x.o(.text.DL_SYSCTL_configSYSPLL) for DL_SYSCTL_configSYSPLL
    ti_msp_dl_config.o(.text.SYSCFG_DL_SYSCTL_init) refers to dl_sysctl_mspm0g1x0x_g3x0x.o(.text.DL_SYSCTL_switchMCLKfromSYSOSCtoHSCLK) for DL_SYSCTL_switchMCLKfromSYSOSCtoHSCLK
    ti_msp_dl_config.o(.text.SYSCFG_DL_SYSCTL_init) refers to ti_msp_dl_config.o(.rodata.gSYSPLLConfig) for [Anonymous Symbol]
    ti_msp_dl_config.o(.ARM.exidx.text.SYSCFG_DL_SYSCTL_init) refers to ti_msp_dl_config.o(.text.SYSCFG_DL_SYSCTL_init) for [Anonymous Symbol]
    ti_msp_dl_config.o(.text.SYSCFG_DL_TIMER_TICK_init) refers to dl_timer.o(.text.DL_Timer_setClockConfig) for DL_Timer_setClockConfig
    ti_msp_dl_config.o(.text.SYSCFG_DL_TIMER_TICK_init) refers to dl_timer.o(.text.DL_Timer_initTimerMode) for DL_Timer_initTimerMode
    ti_msp_dl_config.o(.text.SYSCFG_DL_TIMER_TICK_init) refers to ti_msp_dl_config.o(.rodata.gTIMER_TICKClockConfig) for [Anonymous Symbol]
    ti_msp_dl_config.o(.text.SYSCFG_DL_TIMER_TICK_init) refers to ti_msp_dl_config.o(.rodata.gTIMER_TICKTimerConfig) for [Anonymous Symbol]
    ti_msp_dl_config.o(.ARM.exidx.text.SYSCFG_DL_TIMER_TICK_init) refers to ti_msp_dl_config.o(.text.SYSCFG_DL_TIMER_TICK_init) for [Anonymous Symbol]
    ti_msp_dl_config.o(.text.SYSCFG_DL_I2C_OLED_init) refers to dl_i2c.o(.text.DL_I2C_setClockConfig) for DL_I2C_setClockConfig
    ti_msp_dl_config.o(.text.SYSCFG_DL_I2C_OLED_init) refers to ti_msp_dl_config.o(.rodata.gI2C_OLEDClockConfig) for [Anonymous Symbol]
[...]
    ../clib/printf.c                         0x00000000   Number         0  _printf_fp_infnan.o ABSOLUTE
    ../clib/printf_percent.s                 0x00000000   Number         0  _printf_c.o ABSOLUTE
    ../clib/printf_percent.s                 0x00000000   Number         0  _printf_s.o ABSOLUTE
    ../clib/printf_percent.s                 0x00000000   Number         0  _printf_n.o ABSOLUTE
    ../clib/printf_percent.s                 0x00000000   Number         0  _printf_x.o ABSOLUTE
    ../clib/printf_percent.s                 0x00000000   Number         0  _printf_p.o ABSOLUTE
    ../clib/printf_percent.s                 0x00000000   Number         0  _printf_o.o ABSOLUTE
    ../clib/printf_percent.s                 0x00000000   Number         0  _printf_i.o ABSOLUTE
    ../clib/printf_percent.s                 0x00000000   Number         0  _printf_d.o ABSOLUTE
    ../clib/printf_percent.s                 0x00000000   Number         0  _printf_u.o ABSOLUTE
    ../clib/printf_percent.s                 0x00000000   Number         0  _printf_f.o ABSOLUTE
    ../clib/printf_percent.s                 0x00000000   Number         0  _printf_e.o ABSOLUTE
    ../clib/printf_percent.s                 0x00000000   Number         0  _printf_g.o ABSOLUTE
    ../clib/printf_percent.s                 0x00000000   Number         0  _printf_a.o ABSOLUTE
    ../clib/printf_percent.s                 0x00000000   Number         0  _printf_percent.o ABSOLUTE
    ../clib/printf_percent.s                 0x00000000   Number         0  _printf_lli.o ABSOLUTE
    ../clib/printf_percent.s                 0x00000000   Number         0  _printf_lld.o ABSOLUTE
    ../clib/printf_percent.s                 0x00000000   Number         0  _printf_llu.o ABSOLUTE
    ../clib/printf_percent.s                 0x00000000   Number         0  _printf_ll.o ABSOLUTE
    ../clib/printf_percent.s                 0x00000000   Number         0  _printf_l.o ABSOLUTE
    ../clib/printf_percent.s                 0x00000000   Number         0  _printf_lc.o ABSOLUTE
    ../clib/printf_percent.s                 0x00000000   Number         0  _printf_ls.o ABSOLUTE
    ../clib/printf_percent.s                 0x00000000   Number         0  _printf_llo.o ABSOLUTE
    ../clib/printf_percent.s                 0x00000000   Number         0  _printf_llx.o ABSOLUTE
    ../clib/printf_percent.s                 0x00000000   Number         0  _printf_percent_end.o ABSOLUTE
    ../clib/signal.c                         0x00000000   Number         0  defsig_fpe_outer.o ABSOLUTE
    ../clib/signal.c                         0x00000000   Number         0  defsig_fpe_formal.o ABSOLUTE
    ../clib/signal.c                         0x00000000   Number         0  defsig_exit.o ABSOLUTE
    ../clib/signal.c                         0x00000000   Number         0  defsig_fpe_inner.o ABSOLUTE
    ../clib/signal.c                         0x00000000   Number         0  __raise.o ABSOLUTE
    ../clib/signal.c                         0x00000000   Number         0  defsig_general.o ABSOLUTE
    ../clib/signal.c                         0x00000000   Number         0  defsig_abrt_inner.o ABSOLUTE
    ../clib/signal.c                         0x00000000   Number         0  defsig_rtred_inner.o ABSOLUTE
    ../clib/signal.c                         0x00000000   Number         0  defsig_rtmem_inner.o ABSOLUTE
    ../clib/signal.c                         0x00000000   Number         0  defsig_rtmem_outer.o ABSOLUTE
    ../clib/signal.c                         0x00000000   Number         0  defsig_rtmem_formal.o ABSOLUTE
    ../clib/signal.c                         0x00000000   Number         0  defsig_stak_inner.o ABSOLUTE
    ../clib/signal.c                         0x00000000   Number         0  defsig_pvfn_inner.o ABSOLUTE
    ../clib/signal.c                         0x00000000   Number         0  defsig_cppl_inner.o ABSOLUTE
    ../clib/signal.c                         0x00000000   Number         0  defsig_segv_inner.o ABSOLUTE
    ../clib/signal.c                         0x00000000   Number         0  defsig_other.o ABSOLUTE
    ../clib/signal.s                         0x00000000   Number         0  defsig.o ABSOLUTE
    ../clib/stdlib.c                         0x00000000   Number         0  exit.o ABSOLUTE
    ../fplib/cfplib/fpinit.c                 0x00000000   Number         0  fpinit.o ABSOLUTE
    ../fplib/cfplib/ieee_status.c            0x00000000   Number         0  ieee_status.o ABSOLUTE
    ../fplib/printf1.s                       0x00000000   Number         0  printf1.o ABSOLUTE
    ../fplib/printf2.s                       0x00000000   Number         0  printf2.o ABSOLUTE
    ../fplib/printf2a.s                      0x00000000   Number         0  printf2a.o ABSOLUTE
    ../fplib/printf2b.s                      0x00000000   Number         0  printf2b.o ABSOLUTE
    ../fplib/usenofp.s                       0x00000000   Number         0  usenofp.o ABSOLUTE
    ../mathlib/fpclassify.c                  0x00000000   Number         0  fpclassify.o ABSOLUTE
    app_oled.c                               0x00000000   Number         0  app_oled.o ABSOLUTE
    app_uart.c                               0x00000000   Number         0  app_uart.o ABSOLUTE
    dc.s                                     0x00000000   Number         0  dc.o ABSOLUTE
    dl_common.c                              0x00000000   Number         0  dl_common.o ABSOLUTE
    dl_i2c.c                                 0x00000000   Number         0  dl_i2c.o ABSOLUTE
    dl_sysctl_mspm0g1x0x_g3x0x.c             0x00000000   Number         0  dl_sysctl_mspm0g1x0x_g3x0x.o ABSOLUTE
    dl_timer.c                               0x00000000   Number         0  dl_timer.o ABSOLUTE
    empty.c                                  0x00000000   Number         0  empty.o ABSOLUTE
    hw_oled.c                                0x00000000   Number         0  hw_oled.o ABSOLUTE
    multi_button.c                           0x00000000   Number         0  multi_button.o ABSOLUTE
    multi_button_user.c                      0x00000000   Number         0  multi_button_user.o ABSOLUTE
    scheduler.c                              0x00000000   Number         0  scheduler.o ABSOLUTE
    startup_mspm0g350x_uvision.s             0x00000000   Number         0  startup_mspm0g350x_uvision.o ABSOLUTE
    system.c                                 0x00000000   Number         0  system.o ABSOLUTE
    ti_msp_dl_config.c                       0x00000000   Number         0  ti_msp_dl_config.o ABSOLUTE
    RESET                                    0x00000000   Section      192  startup_mspm0g350x_uvision.o(RESET)
    !!!main                                  0x000000c0   Section        8  __main.o(!!!main)
    !!!scatter                               0x000000c8   Section       84  __scatter.o(!!!scatter)
    !!handler_null                           0x00000120   Section        2  __scatter.o(!!handler_null)
    !!handler_zi                             0x00000128   Section       28  __scatter_zi.o(!!handler_zi)
    .ARM.Collect$$_printf_percent$$00000000  0x00000144   Section        2  _printf_percent.o(.ARM.Collect$$_printf_percent$$00000000)
    .ARM.Collect$$_printf_percent$$00000001  0x00000146   Section       10  _printf_n.o(.ARM.Collect$$_printf_percent$$00000001)
    .ARM.Collect$$_printf_percent$$00000002  0x00000150   Section       10  _printf_p.o(.ARM.Collect$$_printf_percent$$00000002)
    .ARM.Collect$$_printf_percent$$00000003  0x0000015a   Section       10  _printf_f.o(.ARM.Collect$$_printf_percent$$00000003)
    .ARM.Collect$$_printf_percent$$00000004  0x00000164   Section       10  _printf_e.o(.ARM.Collect$$_printf_percent$$00000004)
    .ARM.Collect$$_printf_percent$$00000005  0x0000016e   Section       10  _printf_g.o(.ARM.Collect$$_printf_percent$$00000005)
    .ARM.Collect$$_printf_percent$$00000006  0x00000178   Section       10  _printf_a.o(.ARM.Collect$$_printf_percent$$00000006)
    .ARM.Collect$$_printf_percent$$00000007  0x00000182   Section       10  _printf_ll.o(.ARM.Collect$$_printf_percent$$00000007)
    .ARM.Collect$$_printf_percent$$00000008  0x0000018c   Section       10  _printf_i.o(.ARM.Collect$$_printf_percent$$00000008)
    .ARM.Collect$$_printf_percent$$00000009  0x00000196   Section       10  _printf_d.o(.ARM.Collect$$_printf_percent$$00000009)
    .ARM.Collect$$_printf_percent$$0000000A  0x000001a0   Section       10  _printf_u.o(.ARM.Collect$$_printf_percent$$0000000A)
    .ARM.Collect$$_printf_percent$$0000000B  0x000001aa   Section       10  _printf_o.o(.ARM.Collect$$_printf_percent$$0000000B)
    .ARM.Collect$$_printf_percent$$0000000C  0x000001b4   Section       10  _printf_x.o(.ARM.Collect$$_printf_percent$$0000000C)
    .ARM.Collect$$_printf_percent$$0000000D  0x000001be   Section       10  _printf_lli.o(.ARM.Collect$$_printf_percent$$0000000D)
    .ARM.Collect$$_printf_percent$$0000000E  0x000001c8   Section       10  _printf_lld.o(.ARM.Collect$$_printf_percent$$0000000E)
    .ARM.Collect$$_printf_percent$$0000000F  0x000001d2   Section       10  _printf_llu.o(.ARM.Collect$$_printf_percent$$0000000F)
    .ARM.Collect$$_printf_percent$$00000010  0x000001dc   Section       10  _printf_llo.o(.ARM.Collect$$_printf_percent$$00000010)
    .ARM.Collect$$_printf_percent$$00000011  0x000001e6   Section       10  _printf_llx.o(.ARM.Collect$$_printf_percent$$00000011)
    .ARM.Collect$$_printf_percent$$00000012  0x000001f0   Section       10  _printf_l.o(.ARM.Collect$$_printf_percent$$00000012)
    .ARM.Collect$$_printf_percent$$00000013  0x000001fa   Section       10  _printf_c.o(.ARM.Collect$$_printf_percent$$00000013)
    .ARM.Collect$$_printf_percent$$00000014  0x00000204   Section       10  _printf_s.o(.ARM.Collect$$_printf_percent$$00000014)
    .ARM.Collect$$_printf_percent$$00000015  0x0000020e   Section       10  _printf_lc.o(.ARM.Collect$$_printf_percent$$00000015)
    .ARM.Collect$$_printf_percent$$00000016  0x00000218   Section       10  _printf_ls.o(.ARM.Collect$$_printf_percent$$00000016)
    .ARM.Collect$$_printf_percent$$00000017  0x00000222   Section        4  _printf_percent_end.o(.ARM.Collect$$_printf_percent$$00000017)
    .ARM.Collect$$libinit$$00000000          0x00000226   Section        2  libinit.o(.ARM.Collect$$libinit$$00000000)
    .ARM.Collect$$libinit$$00000002          0x00000228   Section        0  libinit2.o(.ARM.Collect$$libinit$$00000002)
    .ARM.Collect$$libinit$$00000004          0x00000228   Section        0  libinit2.o(.ARM.Collect$$libinit$$00000004)
    .ARM.Collect$$libinit$$00000006          0x00000228   Section        0  libinit2.o(.ARM.Collect$$libinit$$00000006)
    .ARM.Collect$$libinit$$0000000C          0x00000228   Section        0  libinit2.o(.ARM.Collect$$libinit$$0000000C)
    .ARM.Collect$$libinit$$0000000E          0x00000228   Section        0  libinit2.o(.ARM.Collect$$libinit$$0000000E)
    .ARM.Collect$$libinit$$00000010          0x00000228   Section        0  libinit2.o(.ARM.Collect$$libinit$$00000010)
    .ARM.Collect$$libinit$$00000011          0x00000228   Section        6  libinit2.o(.ARM.Collect$$libinit$$00000011)
    .ARM.Collect$$libinit$$00000013          0x0000022e   Section        0  libinit2.o(.ARM.Collect$$libinit$$00000013)
    .ARM.Collect$$libinit$$00000014          0x0000022e   Section       12  libinit2.o(.ARM.Collect$$libinit$$00000014)
    .ARM.Collect$$libinit$$00000015          0x0000023a   Section        0  libinit2.o(.ARM.Collect$$libinit$$00000015)
    .ARM.Collect$$libinit$$00000017          0x0000023a   Section        0  libinit2.o(.ARM.Collect$$libinit$$00000017)
    .ARM.Collect$$libinit$$00000018          0x0000023a   Section       10  libinit2.o(.ARM.Collect$$libinit$$00000018)
    .ARM.Collect$$libinit$$00000019          0x00000244   Section        0  libinit2.o(.ARM.Collect$$libinit$$00000019)
    .ARM.Collect$$libinit$$0000001B          0x00000244   Section        0  libinit2.o(.ARM.Collect$$libinit$$0000001B)
    .ARM.Collect$$libinit$$0000001D          0x00000244   Section        0  libinit2.o(.ARM.Collect$$libinit$$0000001D)
    .ARM.Collect$$libinit$$0000001F          0x00000244   Section        0  libinit2.o(.ARM.Collect$$libinit$$0000001F)
    .ARM.Collect$$libinit$$00000021          0x00000244   Section        0  libinit2.o(.ARM.Collect$$libinit$$00000021)
    .ARM.Collect$$libinit$$00000023          0x00000244   Section        0  libinit2.o(.ARM.Collect$$libinit$$00000023)
    .ARM.Collect$$libinit$$00000025          0x00000244   Section        0  libinit2.o(.ARM.Collect$$libinit$$00000025)
    .ARM.Collect$$libinit$$00000027          0x00000244   Section        0  libinit2.o(.ARM.Collect$$libinit$$00000027)
    .ARM.Collect$$libinit$$0000002E          0x00000244   Section        0  libinit2.o(.ARM.Collect$$libinit$$0000002E)
    .ARM.Collect$$libinit$$00000030          0x00000244   Section        0  libinit2.o(.ARM.Collect$$libinit$$00000030)
    .ARM.Collect$$libinit$$00000032          0x00000244   Section        0  libinit2.o(.ARM.Collect$$libinit$$00000032)
    .ARM.Collect$$libinit$$00000034          0x00000244   Section        0  libinit2.o(.ARM.Collect$$libinit$$00000034)
    .ARM.Collect$$libinit$$00000035          0x00000244   Section        2  libinit2.o(.ARM.Collect$$libinit$$00000035)
    .ARM.Collect$$libshutdown$$00000000      0x00000246   Section        2  libshutdown.o(.ARM.Collect$$libshutdown$$00000000)
    .ARM.Collect$$libshutdown$$00000002      0x00000248   Section        0  libshutdown2.o(.ARM.Collect$$libshutdown$$00000002)
    .ARM.Collect$$libshutdown$$00000004      0x00000248   Section        0  libshutdown2.o(.ARM.Collect$$libshutdown$$00000004)
    .ARM.Collect$$libshutdown$$00000007      0x00000248   Section        0  libshutdown2.o(.ARM.Collect$$libshutdown$$00000007)
    .ARM.Collect$$libshutdown$$0000000A      0x00000248   Section        0  libshutdown2.o(.ARM.Collect$$libshutdown$$0000000A)
    .ARM.Collect$$libshutdown$$0000000C      0x00000248   Section        0  libshutdown2.o(.ARM.Collect$$libshutdown$$0000000C)
    .ARM.Collect$$libshutdown$$0000000F      0x00000248   Section        0  libshutdown2.o(.ARM.Collect$$libshutdown$$0000000F)
    .ARM.Collect$$libshutdown$$00000010      0x00000248   Section        2  libshutdown2.o(.ARM.Collect$$libshutdown$$00000010)
    .ARM.Collect$$rtentry$$00000000          0x0000024a   Section        0  __rtentry.o(.ARM.Collect$$rtentry$$00000000)
    .ARM.Collect$$rtentry$$00000002          0x0000024a   Section        0  __rtentry2.o(.ARM.Collect$$rtentry$$00000002)
    .ARM.Collect$$rtentry$$00000004          0x0000024a   Section        6  __rtentry4.o(.ARM.Collect$$rtentry$$00000004)
    .ARM.Collect$$rtentry$$00000009          0x00000250   Section        0  __rtentry2.o(.ARM.Collect$$rtentry$$00000009)
    .ARM.Collect$$rtentry$$0000000A          0x00000250   Section        4  __rtentry2.o(.ARM.Collect$$rtentry$$0000000A)
    .ARM.Collect$$rtentry$$0000000C          0x00000254   Section        0  __rtentry2.o(.ARM.Collect$$rtentry$$0000000C)
    .ARM.Collect$$rtentry$$0000000D          0x00000254   Section        8  __rtentry2.o(.ARM.Collect$$rtentry$$0000000D)
    .ARM.Collect$$rtexit$$00000000           0x0000025c   Section        2  rtexit.o(.ARM.Collect$$rtexit$$00000000)
    .ARM.Collect$$rtexit$$00000002           0x0000025e   Section        0  rtexit2.o(.ARM.Collect$$rtexit$$00000002)
    .ARM.Collect$$rtexit$$00000003           0x0000025e   Section        4  rtexit2.o(.ARM.Collect$$rtexit$$00000003)
    .ARM.Collect$$rtexit$$00000004           0x00000262   Section        6  rtexit2.o(.ARM.Collect$$rtexit$$00000004)
    .text                                    0x00000268   Section       48  startup_mspm0g350x_uvision.o(.text)
    .text                                    0x00000298   Section        0  vsnprintf.o(.text)
    .text                                    0x000002d4   Section      504  aeabi_sdivfast.o(.text)
    .text                                    0x000004cc   Section        0  heapauxi.o(.text)
    .text                                    0x000004d2   Section        0  _printf_pad.o(.text)
    .text                                    0x00000520   Section        0  _printf_truncate.o(.text)
    .text                                    0x00000544   Section        0  _printf_str.o(.text)
    .text                                    0x00000598   Section        0  _printf_dec.o(.text)
    .text                                    0x00000604   Section        0  _printf_charcount.o(.text)
    _printf_input_char                       0x0000062d   Thumb Code    10  _printf_char_common.o(.text)
    .text                                    0x0000062c   Section        0  _printf_char_common.o(.text)
    .text                                    0x0000065c   Section        0  _snputc.o(.text)
    .text                                    0x0000066c   Section        0  _printf_wctomb.o(.text)
    .text                                    0x00000728   Section        0  _printf_longlong_dec.o(.text)
    _printf_longlong_oct_internal            0x00000799   Thumb Code     0  _printf_oct_int_ll.o(.text)
    .text                                    0x00000798   Section        0  _printf_oct_int_ll.o(.text)
    _printf_hex_common                       0x00000809   Thumb Code     0  _printf_hex_int_ll_ptr.o(.text)
    .text                                    0x00000808   Section        0  _printf_hex_int_ll_ptr.o(.text)
    .text                                    0x000008a0   Section        0  __printf_flags_ss_wp.o(.text)
    .text                                    0x00000a28   Section        0  lludiv10.o(.text)
    .text                                    0x00000aa2   Section        0  _printf_intcommon.o(.text)
    _fp_digits                               0x00000b55   Thumb Code   412  _printf_fp_dec.o(.text)
    .text                                    0x00000b54   Section        0  _printf_fp_dec.o(.text)
    .text                                    0x00000f68   Section        0  _printf_fp_hex.o(.text)
    .text                                    0x00001240   Section        0  _printf_char.o(.text)
    .text                                    0x0000126e   Section        0  _printf_wchar.o(.text)
    .text                                    0x0000129c   Section        0  _c16rtomb.o(.text)
    .text                                    0x000012de   Section        0  rtudiv10.o(.text)
    .text                                    0x00001306   Section       62  sys_stackheap_outer.o(.text)
    .text                                    0x00001344   Section       16  rt_ctype_table.o(.text)
    .text                                    0x00001354   Section        8  rt_locale_intlibspace.o(.text)
    .text                                    0x0000135c   Section        0  _printf_fp_infnan.o(.text)
    .text                                    0x000013e4   Section        0  bigflt0.o(.text)
    .text                                    0x000014bc   Section        0  btod.o(.text)
    btod_internal_mul                        0x000014fd   Thumb Code   492  btod.o(.text)
    btod_internal_div                        0x000016e9   Thumb Code   520  btod.o(.text)
    .text                                    0x00001a3c   Section        0  exit.o(.text)
    .text                                    0x00001a4c   Section        8  libspace.o(.text)
    .text                                    0x00001a54   Section      176  strcmpv6m.o(.text)
    .text                                    0x00001b04   Section        0  sys_exit.o(.text)
    .text                                    0x00001b10   Section        2  use_no_semi.o(.text)
    [Anonymous Symbol]                       0x00001b12   Section        0  dl_common.o(.text.DL_Common_delayCycles)
    .text                                    0x00001b12   Section        0  indicate_semi.o(.text)
    [Anonymous Symbol]                       0x00001b1c   Section        0  dl_i2c.o(.text.DL_I2C_fillControllerTXFIFO)
    [Anonymous Symbol]                       0x00001b48   Section        0  dl_i2c.o(.text.DL_I2C_setClockConfig)
    [Anonymous Symbol]                       0x00001b70   Section        0  dl_sysctl_mspm0g1x0x_g3x0x.o(.text.DL_SYSCTL_configSYSPLL)
    __arm_cp.0_0                             0x00001c24   Number         4  dl_sysctl_mspm0g1x0x_g3x0x.o(.text.DL_SYSCTL_configSYSPLL)
    __arm_cp.0_2                             0x00001c28   Number         4  dl_sysctl_mspm0g1x0x_g3x0x.o(.text.DL_SYSCTL_configSYSPLL)
    __arm_cp.0_3                             0x00001c2c   Number         4  dl_sysctl_mspm0g1x0x_g3x0x.o(.text.DL_SYSCTL_configSYSPLL)
    __arm_cp.0_4                             0x00001c30   Number         4  dl_sysctl_mspm0g1x0x_g3x0x.o(.text.DL_SYSCTL_configSYSPLL)
    [Anonymous Symbol]                       0x00001c34   Section        0  dl_sysctl_mspm0g1x0x_g3x0x.o(.text.DL_SYSCTL_setHFCLKSourceHFXTParams)
    __arm_cp.7_0                             0x00001c80   Number         4  dl_sysctl_mspm0g1x0x_g3x0x.o(.text.DL_SYSCTL_setHFCLKSourceHFXTParams)
    [Anonymous Symbol]                       0x00001c84   Section        0  dl_sysctl_mspm0g1x0x_g3x0x.o(.text.DL_SYSCTL_switchMCLKfromSYSOSCtoHSCLK)
    __arm_cp.4_0                             0x00001ca4   Number         4  dl_sysctl_mspm0g1x0x_g3x0x.o(.text.DL_SYSCTL_switchMCLKfromSYSOSCtoHSCLK)
    __arm_cp.4_1                             0x00001ca8   Number         4  dl_sysctl_mspm0g1x0x_g3x0x.o(.text.DL_SYSCTL_switchMCLKfromSYSOSCtoHSCLK)
    [Anonymous Symbol]                       0x00001cac   Section        0  dl_timer.o(.text.DL_Timer_initTimerMode)
    __arm_cp.2_0                             0x00001d8c   Number         4  dl_timer.o(.text.DL_Timer_initTimerMode)
    __arm_cp.2_1                             0x00001d90   Number         4  dl_timer.o(.text.DL_Timer_initTimerMode)
    __arm_cp.2_2                             0x00001d94   Number         4  dl_timer.o(.text.DL_Timer_initTimerMode)
    __arm_cp.2_3                             0x00001d98   Number         4  dl_timer.o(.text.DL_Timer_initTimerMode)
    [Anonymous Symbol]                       0x00001d9c   Section        0  dl_timer.o(.text.DL_Timer_setClockConfig)
    __arm_cp.0_0                             0x00001db4   Number         4  dl_timer.o(.text.DL_Timer_setClockConfig)
    [Anonymous Symbol]                       0x00001db8   Section        0  hw_oled.o(.text.OLED_DisPlay_On)
    __arm_cp.4_0                             0x00001e9c   Number         4  hw_oled.o(.text.OLED_DisPlay_On)
    __arm_cp.4_2                             0x00001ea0   Number         4  hw_oled.o(.text.OLED_DisPlay_On)
    __arm_cp.4_3                             0x00001ea4   Number         4  hw_oled.o(.text.OLED_DisPlay_On)
    __arm_cp.4_4                             0x00001ea8   Number         4  hw_oled.o(.text.OLED_DisPlay_On)
    [Anonymous Symbol]                       0x00001eac   Section        0  hw_oled.o(.text.OLED_Init)
    __arm_cp.18_7                            0x00001ed4   Number         4  hw_oled.o(.text.OLED_Init)
    __arm_cp.18_94                           0x00002784   Number         4  hw_oled.o(.text.OLED_Init)
    [Anonymous Symbol]                       0x00002e14   Section        0  hw_oled.o(.text.OLED_Printf)
    [Anonymous Symbol]                       0x00002e80   Section        0  hw_oled.o(.text.OLED_Refresh)
    __arm_cp.6_0                             0x00003048   Number         4  hw_oled.o(.text.OLED_Refresh)
    __arm_cp.6_1                             0x0000304c   Number         4  hw_oled.o(.text.OLED_Refresh)
    __arm_cp.6_2                             0x00003050   Number         4  hw_oled.o(.text.OLED_Refresh)
    __arm_cp.6_3                             0x00003054   Number         4  hw_oled.o(.text.OLED_Refresh)
    __arm_cp.6_4                             0x00003058   Number         4  hw_oled.o(.text.OLED_Refresh)
    __arm_cp.6_5                             0x0000305c   Number         4  hw_oled.o(.text.OLED_Refresh)
    [Anonymous Symbol]                       0x00003060   Section        0  hw_oled.o(.text.OLED_ShowChar)
    __arm_cp.11_0                            0x000032b4   Number         4  hw_oled.o(.text.OLED_ShowChar)
    __arm_cp.11_1                            0x000032b8   Number         4  hw_oled.o(.text.OLED_ShowChar)
    __arm_cp.11_2                            0x000032bc   Number         4  hw_oled.o(.text.OLED_ShowChar)
    __arm_cp.11_3                            0x000032c0   Number         4  hw_oled.o(.text.OLED_ShowChar)
    __arm_cp.11_4                            0x000032c4   Number         4  hw_oled.o(.text.OLED_ShowChar)
    [Anonymous Symbol]                       0x000032c8   Section        0  ti_msp_dl_config.o(.text.SYSCFG_DL_GPIO_init)
    __arm_cp.2_0                             0x000032f4   Number         4  ti_msp_dl_config.o(.text.SYSCFG_DL_GPIO_init)
    __arm_cp.2_1                             0x000032f8   Number         4  ti_msp_dl_config.o(.text.SYSCFG_DL_GPIO_init)
    __arm_cp.2_2                             0x000032fc   Number         4  ti_msp_dl_config.o(.text.SYSCFG_DL_GPIO_init)
    __arm_cp.2_3                             0x00003300   Number         4  ti_msp_dl_config.o(.text.SYSCFG_DL_GPIO_init)
    [Anonymous Symbol]                       0x00003304   Section        0  ti_msp_dl_config.o(.text.SYSCFG_DL_I2C_OLED_init)
    __arm_cp.5_0                             0x0000334c   Number         4  ti_msp_dl_config.o(.text.SYSCFG_DL_I2C_OLED_init)
    __arm_cp.5_1                             0x00003350   Number         4  ti_msp_dl_config.o(.text.SYSCFG_DL_I2C_OLED_init)
    __arm_cp.5_2                             0x00003354   Number         4  ti_msp_dl_config.o(.text.SYSCFG_DL_I2C_OLED_init)
    [Anonymous Symbol]                       0x00003358   Section        0  ti_msp_dl_config.o(.text.SYSCFG_DL_SYSCTL_init)
    __arm_cp.3_0                             0x000033b0   Number         4  ti_msp_dl_config.o(.text.SYSCFG_DL_SYSCTL_init)
    __arm_cp.3_1                             0x000033b4   Number         4  ti_msp_dl_config.o(.text.SYSCFG_DL_SYSCTL_init)
    __arm_cp.3_2                             0x000033b8   Number         4  ti_msp_dl_config.o(.text.SYSCFG_DL_SYSCTL_init)
    [Anonymous Symbol]                       0x000033bc   Section        0  ti_msp_dl_config.o(.text.SYSCFG_DL_SYSTICK_init)
    __arm_cp.6_0                             0x000033e0   Number         4  ti_msp_dl_config.o(.text.SYSCFG_DL_SYSTICK_init)
    __arm_cp.6_1                             0x000033e4   Number         4  ti_msp_dl_config.o(.text.SYSCFG_DL_SYSTICK_init)
    __arm_cp.6_2                             0x000033e8   Number         4  ti_msp_dl_config.o(.text.SYSCFG_DL_SYSTICK_init)
    [Anonymous Symbol]                       0x000033ec   Section        0  ti_msp_dl_config.o(.text.SYSCFG_DL_TIMER_TICK_init)
    __arm_cp.4_0                             0x0000341c   Number         4  ti_msp_dl_config.o(.text.SYSCFG_DL_TIMER_TICK_init)
    __arm_cp.4_1                             0x00003420   Number         4  ti_msp_dl_config.o(.text.SYSCFG_DL_TIMER_TICK_init)
    __arm_cp.4_2                             0x00003424   Number         4  ti_msp_dl_config.o(.text.SYSCFG_DL_TIMER_TICK_init)
    __arm_cp.4_3                             0x00003428   Number         4  ti_msp_dl_config.o(.text.SYSCFG_DL_TIMER_TICK_init)
    __arm_cp.4_4                             0x0000342c   Number         4  ti_msp_dl_config.o(.text.SYSCFG_DL_TIMER_TICK_init)
    __arm_cp.4_5                             0x00003430   Number         4  ti_msp_dl_config.o(.text.SYSCFG_DL_TIMER_TICK_init)
    [Anonymous Symbol]                       0x00003434   Section        0  ti_msp_dl_config.o(.text.SYSCFG_DL_init)
    __arm_cp.0_0                             0x00003458   Number         4  ti_msp_dl_config.o(.text.SYSCFG_DL_init)
    [Anonymous Symbol]                       0x0000345c   Section        0  ti_msp_dl_config.o(.text.SYSCFG_DL_initPower)
    __arm_cp.1_0                             0x00003484   Number         4  ti_msp_dl_config.o(.text.SYSCFG_DL_initPower)
    __arm_cp.1_1                             0x00003488   Number         4  ti_msp_dl_config.o(.text.SYSCFG_DL_initPower)
    __arm_cp.1_2                             0x0000348c   Number         4  ti_msp_dl_config.o(.text.SYSCFG_DL_initPower)
    __arm_cp.1_3                             0x00003490   Number         4  ti_msp_dl_config.o(.text.SYSCFG_DL_initPower)
    __arm_cp.1_4                             0x00003494   Number         4  ti_msp_dl_config.o(.text.SYSCFG_DL_initPower)
    __arm_cp.1_5                             0x00003498   Number         4  ti_msp_dl_config.o(.text.SYSCFG_DL_initPower)
    [Anonymous Symbol]                       0x0000349c   Section        0  system.o(.text.SysTick_Handler)
    [Anonymous Symbol]                       0x000034a0   Section        0  system.o(.text.TIMA0_IRQHandler)
    __arm_cp.4_0                             0x000034d8   Number         4  system.o(.text.TIMA0_IRQHandler)
    __arm_cp.4_1                             0x000034dc   Number         4  system.o(.text.TIMA0_IRQHandler)
    __arm_cp.4_2                             0x000034e0   Number         4  system.o(.text.TIMA0_IRQHandler)
    __arm_cp.4_3                             0x000034e4   Number         4  system.o(.text.TIMA0_IRQHandler)
    __arm_cp.4_4                             0x000034e8   Number         4  system.o(.text.TIMA0_IRQHandler)
    [Anonymous Symbol]                       0x000034ec   Section        0  multi_button.o(.text.button_ticks)
    __arm_cp.5_0                             0x00003710   Number         4  multi_button.o(.text.button_ticks)
    [Anonymous Symbol]                       0x00003714   Section        0  empty.o(.text.main)
    [Anonymous Symbol]                       0x0000372c   Section        0  app_oled.o(.text.menu_task)
    __arm_cp.0_0                             0x00003778   Number         4  app_oled.o(.text.menu_task)
    __arm_cp.0_1                             0x0000377c   Number         4  app_oled.o(.text.menu_task)
    __arm_cp.0_2                             0x00003780   Number         4  app_oled.o(.text.menu_task)
    [Anonymous Symbol]                       0x0000379c   Section        0  system.o(.text.timer_init)
    __arm_cp.3_0                             0x000037ac   Number         4  system.o(.text.timer_init)
    __arm_cp.3_1                             0x000037b0   Number         4  system.o(.text.timer_init)
    i.__ARM_common_ll_muluu                  0x000037b4   Section        0  btod.o(i.__ARM_common_ll_muluu)
    i.__ARM_fpclassify                       0x000037e4   Section        0  fpclassify.o(i.__ARM_fpclassify)
    i._is_digit                              0x00003810   Section        0  __printf_wp.o(i._is_digit)
    locale$$code                             0x00003820   Section       44  lc_numeric_c.o(locale$$code)
    locale$$code                             0x0000384c   Section       44  lc_ctype_c.o(locale$$code)
    x$fpl$printf1                            0x00003878   Section       16  printf1.o(x$fpl$printf1)
    x$fpl$printf2                            0x00003888   Section       16  printf2.o(x$fpl$printf2)
    initial_mbstate                          0x00003898   Data           8  _printf_wctomb.o(.constdata)
    .constdata                               0x00003898   Section        8  _printf_wctomb.o(.constdata)
    x$fpl$usenofp                            0x00003898   Section        0  usenofp.o(x$fpl$usenofp)
    uc_hextab                                0x000038a0   Data          20  _printf_hex_int_ll_ptr.o(.constdata)
    .constdata                               0x000038a0   Section       40  _printf_hex_int_ll_ptr.o(.constdata)
    lc_hextab                                0x000038b4   Data          20  _printf_hex_int_ll_ptr.o(.constdata)
    maptable                                 0x000038c8   Data          17  __printf_flags_ss_wp.o(.constdata)
    .constdata                               0x000038c8   Section       17  __printf_flags_ss_wp.o(.constdata)
    lc_hextab                                0x000038d9   Data          19  _printf_fp_hex.o(.constdata)
    .constdata                               0x000038d9   Section       38  _printf_fp_hex.o(.constdata)
    uc_hextab                                0x000038ec   Data          19  _printf_fp_hex.o(.constdata)
    tenpwrs_x                                0x00003900   Data          60  bigflt0.o(.constdata)
    .constdata                               0x00003900   Section      148  bigflt0.o(.constdata)
    tenpwrs_i                                0x0000393c   Data          64  bigflt0.o(.constdata)
    gI2C_OLEDClockConfig                     0x0000537c   Data           2  ti_msp_dl_config.o(.rodata.gI2C_OLEDClockConfig)
    [Anonymous Symbol]                       0x0000537c   Section        0  ti_msp_dl_config.o(.rodata.gI2C_OLEDClockConfig)
    gSYSPLLConfig                            0x00005380   Data          40  ti_msp_dl_config.o(.rodata.gSYSPLLConfig)
    [Anonymous Symbol]                       0x00005380   Section        0  ti_msp_dl_config.o(.rodata.gSYSPLLConfig)
    gTIMER_TICKClockConfig                   0x000053a8   Data           3  ti_msp_dl_config.o(.rodata.gTIMER_TICKClockConfig)
    [Anonymous Symbol]                       0x000053a8   Section        0  ti_msp_dl_config.o(.rodata.gTIMER_TICKClockConfig)
    gTIMER_TICKTimerConfig                   0x000053ac   Data          20  ti_msp_dl_config.o(.rodata.gTIMER_TICKTimerConfig)
    [Anonymous Symbol]                       0x000053ac   Section        0  ti_msp_dl_config.o(.rodata.gTIMER_TICKTimerConfig)
    locale$$data                             0x000053d0   Section       28  lc_numeric_c.o(locale$$data)
    __lcnum_c_name                           0x000053d4   Data           2  lc_numeric_c.o(locale$$data)
    __lcnum_c_start                          0x000053dc   Data           0  lc_numeric_c.o(locale$$data)
    __lcnum_c_point                          0x000053e8   Data           0  lc_numeric_c.o(locale$$data)
    __lcnum_c_thousands                      0x000053ea   Data           0  lc_numeric_c.o(locale$$data)
    __lcnum_c_grouping                       0x000053eb   Data           0  lc_numeric_c.o(locale$$data)
    __lcnum_c_end                            0x000053ec   Data           0  lc_numeric_c.o(locale$$data)
    locale$$data                             0x000053ec   Section      272  lc_ctype_c.o(locale$$data)
    __lcctype_c_name                         0x000053f0   Data           2  lc_ctype_c.o(locale$$data)
    __lcctype_c_start                        0x000053f8   Data           0  lc_ctype_c.o(locale$$data)
    __lcctype_c_end                          0x000054fc   Data           0  lc_ctype_c.o(locale$$data)
    .bss                                     0x20200000   Section       96  libspace.o(.bss)
    head_handle                              0x202005a4   Data           4  multi_button.o(.bss.head_handle)
    [Anonymous Symbol]                       0x202005a4   Section        0  multi_button.o(.bss.head_handle)
    Heap_Mem                                 0x202005b0   Data        1024  startup_mspm0g350x_uvision.o(HEAP)
    HEAP                                     0x202005b0   Section     1024  startup_mspm0g350x_uvision.o(HEAP)
    Stack_Mem                                0x202009b0   Data        1024  startup_mspm0g350x_uvision.o(STACK)
    STACK                                    0x202009b0   Section     1024  startup_mspm0g350x_uvision.o(STACK)
    __initial_sp                             0x20200db0   Data           0  startup_mspm0g350x_uvision.o(STACK)

    Global Symbols

    Symbol Name                              Value     Ov Type        Size  Object(Section)

    BuildAttributes$$THM_ISAv3M$S$PE$A:L22$X:L11$S22$IEEE1$IW$~IW$USESV6$~STKCKD$USESV7$~SHL$OTIME$ROPI$IEEEJ$EBA8$UX$STANDARDLIB$REQ8$PRES8$EABIv2 0x00000000   Number         0  anon$$obj.o ABSOLUTE
    __Vectors                                0x00000000   Data           4  startup_mspm0g350x_uvision.o(RESET)
    _printf_flags                            0x00000000   Number         0  printf_stubs.o ABSOLUTE
    _printf_return_value                     0x00000000   Number         0  printf_stubs.o ABSOLUTE
    _printf_sizespec                         0x00000000   Number         0  printf_stubs.o ABSOLUTE
    _printf_widthprec                        0x00000000   Number         0  printf_stubs.o ABSOLUTE
    __ARM_exceptions_init                     - Undefined Weak Reference
    __alloca_initialize                       - Undefined Weak Reference
    __arm_preinit_                            - Undefined Weak Reference
    __arm_relocate_pie_                       - Undefined Weak Reference
    __cpp_initialize__aeabi_                  - Undefined Weak Reference
    __cxa_finalize                            - Undefined Weak Reference
    __sigvec_lookup                           - Undefined Weak Reference
    _atexit_init                              - Undefined Weak Reference
    _call_atexit_fns                          - Undefined Weak Reference
    _clock_init                               - Undefined Weak Reference
    _fp_trap_init                             - Undefined Weak Reference
    _fp_trap_shutdown                         - Undefined Weak Reference
    _get_lc_collate                           - Undefined Weak Reference
    _get_lc_monetary                          - Undefined Weak Reference
    _get_lc_time                              - Undefined Weak Reference
    _getenv_init                              - Undefined Weak Reference
    _handle_redirection                       - Undefined Weak Reference
    _init_alloc                               - Undefined Weak Reference
    _init_user_alloc                          - Undefined Weak Reference
    _initio                                   - Undefined Weak Reference
    _printf_mbtowc                            - Undefined Weak Reference
    _printf_wc                                - Undefined Weak Reference
    _rand_init                                - Undefined Weak Reference
    _signal_finish                            - Undefined Weak Reference
    _signal_init                              - Undefined Weak Reference
    _terminate_alloc                          - Undefined Weak Reference
    _terminate_user_alloc                     - Undefined Weak Reference
    _terminateio                              - Undefined Weak Reference
    __Vectors_End                            0x000000c0   Data           0  startup_mspm0g350x_uvision.o(RESET)
    __Vectors_Size                           0x000000c0   Number         0  startup_mspm0g350x_uvision.o ABSOLUTE
    __main                                   0x000000c1   Thumb Code     8  __main.o(!!!main)
    __scatterload                            0x000000c9   Thumb Code     0  __scatter.o(!!!scatter)
    __scatterload_rt2                        0x000000c9   Thumb Code    74  __scatter.o(!!!scatter)
    __scatterload_rt2_thumb_only             0x000000c9   Thumb Code     0  __scatter.o(!!!scatter)
    __scatterload_loop                       0x000000d3   Thumb Code     0  __scatter.o(!!!scatter)
    __scatterload_null                       0x00000121   Thumb Code     2  __scatter.o(!!handler_null)
    __scatterload_zeroinit                   0x00000129   Thumb Code    28  __scatter_zi.o(!!handler_zi)
    _printf_percent                          0x00000145   Thumb Code     0  _printf_percent.o(.ARM.Collect$$_printf_percent$$00000000)
    _printf_n                                0x00000147   Thumb Code     0  _printf_n.o(.ARM.Collect$$_printf_percent$$00000001)
    _printf_p                                0x00000151   Thumb Code     0  _printf_p.o(.ARM.Collect$$_printf_percent$$00000002)
    _printf_f                                0x0000015b   Thumb Code     0  _printf_f.o(.ARM.Collect$$_printf_percent$$00000003)
    _printf_e                                0x00000165   Thumb Code     0  _printf_e.o(.ARM.Collect$$_printf_percent$$00000004)
    _printf_g                                0x0000016f   Thumb Code     0  _printf_g.o(.ARM.Collect$$_printf_percent$$00000005)
    _printf_a                                0x00000179   Thumb Code     0  _printf_a.o(.ARM.Collect$$_printf_percent$$00000006)
    _printf_ll                               0x00000183   Thumb Code     0  _printf_ll.o(.ARM.Collect$$_printf_percent$$00000007)
    _printf_i                                0x0000018d   Thumb Code     0  _printf_i.o(.ARM.Collect$$_printf_percent$$00000008)
    _printf_d                                0x00000197   Thumb Code     0  _printf_d.o(.ARM.Collect$$_printf_percent$$00000009)
    _printf_u                                0x000001a1   Thumb Code     0  _printf_u.o(.ARM.Collect$$_printf_percent$$0000000A)
    _printf_o                                0x000001ab   Thumb Code     0  _printf_o.o(.ARM.Collect$$_printf_percent$$0000000B)
    _printf_x                                0x000001b5   Thumb Code     0  _printf_x.o(.ARM.Collect$$_printf_percent$$0000000C)
    _printf_lli                              0x000001bf   Thumb Code     0  _printf_lli.o(.ARM.Collect$$_printf_percent$$0000000D)
    _printf_lld                              0x000001c9   Thumb Code     0  _printf_lld.o(.ARM.Collect$$_printf_percent$$0000000E)
    _printf_llu                              0x000001d3   Thumb Code     0  _printf_llu.o(.ARM.Collect$$_printf_percent$$0000000F)
    _printf_llo                              0x000001dd   Thumb Code     0  _printf_llo.o(.ARM.Collect$$_printf_percent$$00000010)
    _printf_llx                              0x000001e7   Thumb Code     0  _printf_llx.o(.ARM.Collect$$_printf_percent$$00000011)
    _printf_l                                0x000001f1   Thumb Code     0  _printf_l.o(.ARM.Collect$$_printf_percent$$00000012)
    _printf_c                                0x000001fb   Thumb Code     0  _printf_c.o(.ARM.Collect$$_printf_percent$$00000013)
    _printf_s                                0x00000205   Thumb Code     0  _printf_s.o(.ARM.Collect$$_printf_percent$$00000014)
    _printf_lc                               0x0000020f   Thumb Code     0  _printf_lc.o(.ARM.Collect$$_printf_percent$$00000015)
    _printf_ls                               0x00000219   Thumb Code     0  _printf_ls.o(.ARM.Collect$$_printf_percent$$00000016)
    _printf_percent_end                      0x00000223   Thumb Code     0  _printf_percent_end.o(.ARM.Collect$$_printf_percent$$00000017)
    __rt_lib_init                            0x00000227   Thumb Code     0  libinit.o(.ARM.Collect$$libinit$$00000000)
    __rt_lib_init_fp_1                       0x00000229   Thumb Code     0  libinit2.o(.ARM.Collect$$libinit$$00000002)
    __rt_lib_init_heap_1                     0x00000229   Thumb Code     0  libinit2.o(.ARM.Collect$$libinit$$0000000C)
    __rt_lib_init_lc_common                  0x00000229   Thumb Code     0  libinit2.o(.ARM.Collect$$libinit$$00000011)
    __rt_lib_init_preinit_1                  0x00000229   Thumb Code     0  libinit2.o(.ARM.Collect$$libinit$$00000006)
    __rt_lib_init_rand_1                     0x00000229   Thumb Code     0  libinit2.o(.ARM.Collect$$libinit$$00000010)
    __rt_lib_init_relocate_pie_1             0x00000229   Thumb Code     0  libinit2.o(.ARM.Collect$$libinit$$00000004)
    __rt_lib_init_user_alloc_1               0x00000229   Thumb Code     0  libinit2.o(.ARM.Collect$$libinit$$0000000E)
    __rt_lib_init_lc_collate_1               0x0000022f   Thumb Code     0  libinit2.o(.ARM.Collect$$libinit$$00000013)
    __rt_lib_init_lc_ctype_2                 0x0000022f   Thumb Code     0  libinit2.o(.ARM.Collect$$libinit$$00000014)
    __rt_lib_init_lc_ctype_1                 0x0000023b   Thumb Code     0  libinit2.o(.ARM.Collect$$libinit$$00000015)
    __rt_lib_init_lc_monetary_1              0x0000023b   Thumb Code     0  libinit2.o(.ARM.Collect$$libinit$$00000017)
    __rt_lib_init_lc_numeric_2               0x0000023b   Thumb Code     0  libinit2.o(.ARM.Collect$$libinit$$00000018)
    __rt_lib_init_alloca_1                   0x00000245   Thumb Code     0  libinit2.o(.ARM.Collect$$libinit$$00000030)
    __rt_lib_init_argv_1                     0x00000245   Thumb Code     0  libinit2.o(.ARM.Collect$$libinit$$0000002E)
    __rt_lib_init_atexit_1                   0x00000245   Thumb Code     0  libinit2.o(.ARM.Collect$$libinit$$0000001D)
    __rt_lib_init_clock_1                    0x00000245   Thumb Code     0  libinit2.o(.ARM.Collect$$libinit$$00000023)
    __rt_lib_init_cpp_1                      0x00000245   Thumb Code     0  libinit2.o(.ARM.Collect$$libinit$$00000034)
    __rt_lib_init_exceptions_1               0x00000245   Thumb Code     0  libinit2.o(.ARM.Collect$$libinit$$00000032)
    __rt_lib_init_fp_trap_1                  0x00000245   Thumb Code     0  libinit2.o(.ARM.Collect$$libinit$$00000021)
    __rt_lib_init_getenv_1                   0x00000245   Thumb Code     0  libinit2.o(.ARM.Collect$$libinit$$00000025)
    __rt_lib_init_lc_numeric_1               0x00000245   Thumb Code     0  libinit2.o(.ARM.Collect$$libinit$$00000019)
    __rt_lib_init_lc_time_1                  0x00000245   Thumb Code     0  libinit2.o(.ARM.Collect$$libinit$$0000001B)
    __rt_lib_init_return                     0x00000245   Thumb Code     0  libinit2.o(.ARM.Collect$$libinit$$00000035)
    __rt_lib_init_signal_1                   0x00000245   Thumb Code     0  libinit2.o(.ARM.Collect$$libinit$$0000001F)
    __rt_lib_init_stdio_1                    0x00000245   Thumb Code     0  libinit2.o(.ARM.Collect$$libinit$$00000027)
    __rt_lib_shutdown                        0x00000247   Thumb Code     0  libshutdown.o(.ARM.Collect$$libshutdown$$00000000)
    __rt_lib_shutdown_cpp_1                  0x00000249   Thumb Code     0  libshutdown2.o(.ARM.Collect$$libshutdown$$00000002)
    __rt_lib_shutdown_fp_trap_1              0x00000249   Thumb Code     0  libshutdown2.o(.ARM.Collect$$libshutdown$$00000007)
    __rt_lib_shutdown_heap_1                 0x00000249   Thumb Code     0  libshutdown2.o(.ARM.Collect$$libshutdown$$0000000F)
    __rt_lib_shutdown_return                 0x00000249   Thumb Code     0  libshutdown2.o(.ARM.Collect$$libshutdown$$00000010)
    __rt_lib_shutdown_signal_1               0x00000249   Thumb Code     0  libshutdown2.o(.ARM.Collect$$libshutdown$$0000000A)
    __rt_lib_shutdown_stdio_1                0x00000249   Thumb Code     0  libshutdown2.o(.ARM.Collect$$libshutdown$$00000004)
    __rt_lib_shutdown_user_alloc_1           0x00000249   Thumb Code     0  libshutdown2.o(.ARM.Collect$$libshutdown$$0000000C)
    __rt_entry                               0x0000024b   Thumb Code     0  __rtentry.o(.ARM.Collect$$rtentry$$00000000)
    __rt_entry_presh_1                       0x0000024b   Thumb Code     0  __rtentry2.o(.ARM.Collect$$rtentry$$00000002)
    __rt_entry_sh                            0x0000024b   Thumb Code     0  __rtentry4.o(.ARM.Collect$$rtentry$$00000004)
    __rt_entry_li                            0x00000251   Thumb Code     0  __rtentry2.o(.ARM.Collect$$rtentry$$0000000A)
    __rt_entry_postsh_1                      0x00000251   Thumb Code     0  __rtentry2.o(.ARM.Collect$$rtentry$$00000009)
    __rt_entry_main                          0x00000255   Thumb Code     0  __rtentry2.o(.ARM.Collect$$rtentry$$0000000D)
    __rt_entry_postli_1                      0x00000255   Thumb Code     0  __rtentry2.o(.ARM.Collect$$rtentry$$0000000C)
    __rt_exit                                0x0000025d   Thumb Code     0  rtexit.o(.ARM.Collect$$rtexit$$00000000)
    __rt_exit_ls                             0x0000025f   Thumb Code     0  rtexit2.o(.ARM.Collect$$rtexit$$00000003)
    __rt_exit_prels_1                        0x0000025f   Thumb Code     0  rtexit2.o(.ARM.Collect$$rtexit$$00000002)
    __rt_exit_exit                           0x00000263   Thumb Code     0  rtexit2.o(.ARM.Collect$$rtexit$$00000004)
    Reset_Handler                            0x00000269   Thumb Code     4  startup_mspm0g350x_uvision.o(.text)
    NMI_Handler                              0x0000026d   Thumb Code     2  startup_mspm0g350x_uvision.o(.text)
    HardFault_Handler                        0x0000026f   Thumb Code     2  startup_mspm0g350x_uvision.o(.text)
    SVC_Handler                              0x00000271   Thumb Code     2  startup_mspm0g350x_uvision.o(.text)
    PendSV_Handler                           0x00000273   Thumb Code     2  startup_mspm0g350x_uvision.o(.text)
    ADC0_IRQHandler                          0x00000277   Thumb Code     0  startup_mspm0g350x_uvision.o(.text)
    ADC1_IRQHandler                          0x00000277   Thumb Code     0  startup_mspm0g350x_uvision.o(.text)
    AES_IRQHandler                           0x00000277   Thumb Code     0  startup_mspm0g350x_uvision.o(.text)
    CANFD0_IRQHandler                        0x00000277   Thumb Code     0  startup_mspm0g350x_uvision.o(.text)
    DAC0_IRQHandler                          0x00000277   Thumb Code     0  startup_mspm0g350x_uvision.o(.text)
    DMA_IRQHandler                           0x00000277   Thumb Code     0  startup_mspm0g350x_uvision.o(.text)
    Default_Handler                          0x00000277   Thumb Code     2  startup_mspm0g350x_uvision.o(.text)
    GROUP0_IRQHandler                        0x00000277   Thumb Code     0  startup_mspm0g350x_uvision.o(.text)
    GROUP1_IRQHandler                        0x00000277   Thumb Code     0  startup_mspm0g350x_uvision.o(.text)
    I2C0_IRQHandler                          0x00000277   Thumb Code     0  startup_mspm0g350x_uvision.o(.text)
    I2C1_IRQHandler                          0x00000277   Thumb Code     0  startup_mspm0g350x_uvision.o(.text)
    RTC_IRQHandler                           0x00000277   Thumb Code     0  startup_mspm0g350x_uvision.o(.text)
    SPI0_IRQHandler                          0x00000277   Thumb Code     0  startup_mspm0g350x_uvision.o(.text)
    SPI1_IRQHandler                          0x00000277   Thumb Code     0  startup_mspm0g350x_uvision.o(.text)
    TIMA1_IRQHandler                         0x00000277   Thumb Code     0  startup_mspm0g350x_uvision.o(.text)
    TIMG0_IRQHandler                         0x00000277   Thumb Code     0  startup_mspm0g350x_uvision.o(.text)
    TIMG12_IRQHandler                        0x00000277   Thumb Code     0  startup_mspm0g350x_uvision.o(.text)
    TIMG6_IRQHandler                         0x00000277   Thumb Code     0  startup_mspm0g350x_uvision.o(.text)
    TIMG7_IRQHandler                         0x00000277   Thumb Code     0  startup_mspm0g350x_uvision.o(.text)
    TIMG8_IRQHandler                         0x00000277   Thumb Code     0  startup_mspm0g350x_uvision.o(.text)
    UART0_IRQHandler                         0x00000277   Thumb Code     0  startup_mspm0g350x_uvision.o(.text)
    UART1_IRQHandler                         0x00000277   Thumb Code     0  startup_mspm0g350x_uvision.o(.text)
    UART2_IRQHandler                         0x00000277   Thumb Code     0  startup_mspm0g350x_uvision.o(.text)
    UART3_IRQHandler                         0x00000277   Thumb Code     0  startup_mspm0g350x_uvision.o(.text)
    __user_initial_stackheap                 0x00000279   Thumb Code    10  startup_mspm0g350x_uvision.o(.text)
    vsnprintf                                0x00000299   Thumb Code    56  vsnprintf.o(.text)
    __aeabi_uidivmod                         0x000002d5   Thumb Code    28  aeabi_sdivfast.o(.text)
    __aeabi_idivmod                          0x000002f1   Thumb Code   472  aeabi_sdivfast.o(.text)
    __use_two_region_memory                  0x000004cd   Thumb Code     2  heapauxi.o(.text)
    __rt_heap_escrow$2region                 0x000004cf   Thumb Code     2  heapauxi.o(.text)
    __rt_heap_expand$2region                 0x000004d1   Thumb Code     2  heapauxi.o(.text)
    _printf_pre_padding                      0x000004d3   Thumb Code    44  _printf_pad.o(.text)
    _printf_post_padding                     0x000004ff   Thumb Code    34  _printf_pad.o(.text)
    _printf_truncate_signed                  0x00000521   Thumb Code    18  _printf_truncate.o(.text)
    _printf_truncate_unsigned                0x00000533   Thumb Code    18  _printf_truncate.o(.text)
    _printf_str                              0x00000545   Thumb Code    82  _printf_str.o(.text)
    _printf_int_dec                          0x00000599   Thumb Code    90  _printf_dec.o(.text)
    _printf_charcount                        0x00000605   Thumb Code    38  _printf_charcount.o(.text)
    _printf_char_common                      0x00000637   Thumb Code    32  _printf_char_common.o(.text)
    _snputc                                  0x0000065d   Thumb Code    16  _snputc.o(.text)
    _printf_wctomb                           0x0000066d   Thumb Code   182  _printf_wctomb.o(.text)
    _printf_longlong_dec                     0x00000729   Thumb Code    94  _printf_longlong_dec.o(.text)
    _printf_longlong_oct                     0x00000799   Thumb Code    68  _printf_oct_int_ll.o(.text)
    _printf_int_oct                          0x000007dd   Thumb Code    24  _printf_oct_int_ll.o(.text)
    _printf_ll_oct                           0x000007f5   Thumb Code    10  _printf_oct_int_ll.o(.text)
    _printf_longlong_hex                     0x00000809   Thumb Code    88  _printf_hex_int_ll_ptr.o(.text)
    _printf_int_hex                          0x00000861   Thumb Code    28  _printf_hex_int_ll_ptr.o(.text)
    _printf_ll_hex                           0x0000087d   Thumb Code    10  _printf_hex_int_ll_ptr.o(.text)
    _printf_hex_ptr                          0x00000887   Thumb Code    22  _printf_hex_int_ll_ptr.o(.text)
    __printf                                 0x000008a1   Thumb Code   386  __printf_flags_ss_wp.o(.text)
    _ll_udiv10                               0x00000a29   Thumb Code   122  lludiv10.o(.text)
    _printf_int_common                       0x00000aa3   Thumb Code   176  _printf_intcommon.o(.text)
    _printf_fp_dec_real                      0x00000cf1   Thumb Code   620  _printf_fp_dec.o(.text)
    _printf_fp_hex_real                      0x00000f69   Thumb Code   718  _printf_fp_hex.o(.text)
    _printf_cs_common                        0x00001241   Thumb Code    22  _printf_char.o(.text)
    _printf_char                             0x00001257   Thumb Code    16  _printf_char.o(.text)
    _printf_string                           0x00001267   Thumb Code     8  _printf_char.o(.text)
    _printf_lcs_common                       0x0000126f   Thumb Code    22  _printf_wchar.o(.text)
    _printf_wchar                            0x00001285   Thumb Code    16  _printf_wchar.o(.text)
    _printf_wstring                          0x00001295   Thumb Code     8  _printf_wchar.o(.text)
    _c16rtomb                                0x0000129d   Thumb Code    66  _c16rtomb.o(.text)
    _wcrtomb                                 0x0000129d   Thumb Code     0  _c16rtomb.o(.text)
    __rt_udiv10                              0x000012df   Thumb Code    40  rtudiv10.o(.text)
    __user_setup_stackheap                   0x00001307   Thumb Code    62  sys_stackheap_outer.o(.text)
    __rt_ctype_table                         0x00001345   Thumb Code    16  rt_ctype_table.o(.text)
    __rt_locale                              0x00001355   Thumb Code     8  rt_locale_intlibspace.o(.text)
    _printf_fp_infnan                        0x0000135d   Thumb Code   120  _printf_fp_infnan.o(.text)
    _btod_etento                             0x000013e5   Thumb Code   210  bigflt0.o(.text)
    _btod_d2e                                0x000014bd   Thumb Code    64  btod.o(.text)
    _btod_emul                               0x000018f1   Thumb Code    28  btod.o(.text)
    _btod_emuld                              0x0000190d   Thumb Code   144  btod.o(.text)
    _btod_ediv                               0x0000199d   Thumb Code    26  btod.o(.text)
    _btod_edivd                              0x000019b7   Thumb Code   124  btod.o(.text)
    exit                                     0x00001a3d   Thumb Code    16  exit.o(.text)
    __user_libspace                          0x00001a4d   Thumb Code     8  libspace.o(.text)
    __user_perproc_libspace                  0x00001a4d   Thumb Code     0  libspace.o(.text)
    __user_perthread_libspace                0x00001a4d   Thumb Code     0  libspace.o(.text)
    strcmp                                   0x00001a55   Thumb Code   176  strcmpv6m.o(.text)
    _sys_exit                                0x00001b05   Thumb Code     8  sys_exit.o(.text)
    __I$use$semihosting                      0x00001b11   Thumb Code     0  use_no_semi.o(.text)
    __use_no_semihosting_swi                 0x00001b11   Thumb Code     2  use_no_semi.o(.text)
    DL_Common_delayCycles                    0x00001b13   Thumb Code    10  dl_common.o(.text.DL_Common_delayCycles)
    __semihosting_library_function           0x00001b13   Thumb Code     0  indicate_semi.o(.text)
    DL_I2C_fillControllerTXFIFO              0x00001b1d   Thumb Code    44  dl_i2c.o(.text.DL_I2C_fillControllerTXFIFO)
    DL_I2C_setClockConfig                    0x00001b49   Thumb Code    38  dl_i2c.o(.text.DL_I2C_setClockConfig)
    DL_SYSCTL_configSYSPLL                   0x00001b71   Thumb Code   196  dl_sysctl_mspm0g1x0x_g3x0x.o(.text.DL_SYSCTL_configSYSPLL)
    DL_SYSCTL_setHFCLKSourceHFXTParams       0x00001c35   Thumb Code    80  dl_sysctl_mspm0g1x0x_g3x0x.o(.text.DL_SYSCTL_setHFCLKSourceHFXTParams)
    DL_SYSCTL_switchMCLKfromSYSOSCtoHSCLK    0x00001c85   Thumb Code    40  dl_sysctl_mspm0g1x0x_g3x0x.o(.text.DL_SYSCTL_switchMCLKfromSYSOSCtoHSCLK)
    DL_Timer_initTimerMode                   0x00001cad   Thumb Code   240  dl_timer.o(.text.DL_Timer_initTimerMode)
    DL_Timer_setClockConfig                  0x00001d9d   Thumb Code    28  dl_timer.o(.text.DL_Timer_setClockConfig)
    OLED_DisPlay_On                          0x00001db9   Thumb Code   228  hw_oled.o(.text.OLED_DisPlay_On)
    OLED_Init                                0x00001ead   Thumb Code  3944  hw_oled.o(.text.OLED_Init)
    OLED_Printf                              0x00002e15   Thumb Code   106  hw_oled.o(.text.OLED_Printf)
    OLED_Refresh                             0x00002e81   Thumb Code   456  hw_oled.o(.text.OLED_Refresh)
    OLED_ShowChar                            0x00003061   Thumb Code   596  hw_oled.o(.text.OLED_ShowChar)
    SYSCFG_DL_GPIO_init                      0x000032c9   Thumb Code    44  ti_msp_dl_config.o(.text.SYSCFG_DL_GPIO_init)
    SYSCFG_DL_I2C_OLED_init                  0x00003305   Thumb Code    72  ti_msp_dl_config.o(.text.SYSCFG_DL_I2C_OLED_init)
    SYSCFG_DL_SYSCTL_init                    0x00003359   Thumb Code    88  ti_msp_dl_config.o(.text.SYSCFG_DL_SYSCTL_init)
    SYSCFG_DL_SYSTICK_init                   0x000033bd   Thumb Code    36  ti_msp_dl_config.o(.text.SYSCFG_DL_SYSTICK_init)
    SYSCFG_DL_TIMER_TICK_init                0x000033ed   Thumb Code    48  ti_msp_dl_config.o(.text.SYSCFG_DL_TIMER_TICK_init)
    SYSCFG_DL_init                           0x00003435   Thumb Code    36  ti_msp_dl_config.o(.text.SYSCFG_DL_init)
    SYSCFG_DL_initPower                      0x0000345d   Thumb Code    40  ti_msp_dl_config.o(.text.SYSCFG_DL_initPower)
    SysTick_Handler                          0x0000349d   Thumb Code     2  system.o(.text.SysTick_Handler)
    TIMA0_IRQHandler                         0x000034a1   Thumb Code    56  system.o(.text.TIMA0_IRQHandler)
    button_ticks                             0x000034ed   Thumb Code   548  multi_button.o(.text.button_ticks)
    main                                     0x00003715   Thumb Code    22  empty.o(.text.main)
    menu_task                                0x0000372d   Thumb Code    76  app_oled.o(.text.menu_task)
    timer_init                               0x0000379d   Thumb Code    16  system.o(.text.timer_init)
    __ARM_common_ll_muluu                    0x000037b5   Thumb Code    48  btod.o(i.__ARM_common_ll_muluu)
    __ARM_fpclassify                         0x000037e5   Thumb Code    40  fpclassify.o(i.__ARM_fpclassify)
    _is_digit                                0x00003811   Thumb Code    14  __printf_wp.o(i._is_digit)
    _get_lc_numeric                          0x00003821   Thumb Code    44  lc_numeric_c.o(locale$$code)
    _get_lc_ctype                            0x0000384d   Thumb Code    44  lc_ctype_c.o(locale$$code)
    _printf_fp_dec                           0x00003879   Thumb Code    16  printf1.o(x$fpl$printf1)
    _printf_fp_hex                           0x00003889   Thumb Code    16  printf2.o(x$fpl$printf2)
    __I$use$fp                               0x00003898   Number         0  usenofp.o(x$fpl$usenofp)
    asc2_0806                                0x00003994   Data         552  hw_oled.o(.rodata.asc2_0806)
    asc2_1206                                0x00003bbc   Data        1140  hw_oled.o(.rodata.asc2_1206)
    asc2_1608                                0x00004030   Data        1520  hw_oled.o(.rodata.asc2_1608)
    asc2_2412                                0x00004620   Data        3420  hw_oled.o(.rodata.asc2_2412)
    Region$$Table$$Base                      0x000053c0   Number         0  anon$$obj.o(Region$$Table)
    Region$$Table$$Limit                     0x000053d0   Number         0  anon$$obj.o(Region$$Table)
    __ctype                                  0x000053f9   Data           0  lc_ctype_c.o(locale$$data)
    __libspace_start                         0x20200000   Data          96  libspace.o(.bss)
    Car_mode                                 0x20200060   Data           1  app_oled.o(.bss.Car_mode)
    __temporary_stack_top$libspace           0x20200060   Data           0  libspace.o(.bss)
    KeyNum                                   0x20200061   Data           1  multi_button_user.o(.bss.KeyNum)
    OLED_GRAM                                0x20200062   Data        1152  hw_oled.o(.bss.OLED_GRAM)
    button_timer10ms                         0x202004e2   Data           1  system.o(.bss.button_timer10ms)
    gTIMER_TICKBackup                        0x202004e4   Data         188  ti_msp_dl_config.o(.bss.gTIMER_TICKBackup)
    gary_timer10ms                           0x202005a0   Data           1  system.o(.bss.gary_timer10ms)
    measure_timer50ms                        0x202005a8   Data           1  system.o(.bss.measure_timer50ms)
    menu_select                              0x202005a9   Data           1  app_oled.o(.bss.menu_select)
    pid_timer500ms                           0x202005aa   Data           2  system.o(.bss.pid_timer500ms)



==============================================================================

Memory Map of the image

  Image Entry point : 0x000000c1

  Load Region LR_IROM1 (Base: 0x00000000, Size: 0x000054fc, Max: 0x00020000, ABSOLUTE)

    Execution Region ER_IROM1 (Exec base: 0x00000000, Load base: 0x00000000, Size: 0x000054fc, Max: 0x00020000, ABSOLUTE)

    Exec Addr    Load Addr    Size         Type   Attr      Idx    E Section Name        Object

    0x00000000   0x00000000   0x000000c0   Data   RO           12    RESET               startup_mspm0g350x_uvision.o
    0x000000c0   0x000000c0   0x00000008   Code   RO          373  * !!!main             c_p.l(__main.o)
    0x000000c8   0x000000c8   0x00000054   Code   RO          706    !!!scatter          c_p.l(__scatter.o)
    0x0000011c   0x0000011c   0x00000004   PAD
    0x00000120   0x00000120   0x00000002   Code   RO          707    !!handler_null      c_p.l(__scatter.o)
    0x00000122   0x00000122   0x00000006   PAD
    0x00000128   0x00000128   0x0000001c   Code   RO          710    !!handler_zi        c_p.l(__scatter_zi.o)
    0x00000144   0x00000144   0x00000002   Code   RO          461    .ARM.Collect$$_printf_percent$$00000000  c_p.l(_printf_percent.o)
    0x00000146   0x00000146   0x0000000a   Code   RO          450    .ARM.Collect$$_printf_percent$$00000001  c_p.l(_printf_n.o)
    0x00000150   0x00000150   0x0000000a   Code   RO          452    .ARM.Collect$$_printf_percent$$00000002  c_p.l(_printf_p.o)
    0x0000015a   0x0000015a   0x0000000a   Code   RO          457    .ARM.Collect$$_printf_percent$$00000003  c_p.l(_printf_f.o)
    0x00000164   0x00000164   0x0000000a   Code   RO          458    .ARM.Collect$$_printf_percent$$00000004  c_p.l(_printf_e.o)
    0x0000016e   0x0000016e   0x0000000a   Code   RO          459    .ARM.Collect$$_printf_percent$$00000005  c_p.l(_printf_g.o)
    0x00000178   0x00000178   0x0000000a   Code   RO          460    .ARM.Collect$$_printf_percent$$00000006  c_p.l(_printf_a.o)
    0x00000182   0x00000182   0x0000000a   Code   RO          465    .ARM.Collect$$_printf_percent$$00000007  c_p.l(_printf_ll.o)
    0x0000018c   0x0000018c   0x0000000a   Code   RO          454    .ARM.Collect$$_printf_percent$$00000008  c_p.l(_printf_i.o)
    0x00000196   0x00000196   0x0000000a   Code   RO          455    .ARM.Collect$$_printf_percent$$00000009  c_p.l(_printf_d.o)
    0x000001a0   0x000001a0   0x0000000a   Code   RO          456    .ARM.Collect$$_printf_percent$$0000000A  c_p.l(_printf_u.o)
    0x000001aa   0x000001aa   0x0000000a   Code   RO          453    .ARM.Collect$$_printf_percent$$0000000B  c_p.l(_printf_o.o)
    0x000001b4   0x000001b4   0x0000000a   Code   RO          451    .ARM.Collect$$_printf_percent$$0000000C  c_p.l(_printf_x.o)
    0x000001be   0x000001be   0x0000000a   Code   RO          462    .ARM.Collect$$_printf_percent$$0000000D  c_p.l(_printf_lli.o)
    0x000001c8   0x000001c8   0x0000000a   Code   RO          463    .ARM.Collect$$_printf_percent$$0000000E  c_p.l(_printf_lld.o)
    0x000001d2   0x000001d2   0x0000000a   Code   RO          464    .ARM.Collect$$_printf_percent$$0000000F  c_p.l(_printf_llu.o)
    0x000001dc   0x000001dc   0x0000000a   Code   RO          469    .ARM.Collect$$_printf_percent$$00000010  c_p.l(_printf_llo.o)
    0x000001e6   0x000001e6   0x0000000a   Code   RO          470    .ARM.Collect$$_printf_percent$$00000011  c_p.l(_printf_llx.o)
    0x000001f0   0x000001f0   0x0000000a   Code   RO          466    .ARM.Collect$$_printf_percent$$00000012  c_p.l(_printf_l.o)
    0x000001fa   0x000001fa   0x0000000a   Code   RO          448    .ARM.Collect$$_printf_percent$$00000013  c_p.l(_printf_c.o)
    0x00000204   0x00000204   0x0000000a   Code   RO          449    .ARM.Collect$$_printf_percent$$00000014  c_p.l(_printf_s.o)
    0x0000020e   0x0000020e   0x0000000a   Code   RO          467    .ARM.Collect$$_printf_percent$$00000015  c_p.l(_printf_lc.o)
    0x00000218   0x00000218   0x0000000a   Code   RO          468    .ARM.Collect$$_printf_percent$$00000016  c_p.l(_printf_ls.o)
    0x00000222   0x00000222   0x00000004   Code   RO          513    .ARM.Collect$$_printf_percent$$00000017  c_p.l(_printf_percent_end.o)
    0x00000226   0x00000226   0x00000002   Code   RO          553    .ARM.Collect$$libinit$$00000000  c_p.l(libinit.o)
    0x00000228   0x00000228   0x00000000   Code   RO          579    .ARM.Collect$$libinit$$00000002  c_p.l(libinit2.o)
    0x00000228   0x00000228   0x00000000   Code   RO          581    .ARM.Collect$$libinit$$00000004  c_p.l(libinit2.o)
    0x00000228   0x00000228   0x00000000   Code   RO          583    .ARM.Collect$$libinit$$00000006  c_p.l(libinit2.o)
    0x00000228   0x00000228   0x00000000   Code   RO          586    .ARM.Collect$$libinit$$0000000C  c_p.l(libinit2.o)
    0x00000228   0x00000228   0x00000000   Code   RO          588    .ARM.Collect$$libinit$$0000000E  c_p.l(libinit2.o)
    0x00000228   0x00000228   0x00000000   Code   RO          590    .ARM.Collect$$libinit$$00000010  c_p.l(libinit2.o)
    0x00000228   0x00000228   0x00000006   Code   RO          591    .ARM.Collect$$libinit$$00000011  c_p.l(libinit2.o)
    0x0000022e   0x0000022e   0x00000000   Code   RO          593    .ARM.Collect$$libinit$$00000013  c_p.l(libinit2.o)
    0x0000022e   0x0000022e   0x0000000c   Code   RO          594    .ARM.Collect$$libinit$$00000014  c_p.l(libinit2.o)
    0x0000023a   0x0000023a   0x00000000   Code   RO          595    .ARM.Collect$$libinit$$00000015  c_p.l(libinit2.o)
    0x0000023a   0x0000023a   0x00000000   Code   RO          597    .ARM.Collect$$libinit$$00000017  c_p.l(libinit2.o)
    0x0000023a   0x0000023a   0x0000000a   Code   RO          598    .ARM.Collect$$libinit$$00000018  c_p.l(libinit2.o)
    0x00000244   0x00000244   0x00000000   Code   RO          599    .ARM.Collect$$libinit$$00000019  c_p.l(libinit2.o)
    0x00000244   0x00000244   0x00000000   Code   RO          601    .ARM.Collect$$libinit$$0000001B  c_p.l(libinit2.o)
    0x00000244   0x00000244   0x00000000   Code   RO          603    .ARM.Collect$$libinit$$0000001D  c_p.l(libinit2.o)
    0x00000244   0x00000244   0x00000000   Code   RO          605    .ARM.Collect$$libinit$$0000001F  c_p.l(libinit2.o)
    0x00000244   0x00000244   0x00000000   Code   RO          607    .ARM.Collect$$libinit$$00000021  c_p.l(libinit2.o)
    0x00000244   0x00000244   0x00000000   Code   RO          609    .ARM.Collect$$libinit$$00000023  c_p.l(libinit2.o)
    0x00000244   0x00000244   0x00000000   Code   RO          611    .ARM.Collect$$libinit$$00000025  c_p.l(libinit2.o)
    0x00000244   0x00000244   0x00000000   Code   RO          613    .ARM.Collect$$libinit$$00000027  c_p.l(libinit2.o)
    0x00000244   0x00000244   0x00000000   Code   RO          617    .ARM.Collect$$libinit$$0000002E  c_p.l(libinit2.o)
    0x00000244   0x00000244   0x00000000   Code   RO          619    .ARM.Collect$$libinit$$00000030  c_p.l(libinit2.o)
    0x00000244   0x00000244   0x00000000   Code   RO          621    .ARM.Collect$$libinit$$00000032  c_p.l(libinit2.o)
    0x00000244   0x00000244   0x00000000   Code   RO          623    .ARM.Collect$$libinit$$00000034  c_p.l(libinit2.o)
    0x00000244   0x00000244   0x00000002   Code   RO          624    .ARM.Collect$$libinit$$00000035  c_p.l(libinit2.o)
    0x00000246   0x00000246   0x00000002   Code   RO          661    .ARM.Collect$$libshutdown$$00000000  c_p.l(libshutdown.o)
    0x00000248   0x00000248   0x00000000   Code   RO          689    .ARM.Collect$$libshutdown$$00000002  c_p.l(libshutdown2.o)
    0x00000248   0x00000248   0x00000000   Code   RO          691    .ARM.Collect$$libshutdown$$00000004  c_p.l(libshutdown2.o)
    0x00000248   0x00000248   0x00000000   Code   RO          694    .ARM.Collect$$libshutdown$$00000007  c_p.l(libshutdown2.o)
    0x00000248   0x00000248   0x00000000   Code   RO          697    .ARM.Collect$$libshutdown$$0000000A  c_p.l(libshutdown2.o)
    0x00000248   0x00000248   0x00000000   Code   RO          699    .ARM.Collect$$libshutdown$$0000000C  c_p.l(libshutdown2.o)
    0x00000248   0x00000248   0x00000000   Code   RO          702    .ARM.Collect$$libshutdown$$0000000F  c_p.l(libshutdown2.o)
    0x00000248   0x00000248   0x00000002   Code   RO          703    .ARM.Collect$$libshutdown$$00000010  c_p.l(libshutdown2.o)
    0x0000024a   0x0000024a   0x00000000   Code   RO          375    .ARM.Collect$$rtentry$$00000000  c_p.l(__rtentry.o)
    0x0000024a   0x0000024a   0x00000000   Code   RO          480    .ARM.Collect$$rtentry$$00000002  c_p.l(__rtentry2.o)
    0x0000024a   0x0000024a   0x00000006   Code   RO          492    .ARM.Collect$$rtentry$$00000004  c_p.l(__rtentry4.o)
    0x00000250   0x00000250   0x00000000   Code   RO          482    .ARM.Collect$$rtentry$$00000009  c_p.l(__rtentry2.o)
    0x00000250   0x00000250   0x00000004   Code   RO          483    .ARM.Collect$$rtentry$$0000000A  c_p.l(__rtentry2.o)
    0x00000254   0x00000254   0x00000000   Code   RO          485    .ARM.Collect$$rtentry$$0000000C  c_p.l(__rtentry2.o)
    0x00000254   0x00000254   0x00000008   Code   RO          486    .ARM.Collect$$rtentry$$0000000D  c_p.l(__rtentry2.o)
    0x0000025c   0x0000025c   0x00000002   Code   RO          563    .ARM.Collect$$rtexit$$00000000  c_p.l(rtexit.o)
    0x0000025e   0x0000025e   0x00000000   Code   RO          630    .ARM.Collect$$rtexit$$00000002  c_p.l(rtexit2.o)
    0x0000025e   0x0000025e   0x00000004   Code   RO          631    .ARM.Collect$$rtexit$$00000003  c_p.l(rtexit2.o)
    0x00000262   0x00000262   0x00000006   Code   RO          632    .ARM.Collect$$rtexit$$00000004  c_p.l(rtexit2.o)
    0x00000268   0x00000268   0x00000030   Code   RO           13    .text               startup_mspm0g350x_uvision.o
    0x00000298   0x00000298   0x0000003c   Code   RO          359    .text               c_p.l(vsnprintf.o)
    0x000002d4   0x000002d4   0x000001f8   Code   RO          363    .text               c_p.l(aeabi_sdivfast.o)
    0x000004cc   0x000004cc   0x00000006   Code   RO          371    .text               c_p.l(heapauxi.o)
    0x000004d2   0x000004d2   0x0000004e   Code   RO          382    .text               c_p.l(_printf_pad.o)
    0x00000520   0x00000520   0x00000024   Code   RO          384    .text               c_p.l(_printf_truncate.o)
    0x00000544   0x00000544   0x00000052   Code   RO          386    .text               c_p.l(_printf_str.o)
    0x00000596   0x00000596   0x00000002   PAD
    0x00000598   0x00000598   0x0000006c   Code   RO          388    .text               c_p.l(_printf_dec.o)
    0x00000604   0x00000604   0x00000026   Code   RO          390    .text               c_p.l(_printf_charcount.o)
    0x0000062a   0x0000062a   0x00000002   PAD
    0x0000062c   0x0000062c   0x00000030   Code   RO          392    .text               c_p.l(_printf_char_common.o)
    0x0000065c   0x0000065c   0x00000010   Code   RO          394    .text               c_p.l(_snputc.o)
    0x0000066c   0x0000066c   0x000000bc   Code   RO          396    .text               c_p.l(_printf_wctomb.o)
    0x00000728   0x00000728   0x00000070   Code   RO          399    .text               c_p.l(_printf_longlong_dec.o)
    0x00000798   0x00000798   0x00000070   Code   RO          405    .text               c_p.l(_printf_oct_int_ll.o)
    0x00000808   0x00000808   0x00000098   Code   RO          425    .text               c_p.l(_printf_hex_int_ll_ptr.o)
    0x000008a0   0x000008a0   0x00000188   Code   RO          445    .text               c_p.l(__printf_flags_ss_wp.o)
    0x00000a28   0x00000a28   0x0000007a   Code   RO          496    .text               c_p.l(lludiv10.o)
    0x00000aa2   0x00000aa2   0x000000b0   Code   RO          498    .text               c_p.l(_printf_intcommon.o)
    0x00000b52   0x00000b52   0x00000002   PAD
    0x00000b54   0x00000b54   0x00000414   Code   RO          500    .text               c_p.l(_printf_fp_dec.o)
    0x00000f68   0x00000f68   0x000002d8   Code   RO          504    .text               c_p.l(_printf_fp_hex.o)
    0x00001240   0x00001240   0x0000002e   Code   RO          509    .text               c_p.l(_printf_char.o)
    0x0000126e   0x0000126e   0x0000002e   Code   RO          511    .text               c_p.l(_printf_wchar.o)
    0x0000129c   0x0000129c   0x00000042   Code   RO          514    .text               c_p.l(_c16rtomb.o)
    0x000012de   0x000012de   0x00000028   Code   RO          516    .text               c_p.l(rtudiv10.o)
    0x00001306   0x00001306   0x0000003e   Code   RO          518    .text               c_p.l(sys_stackheap_outer.o)
    0x00001344   0x00001344   0x00000010   Code   RO          521    .text               c_p.l(rt_ctype_table.o)
    0x00001354   0x00001354   0x00000008   Code   RO          526    .text               c_p.l(rt_locale_intlibspace.o)
    0x0000135c   0x0000135c   0x00000088   Code   RO          528    .text               c_p.l(_printf_fp_infnan.o)
    0x000013e4   0x000013e4   0x000000d8   Code   RO          530    .text               c_p.l(bigflt0.o)
    0x000014bc   0x000014bc   0x00000580   Code   RO          533    .text               c_p.l(btod.o)
    0x00001a3c   0x00001a3c   0x00000010   Code   RO          542    .text               c_p.l(exit.o)
    0x00001a4c   0x00001a4c   0x00000008   Code   RO          559    .text               c_p.l(libspace.o)
    0x00001a54   0x00001a54   0x000000b0   Code   RO          576    .text               c_p.l(strcmpv6m.o)
    0x00001b04   0x00001b04   0x0000000c   Code   RO          625    .text               c_p.l(sys_exit.o)
    0x00001b10   0x00001b10   0x00000002   Code   RO          650    .text               c_p.l(use_no_semi.o)
    0x00001b12   0x00001b12   0x00000000   Code   RO          652    .text               c_p.l(indicate_semi.o)
    0x00001b12   0x00001b12   0x0000000a   Code   RO          184    .text.DL_Common_delayCycles  driverlib.a(dl_common.o)
    0x00001b1c   0x00001b1c   0x0000002c   Code   RO          197    .text.DL_I2C_fillControllerTXFIFO  driverlib.a(dl_i2c.o)
    0x00001b48   0x00001b48   0x00000026   Code   RO          193    .text.DL_I2C_setClockConfig  driverlib.a(dl_i2c.o)
    0x00001b6e   0x00001b6e   0x00000002   PAD
    0x00001b70   0x00001b70   0x000000c4   Code   RO          326    .text.DL_SYSCTL_configSYSPLL  driverlib.a(dl_sysctl_mspm0g1x0x_g3x0x.o)
    0x00001c34   0x00001c34   0x00000050   Code   RO          340    .text.DL_SYSCTL_setHFCLKSourceHFXTParams  driverlib.a(dl_sysctl_mspm0g1x0x_g3x0x.o)
    0x00001c84   0x00001c84   0x00000028   Code   RO          334    .text.DL_SYSCTL_switchMCLKfromSYSOSCtoHSCLK  driverlib.a(dl_sysctl_mspm0g1x0x_g3x0x.o)
    0x00001cac   0x00001cac   0x000000f0   Code   RO          229    .text.DL_Timer_initTimerMode  driverlib.a(dl_timer.o)
    0x00001d9c   0x00001d9c   0x0000001c   Code   RO          225    .text.DL_Timer_setClockConfig  driverlib.a(dl_timer.o)
    0x00001db8   0x00001db8   0x000000f4   Code   RO           59    .text.OLED_DisPlay_On  hw_oled.o
    0x00001eac   0x00001eac   0x00000f68   Code   RO           87    .text.OLED_Init     hw_oled.o
    0x00002e14   0x00002e14   0x0000006a   Code   RO           89    .text.OLED_Printf   hw_oled.o
    0x00002e7e   0x00002e7e   0x00000002   PAD
    0x00002e80   0x00002e80   0x000001e0   Code   RO           63    .text.OLED_Refresh  hw_oled.o
    0x00003060   0x00003060   0x00000268   Code   RO           73    .text.OLED_ShowChar  hw_oled.o
    0x000032c8   0x000032c8   0x0000003c   Code   RO           24    .text.SYSCFG_DL_GPIO_init  ti_msp_dl_config.o
    0x00003304   0x00003304   0x00000054   Code   RO           30    .text.SYSCFG_DL_I2C_OLED_init  ti_msp_dl_config.o
    0x00003358   0x00003358   0x00000064   Code   RO           26    .text.SYSCFG_DL_SYSCTL_init  ti_msp_dl_config.o
    0x000033bc   0x000033bc   0x00000030   Code   RO           32    .text.SYSCFG_DL_SYSTICK_init  ti_msp_dl_config.o
    0x000033ec   0x000033ec   0x00000048   Code   RO           28    .text.SYSCFG_DL_TIMER_TICK_init  ti_msp_dl_config.o
    0x00003434   0x00003434   0x00000028   Code   RO           20    .text.SYSCFG_DL_init  ti_msp_dl_config.o
    0x0000345c   0x0000345c   0x00000040   Code   RO           22    .text.SYSCFG_DL_initPower  ti_msp_dl_config.o
    0x0000349c   0x0000349c   0x00000002   Code   RO          161    .text.SysTick_Handler  system.o
    0x0000349e   0x0000349e   0x00000002   PAD
    0x000034a0   0x000034a0   0x0000004c   Code   RO          165    .text.TIMA0_IRQHandler  system.o
    0x000034ec   0x000034ec   0x00000228   Code   RO          128    .text.button_ticks  multi_button.o
    0x00003714   0x00003714   0x00000016   Code   RO            2    .text.main          empty.o
    0x0000372a   0x0000372a   0x00000002   PAD
    0x0000372c   0x0000372c   0x00000070   Code   RO          108    .text.menu_task     app_oled.o
    0x0000379c   0x0000379c   0x00000018   Code   RO          163    .text.timer_init    system.o
    0x000037b4   0x000037b4   0x00000030   Code   RO          535    i.__ARM_common_ll_muluu  c_p.l(btod.o)
    0x000037e4   0x000037e4   0x0000002c   Code   RO          557    i.__ARM_fpclassify  m_ps.l(fpclassify.o)
    0x00003810   0x00003810   0x0000000e   Code   RO          438    i._is_digit         c_p.l(__printf_wp.o)
    0x0000381e   0x0000381e   0x00000002   PAD
    0x00003820   0x00003820   0x0000002c   Code   RO          540    locale$$code        c_p.l(lc_numeric_c.o)
    0x0000384c   0x0000384c   0x0000002c   Code   RO          570    locale$$code        c_p.l(lc_ctype_c.o)
    0x00003878   0x00003878   0x00000010   Code   RO          471    x$fpl$printf1       fz_ps.l(printf1.o)
    0x00003888   0x00003888   0x00000010   Code   RO          473    x$fpl$printf2       fz_ps.l(printf2.o)
    0x00003898   0x00003898   0x00000000   Code   RO          556    x$fpl$usenofp       fz_ps.l(usenofp.o)
    0x00003898   0x00003898   0x00000008   Data   RO          397    .constdata          c_p.l(_printf_wctomb.o)
    0x000038a0   0x000038a0   0x00000028   Data   RO          426    .constdata          c_p.l(_printf_hex_int_ll_ptr.o)
    0x000038c8   0x000038c8   0x00000011   Data   RO          446    .constdata          c_p.l(__printf_flags_ss_wp.o)
    0x000038d9   0x000038d9   0x00000026   Data   RO          505    .constdata          c_p.l(_printf_fp_hex.o)
    0x000038ff   0x000038ff   0x00000001   PAD
    0x00003900   0x00003900   0x00000094   Data   RO          531    .constdata          c_p.l(bigflt0.o)
    0x00003994   0x00003994   0x00000228   Data   RO           91    .rodata.asc2_0806   hw_oled.o
    0x00003bbc   0x00003bbc   0x00000474   Data   RO           92    .rodata.asc2_1206   hw_oled.o
    0x00004030   0x00004030   0x000005f0   Data   RO           93    .rodata.asc2_1608   hw_oled.o
    0x00004620   0x00004620   0x00000d5c   Data   RO           94    .rodata.asc2_2412   hw_oled.o
    0x0000537c   0x0000537c   0x00000002   Data   RO           42    .rodata.gI2C_OLEDClockConfig  ti_msp_dl_config.o
    0x0000537e   0x0000537e   0x00000002   PAD
    0x00005380   0x00005380   0x00000028   Data   RO           39    .rodata.gSYSPLLConfig  ti_msp_dl_config.o
    0x000053a8   0x000053a8   0x00000003   Data   RO           40    .rodata.gTIMER_TICKClockConfig  ti_msp_dl_config.o
    0x000053ab   0x000053ab   0x00000001   PAD
    0x000053ac   0x000053ac   0x00000014   Data   RO           41    .rodata.gTIMER_TICKTimerConfig  ti_msp_dl_config.o
    0x000053c0   0x000053c0   0x00000010   Data   RO          705    Region$$Table       anon$$obj.o
    0x000053d0   0x000053d0   0x0000001c   Data   RO          539    locale$$data        c_p.l(lc_numeric_c.o)
    0x000053ec   0x000053ec   0x00000110   Data   RO          569    locale$$data        c_p.l(lc_ctype_c.o)


    Execution Region RW_IRAM2 (Exec base: 0x20200000, Load base: 0x000054fc, Size: 0x00000db0, Max: 0x00008000, ABSOLUTE)

    Exec Addr    Load Addr    Size         Type   Attr      Idx    E Section Name        Object

    0x20200000        -       0x00000060   Zero   RW          560    .bss                c_p.l(libspace.o)
    0x20200060        -       0x00000001   Zero   RW          111    .bss.Car_mode       app_oled.o
    0x20200061        -       0x00000001   Zero   RW          147    .bss.KeyNum         multi_button_user.o
    0x20200062        -       0x00000480   Zero   RW           99    .bss.OLED_GRAM      hw_oled.o
    0x202004e2        -       0x00000001   Zero   RW          171    .bss.button_timer10ms  system.o
    0x202004e3   0x000054fc   0x00000001   PAD
    0x202004e4        -       0x000000bc   Zero   RW           38    .bss.gTIMER_TICKBackup  ti_msp_dl_config.o
    0x202005a0        -       0x00000001   Zero   RW          172    .bss.gary_timer10ms  system.o
    0x202005a1   0x000054fc   0x00000003   PAD
    0x202005a4        -       0x00000004   Zero   RW          130    .bss.head_handle    multi_button.o
    0x202005a8        -       0x00000001   Zero   RW          170    .bss.measure_timer50ms  system.o
    0x202005a9        -       0x00000001   Zero   RW          110    .bss.menu_select    app_oled.o
    0x202005aa        -       0x00000002   Zero   RW          173    .bss.pid_timer500ms  system.o
    0x202005ac   0x000054fc   0x00000004   PAD
    0x202005b0        -       0x00000400   Zero   RW           11    HEAP                startup_mspm0g350x_uvision.o
    0x202009b0        -       0x00000400   Zero   RW           10    STACK               startup_mspm0g350x_uvision.o



  Load Region LR_BCR (Base: 0x41c00000, Size: 0x00000000, Max: 0x00000100, ABSOLUTE)

    Execution Region BCR_CONFIG (Exec base: 0x41c00000, Load base: 0x41c00000, Size: 0x00000000, Max: 0x000000ff, ABSOLUTE)

    **** No section assigned to this execution region ****



  Load Region LR_BSL (Base: 0x41c00100, Size: 0x00000000, Max: 0x00000100, ABSOLUTE)

    Execution Region BSL_CONFIG (Exec base: 0x41c00100, Load base: 0x41c00100, Size: 0x00000000, Max: 0x00000080, ABSOLUTE)

    **** No section assigned to this execution region ****


==============================================================================

Image component sizes


      Code (inc. data)   RO Data    RW Data    ZI Data      Debug   Object Name

       112         36          0          0          2        716   app_oled.o
        22          0          0          0          0        368   empty.o
      5390        416       6632          0       1152      47829   hw_oled.o
       552         10          0          0          4       4022   multi_button.o
         0          0          0          0          1       4341   multi_button_user.o
        48         22        192          0       2048        672   startup_mspm0g350x_uvision.o
       102         28          0          0          5       6034   system.o
       468        104         65          0        188      22654   ti_msp_dl_config.o

    ----------------------------------------------------------------------
      6700        616       6908          0       3408      86636   Object Totals
         0          0         16          0          0          0   (incl. Generated)
         6          0          3          0          8          0   (incl. Padding)

    ----------------------------------------------------------------------

      Code (inc. data)   RO Data    RW Data    ZI Data      Debug   Library Member Name

         8          0          0          0          0         68   __main.o
       392          6         17          0          0         76   __printf_flags_ss_wp.o
        14          0          0          0          0         60   __printf_wp.o
         0          0          0          0          0          0   __rtentry.o
        12          0          0          0          0          0   __rtentry2.o
         6          0          0          0          0          0   __rtentry4.o
        86         10          0          0          0          0   __scatter.o
        28          0          0          0          0          0   __scatter_zi.o
        66          0          0          0          0         76   _c16rtomb.o
        10          0          0          0          0          0   _printf_a.o
        10          0          0          0          0          0   _printf_c.o
        46          0          0          0          0        100   _printf_char.o
        48          6          0          0          0         88   _printf_char_common.o
        38          0          0          0          0         60   _printf_charcount.o
        10          0          0          0          0          0   _printf_d.o
       108         18          0          0          0         76   _printf_dec.o
        10          0          0          0          0          0   _printf_e.o
        10          0          0          0          0          0   _printf_f.o
      1044         12          0          0          0        116   _printf_fp_dec.o
       728         10         38          0          0         84   _printf_fp_hex.o
       136         16          0          0          0         76   _printf_fp_infnan.o
        10          0          0          0          0          0   _printf_g.o
       152          4         40          0          0        148   _printf_hex_int_ll_ptr.o
        10          0          0          0          0          0   _printf_i.o
       176          0          0          0          0         84   _printf_intcommon.o
        10          0          0          0          0          0   _printf_l.o
        10          0          0          0          0          0   _printf_lc.o
        10          0          0          0          0          0   _printf_ll.o
        10          0          0          0          0          0   _printf_lld.o
        10          0          0          0          0          0   _printf_lli.o
        10          0          0          0          0          0   _printf_llo.o
        10          0          0          0          0          0   _printf_llu.o
        10          0          0          0          0          0   _printf_llx.o
       112         18          0          0          0         76   _printf_longlong_dec.o
        10          0          0          0          0          0   _printf_ls.o
        10          0          0          0          0          0   _printf_n.o
        10          0          0          0          0          0   _printf_o.o
       112         10          0          0          0        112   _printf_oct_int_ll.o
        10          0          0          0          0          0   _printf_p.o
        78          0          0          0          0        100   _printf_pad.o
         2          0          0          0          0          0   _printf_percent.o
         4          0          0          0          0          0   _printf_percent_end.o
        10          0          0          0          0          0   _printf_s.o
        82          0          0          0          0         72   _printf_str.o
        36          0          0          0          0         76   _printf_truncate.o
        10          0          0          0          0          0   _printf_u.o
        46          0          0          0          0        100   _printf_wchar.o
       188          6          8          0          0         80   _printf_wctomb.o
        10          0          0          0          0          0   _printf_x.o
        16          0          0          0          0         60   _snputc.o
       504          4          0          0          0         92   aeabi_sdivfast.o
       216          6        148          0          0         80   bigflt0.o
      1456         30          0          0          0        336   btod.o
        16          0          0          0          0         68   exit.o
         6          0          0          0          0        136   heapauxi.o
         0          0          0          0          0          0   indicate_semi.o
        44         10        272          0          0         76   lc_ctype_c.o
        44         10         28          0          0         76   lc_numeric_c.o
         2          0          0          0          0          0   libinit.o
        30          0          0          0          0          0   libinit2.o
         2          0          0          0          0          0   libshutdown.o
         2          0          0          0          0          0   libshutdown2.o
         8          4          0          0         96         68   libspace.o
       122          0          0          0          0         72   lludiv10.o
        16          4          0          0          0         76   rt_ctype_table.o
         8          4          0          0          0         68   rt_locale_intlibspace.o
         2          0          0          0          0          0   rtexit.o
        10          0          0          0          0          0   rtexit2.o
        40          0          0          0          0         60   rtudiv10.o
       176          4          0          0          0         80   strcmpv6m.o
        12          4          0          0          0         60   sys_exit.o
        62          0          0          0          0         80   sys_stackheap_outer.o
         2          0          0          0          0         68   use_no_semi.o
        60          4          0          0          0         72   vsnprintf.o
        10          0          0          0          0        802   dl_common.o
        82          0          0          0          0       8619   dl_i2c.o
       316         28          0          0          0      12876   dl_sysctl_mspm0g1x0x_g3x0x.o
       268        160          0          0          0      41556   dl_timer.o
        16          4          0          0          0         76   printf1.o
        16          4          0          0          0         76   printf2.o
         0          0          0          0          0          0   usenofp.o
        44          4          0          0          0         60   fpclassify.o

    ----------------------------------------------------------------------
      7596        404        552          0         96      67421   Library Totals
        20          4          1          0          0          0   (incl. Padding)

    ----------------------------------------------------------------------

      Code (inc. data)   RO Data    RW Data    ZI Data      Debug   Library Name

      6824        200        551          0         96       3356   c_p.l
       676        188          0          0          0      63853   driverlib.a
        32          8          0          0          0        152   fz_ps.l
        44          4          0          0          0         60   m_ps.l

    ----------------------------------------------------------------------
      7596        404        552          0         96      67421   Library Totals

    ----------------------------------------------------------------------

==============================================================================


      Code (inc. data)   RO Data    RW Data    ZI Data      Debug   

     14296       1020       7460          0       3504     152181   Grand Totals
     14296       1020       7460          0       3504     152181   ELF Image Totals
     14296       1020       7460          0          0          0   ROM Totals

==============================================================================

    Total RO  Size (Code + RO Data)                21756 (  21.25kB)
    Total RW  Size (RW Data + ZI Data)              3504 (   3.42kB)
    Total ROM Size (Code + RO Data + RW Data)      21756 (  21.25kB)

==============================================================================

